05-08 12:58:26.462   473   558 E InputDispatcher: channel 'b1cd601 com.telmate.odin/com.telmate.odin.ProfilesActivity (server)' ~ Channel is unrecoverably broken and will be disposed!
05-08 12:58:26.462   473   558 W InputDispatcher: channel 'd9968e1 com.telmate.odin/com.telmate.odin.ProfileInfoActivity (server)' ~ Consumer closed input channel or an error occurred.  events=0x9
05-08 12:58:26.462   473   558 E InputDispatcher: channel 'd9968e1 com.telmate.odin/com.telmate.odin.ProfileInfoActivity (server)' ~ Channel is unrecoverably broken and will be disposed!
05-08 12:58:26.466   275   275 I Zygote  : Process 1074 exited due to signal 9 (Killed)
05-08 12:58:26.466   473   623 I StatusBarManagerService: binder died for pkg=com.telmate.odin
05-08 12:58:26.467   604   604 D StatusBar: disable<e i a!s b!h!r!c s!> disable2<q i n >
05-08 12:58:26.474   604   604 D InterruptionStateProvider: heads up is enabled
05-08 12:58:26.479   473  1109 I WindowManager: WIN DEATH: Window{d9968e1 u0 com.telmate.odin/com.telmate.odin.ProfileInfoActivity}
05-08 12:58:26.479   473  1109 W InputDispatcher: Attempted to unregister already unregistered input channel 'd9968e1 com.telmate.odin/com.telmate.odin.ProfileInfoActivity (server)'
05-08 12:58:26.482   473   473 I RoleManagerService: Granting default permissions...
05-08 12:58:26.484   275   275 D Zygote  : Forked child process 1607
05-08 12:58:26.489   473   755 I WindowManager: WIN DEATH: Window{3569663 u0 com.telmate.odin/com.telmate.odin.ProfileInfoActivity}
05-08 12:58:26.489   473   755 W InputDispatcher: Attempted to unregister already unregistered input channel '3569663 com.telmate.odin/com.telmate.odin.ProfileInfoActivity (server)'
05-08 12:58:26.491   473   503 I libprocessgroup: Successfully killed process cgroup uid 1000 pid 1074 in 117ms
05-08 12:58:26.492  1607  1607 I Zygote  : seccomp disabled by setenforce 0
05-08 12:58:26.496   473   490 I WindowManager: WIN DEATH: Window{b1cd601 u0 com.telmate.odin/com.telmate.odin.ProfilesActivity}
05-08 12:58:26.496   473   493 W Looper  : Slow dispatch took 137ms android.ui h=android.os.Handler c=null m=1000
05-08 12:58:26.496   473   490 W InputDispatcher: Attempted to unregister already unregistered input channel 'b1cd601 com.telmate.odin/com.telmate.odin.ProfilesActivity (server)'
05-08 12:58:26.499   274   638 I netd    : trafficSwapActiveStatsMap() <7.46ms>
05-08 12:58:26.506   274   638 I netd    : tetherGetStats() <3.19ms>
05-08 12:58:26.554   473  1109 W ActivityManager: Slow operation: 107ms so far, now at startProcess: done updating battery stats
05-08 12:58:26.554   473  1109 W ActivityManager: Slow operation: 107ms so far, now at startProcess: building log message
05-08 12:58:26.554   473  1109 I ActivityManager: Start proc 1607:com.telmate.odin/1000 for activity {com.telmate.odin/com.telmate.odin.ProfileInfoActivity}
05-08 12:58:26.554   473  1109 W ActivityManager: Slow operation: 107ms so far, now at startProcess: starting to update pids map
05-08 12:58:26.554   473  1109 W ActivityManager: Slow operation: 107ms so far, now at startProcess: done updating pids map
05-08 12:58:26.556   473   473 I [GTL] ADM.SERVICE: @adm: CONNECTIVITY_ACTION
05-08 12:58:26.561   473   571 D ConnectivityService: NetworkAgentInfo [VPN () - 102] validation passed
05-08 12:58:26.564   473   473 I [GTL] ADM.SERVICE: @adm: network type: VPN
05-08 12:58:26.564   473   473 I [GTL] ADM.SERVICE: @adm: network state: CONNECTED
05-08 12:58:26.565   473   571 D ConnectivityService: Setting DNS servers for network 102 to [/100.100.0.5]
05-08 12:58:26.565   473   571 D DnsManager: setDnsConfigurationForNetwork(102, [100.100.0.5], [], 1800, 25, 8, 64, 0, 0, , [100.100.0.5])
05-08 12:58:26.565   274   638 I netd    : bandwidthSetGlobalAlert(2097152) <0.54ms>
05-08 12:58:26.566   473   473 V [GTL] OFFLINE.CACHE: @adm: @offline: cache timestamp:1683565106566->2023-05-08T16:58:26+0000
05-08 12:58:26.567   274   274 I netd    : DnsResolverService::setResolverConfiguration(102, [100.100.0.5], [], 1800, 25, 8, 64, 0, 0, [100.100.0.5], []) -> (0) (1ms)
05-08 12:58:26.567   274   274 I netd    : setResolverConfiguration() <1.45ms>
05-08 12:58:26.572   274  1629 W DnsTlsSocket: SSL_connect error 5, errno=111
05-08 12:58:26.604   473  1109 W ActivityManager: Slow operation: 51ms so far, now at attachApplicationLocked: after updateOomAdjLocked
05-08 12:58:26.606   604   604 D ImageWallpaper: wallpaper visibility changes to: true
05-08 12:58:26.616  1225  1627 W ExclusiveDefaultHolderMixin: Cannot get ApplicationInfo for default holder, config: config_defaultSms, package: com.android.messaging
05-08 12:58:26.623  1225  1627 I RoleControllerServiceImpl: Removing package that no longer qualifies for the role, package: com.telmate.odin, role: android.app.role.HOME
05-08 12:58:26.630   473   559 I InputReader: Reconfiguring input devices.  changes=0x00000010
05-08 12:58:26.633   473   473 W TelecomManager: Telecom Service not found.
05-08 12:58:26.636  1607  1607 D ApplicationLoaders: Returning zygote-cached class loader: /system/framework/android.hidl.base-V1.0-java.jar
05-08 12:58:26.636  1607  1607 D ApplicationLoaders: Returning zygote-cached class loader: /system/framework/android.hidl.manager-V1.0-java.jar
05-08 12:58:26.636  1607  1607 D ApplicationLoaders: Returning zygote-cached class loader: /system/framework/android.hidl.base-V1.0-java.jar
05-08 12:58:26.649   473   500 I ActivityTaskManager: Displayed com.android.settings/.FallbackHome: +246ms
05-08 12:58:26.734   473   493 V [GTL] ActivityManagerUserSwitchingDialog: onWindowShown called:starting user!
05-08 12:58:26.735   473   493 I ActivityManagerUserSwitchingDialog: starting user 10
05-08 12:58:26.735   473   493 I ActivityManager: Starting userid:10 fg:true
05-08 12:58:26.791   473   493 W UsageStatsService: Event reported without a package name, eventType:16
05-08 12:58:26.805   473   493 W UsageStatsService: Event reported without a package name, eventType:15
05-08 12:58:26.809   179   257 D vold    : fscrypt_prepare_user_storage for volume null, user 10, serial 10, flags 1
05-08 12:58:26.810   179   257 D vold    : Preparing: /data/system/users/10
05-08 12:58:26.810   179   257 D vold    : Preparing: /data/misc/profiles/cur/10
05-08 12:58:26.812   179   257 D vold    : Preparing: /data/system_de/10
05-08 12:58:26.812   179   257 D vold    : Preparing: /data/misc_de/10
05-08 12:58:26.813   179   257 D vold    : Preparing: /data/vendor_de/10
05-08 12:58:26.815   179   257 D vold    : Preparing: /data/user_de/10
05-08 12:58:26.816   179   257 I vold    : Found policy 9bd217f835a7c839 at /data/system_de/10 which matches expected value
05-08 12:58:26.817   179   257 I vold    : Found policy 9bd217f835a7c839 at /data/misc_de/10 which matches expected value
05-08 12:58:26.818   179   257 I vold    : Found policy 9bd217f835a7c839 at /data/vendor_de/10 which matches expected value
05-08 12:58:26.819   179   257 I vold    : Found policy 9bd217f835a7c839 at /data/user_de/10 which matches expected value
05-08 12:58:26.819   179   257 D vold    : /system/bin/vold_prepare_subdirs
05-08 12:58:26.819   179   257 D vold    :     prepare
05-08 12:58:26.819   179   257 D vold    :     
05-08 12:58:26.819   179   257 D vold    :     10
05-08 12:58:26.819   179   257 D vold    :     1
05-08 12:58:26.854  1632  1632 D vold_prepare_subdirs: Setting up mode 700 uid 0 gid 0 context u:object_r:vold_data_file:s0 on path: /data/misc_de/10/vold
05-08 12:58:26.855  1632  1632 D vold_prepare_subdirs: Setting up mode 700 uid 0 gid 0 context u:object_r:storaged_data_file:s0 on path: /data/misc_de/10/storaged
05-08 12:58:26.856  1632  1632 D vold_prepare_subdirs: Setting up mode 700 uid 0 gid 0 context u:object_r:rollback_data_file:s0 on path: /data/misc_de/10/rollback
05-08 12:58:26.857  1632  1632 D vold_prepare_subdirs: Setting up mode 700 uid 1000 gid 1000 context u:object_r:fingerprint_vendor_data_file:s0 on path: /data/vendor_de/10/fpdata
05-08 12:58:26.858  1632  1632 D vold_prepare_subdirs: Setting up mode 700 uid 1000 gid 1000 context u:object_r:face_vendor_data_file:s0 on path: /data/vendor_de/10/facedata
05-08 12:58:26.861   473   493 V UserDataPreparer: Found /data/user_de/10 with serial number 10
05-08 12:58:26.862   473   493 V UserDataPreparer: Found /data/system_de/10 with serial number 10
05-08 12:58:26.864   473   493 V PackageManager: reconcileAppsData for null u10 0x1 migrateAppData=false
05-08 12:58:26.870   604   604 D ImageWallpaper: wallpaper visibility changes to: false
05-08 12:58:26.870   473   500 I RoleUserState: Wrote roles.xml successfully
05-08 12:58:27.040   473   495 W ActivityManager: setHasOverlayUi called on unknown pid: 1074
05-08 12:58:27.639   280   280 D AudioHardwareTiny: do_out_standby,out = 0xe956b000,device = 0x2
05-08 12:58:27.640   280   280 D alsa_route: route_set_controls() set route 24
05-08 12:58:27.650   280   280 D AudioHardwareTiny: close device
05-08 12:58:27.866   473   493 V PackageManager: reconcileAppsData finished 232 packages
05-08 12:58:27.867   473   501 I SystemServiceManager: Calling onStartUser u10
05-08 12:58:27.867   473   501 D SystemServiceManager: onStartUser-10 com.android.server.pm.Installer took to complete: 0ms
05-08 12:58:27.867   473   501 D SystemServiceManager: onStartUser-10 com.android.server.os.DeviceIdentifiersPolicyService took to complete: 0ms
05-08 12:58:27.867   473   501 D SystemServiceManager: onStartUser-10 com.android.server.uri.UriGrantsManagerService$Lifecycle took to complete: 0ms
05-08 12:58:27.867   473   501 D SystemServiceManager: onStartUser-10 com.android.server.wm.ActivityTaskManagerService$Lifecycle took to complete: 0ms
05-08 12:58:27.867   473   501 D SystemServiceManager: onStartUser-10 com.android.server.am.ActivityManagerService$Lifecycle took to complete: 0ms
05-08 12:58:27.867   473   501 D SystemServiceManager: onStartUser-10 com.android.server.power.PowerManagerService took to complete: 0ms
05-08 12:58:27.867   473   501 D SystemServiceManager: onStartUser-10 com.android.server.power.ThermalManagerService took to complete: 0ms
05-08 12:58:27.867   473   501 D SystemServiceManager: onStartUser-10 com.android.server.RecoverySystemService took to complete: 0ms
05-08 12:58:27.867   473   501 D SystemServiceManager: onStartUser-10 com.android.server.lights.LightsService took to complete: 0ms
05-08 12:58:27.867   473   501 D SystemServiceManager: onStartUser-10 com.android.server.display.DisplayManagerService took to complete: 0ms
05-08 12:58:27.868   473   501 D SystemServiceManager: onStartUser-10 com.android.server.pm.UserManagerService$LifeCycle took to complete: 0ms
05-08 12:58:27.868   473   501 D SystemServiceManager: onStartUser-10 com.android.server.om.OverlayManagerService took to complete: 0ms
05-08 12:58:27.868   473   501 D SystemServiceManager: onStartUser-10 com.android.server.SensorPrivacyService took to complete: 0ms
05-08 12:58:27.868   473   501 D SystemServiceManager: onStartUser-10 com.android.server.BatteryService took to complete: 0ms
05-08 12:58:27.868   473   501 D SystemServiceManager: onStartUser-10 com.android.server.usage.UsageStatsService took to complete: 0ms
05-08 12:58:27.868   473   501 D SystemServiceManager: onStartUser-10 com.android.server.webkit.WebViewUpdateService took to complete: 0ms
05-08 12:58:27.868   473   501 D SystemServiceManager: onStartUser-10 com.android.server.CachedDeviceStateService took to complete: 0ms
05-08 12:58:27.868   473   501 D SystemServiceManager: onStartUser-10 com.android.server.BinderCallsStatsService$LifeCycle took to complete: 0ms
05-08 12:58:27.868   473   501 D SystemServiceManager: onStartUser-10 com.android.server.LooperStatsService$Lifecycle took to complete: 0ms
05-08 12:58:27.868   473   501 D SystemServiceManager: onStartUser-10 com.android.server.rollback.RollbackManagerService took to complete: 0ms
05-08 12:58:27.868   473   501 D SystemServiceManager: onStartUser-10 com.android.server.os.BugreportManagerService took to complete: 0ms
05-08 12:58:27.868   473   501 D SystemServiceManager: onStartUser-10 com.android.server.gpu.GpuService took to complete: 0ms
05-08 12:58:27.868   473   501 D SystemServiceManager: onStartUser-10 com.android.server.security.KeyChainSystemService took to complete: 0ms
05-08 12:58:27.868   473   473 D AutofillManagerService: Restriction did not change for user 10
05-08 12:58:27.868   473   501 D SystemServiceManager: onStartUser-10 com.android.server.telecom.TelecomLoaderService took to complete: 0ms
05-08 12:58:27.868   473   501 D SystemServiceManager: onStartUser-10 com.android.server.accounts.AccountManagerService$Lifecycle took to complete: 0ms
05-08 12:58:27.868   473   501 D SystemServiceManager: onStartUser-10 com.android.server.content.ContentService$Lifecycle took to complete: 0ms
05-08 12:58:27.868   473   501 D SystemServiceManager: onStartUser-10 com.android.server.DropBoxManagerService took to complete: 0ms
05-08 12:58:27.868   473   501 D SystemServiceManager: onStartUser-10 com.android.server.AlarmManagerService took to complete: 0ms
05-08 12:58:27.868   473   501 D SystemServiceManager: onStartUser-10 com.android.server.BluetoothService took to complete: 0ms
05-08 12:58:27.868   473   501 D SystemServiceManager: onStartUser-10 com.android.server.connectivity.IpConnectivityMetrics took to complete: 0ms
05-08 12:58:27.868   473   501 D SystemServiceManager: onStartUser-10 com.android.server.net.watchlist.NetworkWatchlistService$Lifecycle took to complete: 0ms
05-08 12:58:27.868   473   501 D SystemServiceManager: onStartUser-10 com.android.server.PinnerService took to complete: 0ms
05-08 12:58:27.869   473   501 D SystemServiceManager: onStartUser-10 com.android.server.inputmethod.InputMethodManagerService$Lifecycle took to complete: 0ms
05-08 12:58:27.869   473   501 D SystemServiceManager: onStartUser-10 com.android.server.accessibility.AccessibilityManagerService$Lifecycle took to complete: 0ms
05-08 12:58:27.869   473   501 D SystemServiceManager: onStartUser-10 com.android.server.StorageManagerService$Lifecycle took to complete: 0ms
05-08 12:58:27.869   473   501 D SystemServiceManager: onStartUser-10 com.android.server.usage.StorageStatsService$Lifecycle took to complete: 0ms
05-08 12:58:27.869   473   501 D SystemServiceManager: onStartUser-10 com.android.server.UiModeManagerService took to complete: 0ms
05-08 12:58:27.869   473   501 D SystemServiceManager: onStartUser-10 com.android.server.locksettings.LockSettingsService$Lifecycle took to complete: 0ms
05-08 12:58:27.869   473   501 D SystemServiceManager: onStartUser-10 com.android.server.testharness.TestHarnessModeService took to complete: 0ms
05-08 12:58:27.869   473   501 D SystemServiceManager: onStartUser-10 com.android.server.DeviceIdleController took to complete: 0ms
05-08 12:58:27.869   473   473 V SettingsProvider: Notifying for 10: content://settings/secure/location_mode
05-08 12:58:27.869   473   501 D SystemServiceManager: onStartUser-10 com.android.server.devicepolicy.DevicePolicyManagerService$Lifecycle took to complete: 0ms
05-08 12:58:27.869   473   501 D SystemServiceManager: onStartUser-10 com.android.server.textservices.TextServicesManagerService$Lifecycle took to complete: 0ms
05-08 12:58:27.869   473   501 D SystemServiceManager: onStartUser-10 com.android.server.textclassifier.TextClassificationManagerService$Lifecycle took to complete: 0ms
05-08 12:58:27.869   473   501 D SystemServiceManager: onStartUser-10 com.android.server.NetworkScoreService$Lifecycle took to complete: 0ms
05-08 12:58:27.869   473   501 D SystemServiceManager: onStartUser-10 com.android.server.wifi.WifiService took to complete: 0ms
05-08 12:58:27.869   473   501 D SystemServiceManager: onStartUser-10 com.android.server.wifi.scanner.WifiScanningService took to complete: 0ms
05-08 12:58:27.869   473   501 D SystemServiceManager: onStartUser-10 com.android.server.wifi.p2p.WifiP2pService took to complete: 0ms
05-08 12:58:27.870   473   501 D SystemServiceManager: onStartUser-10 com.android.server.ethernet.EthernetService took to complete: 0ms
05-08 12:58:27.870   473   501 D SystemServiceManager: onStartUser-10 com.android.server.notification.NotificationManagerService took to complete: 0ms
05-08 12:58:27.870   473   501 D SystemServiceManager: onStartUser-10 com.android.server.storage.DeviceStorageMonitorService took to complete: 0ms
05-08 12:58:27.870   473   501 D SystemServiceManager: onStartUser-10 com.android.server.timedetector.TimeDetectorService$Lifecycle took to complete: 0ms
05-08 12:58:27.870   473   501 D SystemServiceManager: onStartUser-10 com.android.server.search.SearchManagerService$Lifecycle took to complete: 0ms
05-08 12:58:27.870   473   501 D SystemServiceManager: onStartUser-10 com.android.server.wallpaper.WallpaperManagerService$Lifecycle took to complete: 0ms
05-08 12:58:27.870   473   501 D SystemServiceManager: onStartUser-10 com.android.server.audio.AudioService$Lifecycle took to complete: 0ms
05-08 12:58:27.870   473   501 D SystemServiceManager: onStartUser-10 com.android.server.DockObserver took to complete: 0ms
05-08 12:58:27.870   473   501 D SystemServiceManager: onStartUser-10 com.android.server.adb.AdbService$Lifecycle took to complete: 0ms
05-08 12:58:27.870   473   501 D SystemServiceManager: onStartUser-10 com.android.server.usb.UsbService$Lifecycle took to complete: 0ms
05-08 12:58:27.870   473   501 D SystemServiceManager: onStartUser-10 com.android.server.twilight.TwilightService took to complete: 0ms
05-08 12:58:27.870   473   501 D SystemServiceManager: onStartUser-10 com.android.server.display.color.ColorDisplayService took to complete: 0ms
05-08 12:58:27.870   473   501 D SystemServiceManager: onStartUser-10 com.android.server.job.JobSchedulerService took to complete: 0ms
05-08 12:58:27.870   473   501 D SystemServiceManager: onStartUser-10 com.android.server.soundtrigger.SoundTriggerService took to complete: 0ms
05-08 12:58:27.870   473   501 D SystemServiceManager: onStartUser-10 com.android.server.trust.TrustManagerService took to complete: 0ms
05-08 12:58:27.870   473   473 V SettingsProvider: Notifying for 10: content://settings/secure/location_mode
05-08 12:58:27.878   473   501 I RoleManagerService: Granting default permissions...
05-08 12:58:27.879   473   493 I ActivityTaskManager: START u10 {act=android.intent.action.MAIN cat=[android.intent.category.HOME] flg=0x10000100 cmp=com.android.settings/.FallbackHome} from uid 0
05-08 12:58:27.883   473   493 I ActivityTaskManager: Loaded persisted task ids for user 10
05-08 12:58:27.888   473   493 I ActivityTaskManager: getPackageFerformanceMode--ComponentInfo{com.android.settings/com.android.settings.FallbackHome}----com.android.settings
05-08 12:58:27.894   473  1109 I ActivityTaskManager: getPackageFerformanceMode--ComponentInfo{com.android.settings/com.android.settings.FallbackHome}----com.android.settings
05-08 12:58:27.910   473   493 W Looper  : Slow dispatch took 1176ms android.ui h=android.view.ViewRootImpl$ViewRootHandler c=null m=25
05-08 12:58:27.914   473   494 I DropBoxManagerService: add tag=system_server_strictmode isTagEnabled=true flags=0x2
05-08 12:58:27.921   473   494 I DropBoxManagerService: add tag=system_server_strictmode isTagEnabled=true flags=0x2
05-08 12:58:27.922   473   493 W Looper  : Slow delivery took 896ms android.ui h=com.android.server.wm.BarController$BarHandler c=com.android.server.wm.-$$Lambda$StatusBarController$1$3FiQ0kybPCSlgcNJkCsNm5M12iA@4b82e1b m=0
05-08 12:58:27.923   275   275 D Zygote  : Forked child process 1633
05-08 12:58:27.923   473   493 W Looper  : Drained
05-08 12:58:27.926   473   494 I DropBoxManagerService: add tag=system_server_strictmode isTagEnabled=true flags=0x2
05-08 12:58:27.930  1633  1633 I Zygote  : seccomp disabled by setenforce 0
05-08 12:58:27.929   473   494 I DropBoxManagerService: add tag=system_server_strictmode isTagEnabled=true flags=0x2
05-08 12:58:27.932   473   502 I ActivityManager: Start proc 1633:com.android.permissioncontroller/u10a38 for service {com.android.permissioncontroller/com.android.packageinstaller.role.service.RoleControllerServiceImpl}
05-08 12:58:27.934   473   494 I DropBoxManagerService: add tag=system_server_strictmode isTagEnabled=true flags=0x2
05-08 12:58:27.951   275   275 D Zygote  : Forked child process 1650
05-08 12:58:27.956  1650  1650 I Zygote  : seccomp disabled by setenforce 0
05-08 12:58:27.943   473   494 I chatty  : uid=1000(system) android.io identical 2 lines
05-08 12:58:27.949   473   494 I DropBoxManagerService: add tag=system_server_strictmode isTagEnabled=true flags=0x2
05-08 12:58:27.957   473   502 W ActivityManager: Slow operation: 54ms so far, now at startProcess: returned from zygote!
05-08 12:58:27.957   473   502 W ActivityManager: Slow operation: 54ms so far, now at startProcess: done updating battery stats
05-08 12:58:27.957   473   502 W ActivityManager: Slow operation: 54ms so far, now at startProcess: building log message
05-08 12:58:27.957   473   502 I ActivityManager: Start proc 1650:com.android.settings/u10s1000 for activity {com.android.settings/com.android.settings.FallbackHome}
05-08 12:58:27.957   473   502 W ActivityManager: Slow operation: 54ms so far, now at startProcess: starting to update pids map
05-08 12:58:27.959   473   502 W ActivityManager: Slow operation: 56ms so far, now at startProcess: done updating pids map
05-08 12:58:28.005  1650  1650 I ndroid.setting: The ClassLoaderContext is a special shared library.
05-08 12:58:28.069   473   501 W SystemServiceManager: Service com.android.server.role.RoleManagerService took 199 ms in onStartUser 
05-08 12:58:28.069   473   501 D SystemServiceManager: onStartUser-10 com.android.server.role.RoleManagerService took to complete: 199ms
05-08 12:58:28.070   473   501 D VoiceInteractionManagerService: initForUser(10) took to complete: 1ms
05-08 12:58:28.070   473   501 D SystemServiceManager: onStartUser-10 com.android.server.voiceinteraction.VoiceInteractionManagerService took to complete: 1ms
05-08 12:58:28.070   473   501 D SystemServiceManager: onStartUser-10 com.android.server.GestureLauncherService took to complete: 0ms
05-08 12:58:28.070   473   501 D SystemServiceManager: onStartUser-10 com.android.server.SensorNotificationService took to complete: 0ms
05-08 12:58:28.070   473   501 D SystemServiceManager: onStartUser-10 com.android.server.ContextHubSystemService took to complete: 0ms
05-08 12:58:28.070   473   501 D SystemServiceManager: onStartUser-10 com.android.server.emergency.EmergencyAffordanceService took to complete: 0ms
05-08 12:58:28.070   473   501 D SystemServiceManager: onStartUser-10 com.android.server.dreams.DreamManagerService took to complete: 0ms
05-08 12:58:28.070   473   501 D SystemServiceManager: onStartUser-10 com.android.server.print.PrintManagerService took to complete: 0ms
05-08 12:58:28.070   473   501 D SystemServiceManager: onStartUser-10 com.android.server.companion.CompanionDeviceManagerService took to complete: 0ms
05-08 12:58:28.070   473   501 D SystemServiceManager: onStartUser-10 com.android.server.restrictions.RestrictionsManagerService took to complete: 0ms
05-08 12:58:28.070   473   501 D SystemServiceManager: onStartUser-10 com.android.server.media.MediaSessionService took to complete: 0ms
05-08 12:58:28.071   473   501 D SystemServiceManager: onStartUser-10 com.android.server.pm.ShortcutService$Lifecycle took to complete: 0ms
05-08 12:58:28.071   473   501 D SystemServiceManager: onStartUser-10 com.android.server.pm.LauncherAppsService took to complete: 0ms
05-08 12:58:28.071   473   501 D SystemServiceManager: onStartUser-10 com.android.server.pm.CrossProfileAppsService took to complete: 0ms
05-08 12:58:28.071   473   501 D SystemServiceManager: onStartUser-10 com.android.server.media.projection.MediaProjectionManagerService took to complete: 0ms
05-08 12:58:28.071   473   501 D SystemServiceManager: onStartUser-10 com.android.server.slice.SliceManagerService$Lifecycle took to complete: 0ms
05-08 12:58:28.071   473   501 D SystemServiceManager: onStartUser-10 com.android.server.camera.CameraServiceProxy took to complete: 0ms
05-08 12:58:28.071   473   501 D SystemServiceManager: onStartUser-10 com.android.server.stats.StatsCompanionService$Lifecycle took to complete: 0ms
05-08 12:58:28.071   473   501 D SystemServiceManager: onStartUser-10 com.android.server.incident.IncidentCompanionService took to complete: 0ms
05-08 12:58:28.071   473   501 D SystemServiceManager: onStartUser-10 com.android.server.MmsServiceBroker took to complete: 0ms
05-08 12:58:28.071   473   501 D SystemServiceManager: onStartUser-10 com.android.server.autofill.AutofillManagerService took to complete: 0ms
05-08 12:58:28.071   473   501 D SystemServiceManager: onStartUser-10 com.android.server.clipboard.ClipboardService took to complete: 0ms
05-08 12:58:28.071   473   501 W AppBindingService: [Default SMS app] u10 Target package not found
05-08 12:58:28.071   473   501 D SystemServiceManager: onStartUser-10 com.android.server.appbinding.AppBindingService$Lifecycle took to complete: 0ms
05-08 12:58:28.150   473  1345 W ActivityManager: Slow operation: 77ms so far, now at getContentProviderImpl: before checkContentProviderPermission
05-08 12:58:28.150   473  1345 W ActivityManager: Slow operation: 77ms so far, now at getContentProviderImpl: after checkContentProviderPermission
05-08 12:58:28.150   473  1345 W ActivityManager: Slow operation: 77ms so far, now at getContentProviderImpl: incProviderCountLocked
05-08 12:58:28.150   473  1345 W ActivityManager: Slow operation: 77ms so far, now at getContentProviderImpl: before updateLruProcess
05-08 12:58:28.150   473  1345 W ActivityManager: Slow operation: 77ms so far, now at getContentProviderImpl: after updateLruProcess
05-08 12:58:28.150   473  1345 W ActivityManager: Slow operation: 77ms so far, now at getContentProviderImpl: before updateOomAdj
05-08 12:58:28.150   473  1345 W ActivityManager: Slow operation: 77ms so far, now at getContentProviderImpl: after updateOomAdj
05-08 12:58:28.150   473  1345 W ActivityManager: Slow operation: 77ms so far, now at getContentProviderImpl: done!
05-08 12:58:28.181   473   501 I PackageManager: Un-granting permission android.permission.WRITE_SETTINGS from package net.gtl.voip.phone (protectionLevel=1218 flags=0x3008be44)
05-08 12:58:28.188   473   501 I PackageManager: Un-granting permission android.permission.INTERACT_ACROSS_USERS from package com.telmate.contacts (protectionLevel=50 flags=0x3808bc44)
05-08 12:58:28.188   473   501 I PackageManager: Un-granting permission android.permission.MANAGE_USERS from package com.telmate.contacts (protectionLevel=18 flags=0x3808bc44)
05-08 12:58:28.195   473   501 I PackageManager: Un-granting permission android.permission.INTERACT_ACROSS_USERS_FULL from package com.telmate.accountinfo (protectionLevel=258 flags=0x3808be44)
05-08 12:58:28.197   473   501 I PackageManager: Un-granting permission android.permission.CAPTURE_VIDEO_OUTPUT from package com.telmate.telmatevvwrapper (protectionLevel=2 flags=0x3848be44)
05-08 12:58:28.210   473   501 I PackageManager: Un-granting permission android.permission.WRITE_SETTINGS from package com.WahegurooNetwork.SundarGutka (protectionLevel=1218 flags=0x3808be44)
05-08 12:58:28.211   473   501 I PackageManager: Un-granting permission android.permission.WRITE_SETTINGS from package net.gtl.stingray.music (protectionLevel=1218 flags=0x3818be44)
05-08 12:58:28.219   473   501 I PackageManager: Un-granting permission android.permission.READ_LOGS from package com.midasplayer.apps.bubblewitch (protectionLevel=50 flags=0x3808be44)
05-08 12:58:28.221   473   501 W SystemServiceManager: Service com.android.server.policy.PermissionPolicyService took 150 ms in onStartUser 
05-08 12:58:28.221   473   501 D SystemServiceManager: onStartUser-10 com.android.server.policy.PermissionPolicyService took to complete: 150ms
05-08 12:58:28.221   473   501 D SystemServiceManager: ssm.startUser-10 took to complete: 354ms
05-08 12:58:28.221   473   501 I SystemServiceManager: Calling switchUser u10
05-08 12:58:28.221   473   501 D SystemServiceManager: onSwitchUser-10 com.android.server.pm.Installer took to complete: 0ms
05-08 12:58:28.221   473   501 D SystemServiceManager: onSwitchUser-10 com.android.server.os.DeviceIdentifiersPolicyService took to complete: 0ms
05-08 12:58:28.221   473   501 D SystemServiceManager: onSwitchUser-10 com.android.server.uri.UriGrantsManagerService$Lifecycle took to complete: 0ms
05-08 12:58:28.221   473   501 D SystemServiceManager: onSwitchUser-10 com.android.server.wm.ActivityTaskManagerService$Lifecycle took to complete: 0ms
05-08 12:58:28.221   473   501 D SystemServiceManager: onSwitchUser-10 com.android.server.am.ActivityManagerService$Lifecycle took to complete: 0ms
05-08 12:58:28.221   473   501 D SystemServiceManager: onSwitchUser-10 com.android.server.power.PowerManagerService took to complete: 0ms
05-08 12:58:28.221   473   501 D SystemServiceManager: onSwitchUser-10 com.android.server.power.ThermalManagerService took to complete: 0ms
05-08 12:58:28.222   473   501 D SystemServiceManager: onSwitchUser-10 com.android.server.RecoverySystemService took to complete: 0ms
05-08 12:58:28.222   473   501 D SystemServiceManager: onSwitchUser-10 com.android.server.lights.LightsService took to complete: 0ms
05-08 12:58:28.222   473   501 D SystemServiceManager: onSwitchUser-10 com.android.server.display.DisplayManagerService took to complete: 0ms
05-08 12:58:28.222   473   501 D SystemServiceManager: onSwitchUser-10 com.android.server.pm.UserManagerService$LifeCycle took to complete: 0ms
05-08 12:58:28.272   174   174 I hwservicemanager: getTransport: Cannot find entry android.hardware.configstore@1.0::ISurfaceFlingerConfigs/default in either framework or device manifest.
05-08 12:58:28.313   473   500 I RoleUserState: Wrote roles.xml successfully
05-08 12:58:28.317   174   174 I hwservicemanager: getTransport: Cannot find entry android.hardware.graphics.mapper@3.0::IMapper/default in either framework or device manifest.
05-08 12:58:28.317  1650  1677 W Gralloc3: mapper 3.x is not supported
05-08 12:58:28.341   604   604 D ImageWallpaper: wallpaper visibility changes to: true
05-08 12:58:28.348   473  1109 W InputMethodManagerService: A background user is requesting window. Hiding IME.
05-08 12:58:28.348   473  1109 W InputMethodManagerService: If you need to impersonate a foreground user/profile from a background user, use EditorInfo.targetInputMethodUser with INTERACT_ACROSS_USERS_FULL permission.
05-08 12:58:28.353   473   500 I ActivityTaskManager: Displayed com.android.settings/.FallbackHome: +465ms
05-08 12:58:28.431   473   492 W Looper  : Slow dispatch took 202ms android.fg h=android.os.Handler c=java.util.concurrent.FutureTask@1a34030 m=0
05-08 12:58:28.539   473   501 W SystemServiceManager: Service com.android.server.om.OverlayManagerService took 317 ms in onSwitchUser
05-08 12:58:28.540   473   501 D SystemServiceManager: onSwitchUser-10 com.android.server.om.OverlayManagerService took to complete: 317ms
05-08 12:58:28.540   473   501 D SystemServiceManager: onSwitchUser-10 com.android.server.SensorPrivacyService took to complete: 0ms
05-08 12:58:28.540   473   501 D SystemServiceManager: onSwitchUser-10 com.android.server.BatteryService took to complete: 0ms
05-08 12:58:28.540   473   501 D SystemServiceManager: onSwitchUser-10 com.android.server.usage.UsageStatsService took to complete: 0ms
05-08 12:58:28.540   473   501 D SystemServiceManager: onSwitchUser-10 com.android.server.webkit.WebViewUpdateService took to complete: 0ms
05-08 12:58:28.540   473   501 D SystemServiceManager: onSwitchUser-10 com.android.server.CachedDeviceStateService took to complete: 0ms
05-08 12:58:28.540   473   501 D SystemServiceManager: onSwitchUser-10 com.android.server.BinderCallsStatsService$LifeCycle took to complete: 0ms
05-08 12:58:28.540   473   501 D SystemServiceManager: onSwitchUser-10 com.android.server.LooperStatsService$Lifecycle took to complete: 0ms
05-08 12:58:28.540   473   501 D SystemServiceManager: onSwitchUser-10 com.android.server.rollback.RollbackManagerService took to complete: 0ms
05-08 12:58:28.540   473   501 D SystemServiceManager: onSwitchUser-10 com.android.server.os.BugreportManagerService took to complete: 0ms
05-08 12:58:28.540   473   501 D SystemServiceManager: onSwitchUser-10 com.android.server.gpu.GpuService took to complete: 0ms
05-08 12:58:28.540   473   501 D SystemServiceManager: onSwitchUser-10 com.android.server.security.KeyChainSystemService took to complete: 0ms
05-08 12:58:28.540   473   501 D SystemServiceManager: onSwitchUser-10 com.android.server.telecom.TelecomLoaderService took to complete: 0ms
05-08 12:58:28.540   473   501 D SystemServiceManager: onSwitchUser-10 com.android.server.accounts.AccountManagerService$Lifecycle took to complete: 0ms
05-08 12:58:28.540   473   501 D SystemServiceManager: onSwitchUser-10 com.android.server.content.ContentService$Lifecycle took to complete: 0ms
05-08 12:58:28.540   473   501 D SystemServiceManager: onSwitchUser-10 com.android.server.DropBoxManagerService took to complete: 0ms
05-08 12:58:28.540   473   501 D SystemServiceManager: onSwitchUser-10 com.android.server.AlarmManagerService took to complete: 0ms
05-08 12:58:28.540   473   501 D BluetoothManagerService: User 10 switched
05-08 12:58:28.540   473   501 D SystemServiceManager: onSwitchUser-10 com.android.server.BluetoothService took to complete: 0ms
05-08 12:58:28.541   473   501 D SystemServiceManager: onSwitchUser-10 com.android.server.connectivity.IpConnectivityMetrics took to complete: 0ms
05-08 12:58:28.541   473   501 D SystemServiceManager: onSwitchUser-10 com.android.server.net.watchlist.NetworkWatchlistService$Lifecycle took to complete: 0ms
05-08 12:58:28.541   473   501 D SystemServiceManager: onSwitchUser-10 com.android.server.PinnerService took to complete: 0ms
05-08 12:58:28.541  1633  1633 W System  : ClassLoader referenced unknown path: 
05-08 12:58:28.545  1633  1633 E LoadedApk: Unable to instantiate appComponentFactory
05-08 12:58:28.545  1633  1633 E LoadedApk: java.lang.ClassNotFoundException: Didn't find class "androidx.core.app.CoreComponentFactory" on path: DexPathList[[],nativeLibraryDirectories=[/system/priv-app/PermissionController/lib/arm64, /system/lib64, /product/lib64, /system/lib64, /product/lib64]]
05-08 12:58:28.545  1633  1633 E LoadedApk: 	at dalvik.system.BaseDexClassLoader.findClass(BaseDexClassLoader.java:196)
05-08 12:58:28.545  1633  1633 E LoadedApk: 	at java.lang.ClassLoader.loadClass(ClassLoader.java:379)
05-08 12:58:28.545  1633  1633 E LoadedApk: 	at java.lang.ClassLoader.loadClass(ClassLoader.java:312)
05-08 12:58:28.545  1633  1633 E LoadedApk: 	at android.app.LoadedApk.createAppFactory(LoadedApk.java:256)
05-08 12:58:28.545  1633  1633 E LoadedApk: 	at android.app.LoadedApk.updateApplicationInfo(LoadedApk.java:370)
05-08 12:58:28.545  1633  1633 E LoadedApk: 	at android.app.ActivityThread.handleApplicationInfoChanged(ActivityThread.java:5682)
05-08 12:58:28.545  1633  1633 E LoadedApk: 	at android.app.ActivityThread$H.handleMessage(ActivityThread.java:2005)
05-08 12:58:28.545  1633  1633 E LoadedApk: 	at android.os.Handler.dispatchMessage(Handler.java:107)
05-08 12:58:28.545  1633  1633 E LoadedApk: 	at android.os.Looper.loop(Looper.java:214)
05-08 12:58:28.545  1633  1633 E LoadedApk: 	at android.app.ActivityThread.main(ActivityThread.java:7356)
05-08 12:58:28.545  1633  1633 E LoadedApk: 	at java.lang.reflect.Method.invoke(Native Method)
05-08 12:58:28.545  1633  1633 E LoadedApk: 	at com.android.internal.os.RuntimeInit$MethodAndArgsCaller.run(RuntimeInit.java:492)
05-08 12:58:28.545  1633  1633 E LoadedApk: 	at com.android.internal.os.ZygoteInit.main(ZygoteInit.java:930)
05-08 12:58:28.547   473   494 D BluetoothManagerService: MESSAGE_USER_SWITCHED
05-08 12:58:28.560   838   902 I LatinIME:LogUtils: Dictionary info: dictionary = UserHistoryDictionary.en_US ; version = 1658160996 ; date = 1683565108
05-08 12:58:28.570   473   501 D SystemServiceManager: onSwitchUser-10 com.android.server.inputmethod.InputMethodManagerService$Lifecycle took to complete: 29ms
05-08 12:58:28.570   473   501 D SystemServiceManager: onSwitchUser-10 com.android.server.accessibility.AccessibilityManagerService$Lifecycle took to complete: 0ms
05-08 12:58:28.570   473   501 D SystemServiceManager: onSwitchUser-10 com.android.server.StorageManagerService$Lifecycle took to complete: 0ms
05-08 12:58:28.570   473   501 D SystemServiceManager: onSwitchUser-10 com.android.server.usage.StorageStatsService$Lifecycle took to complete: 0ms
05-08 12:58:28.570   473   501 D SystemServiceManager: onSwitchUser-10 com.android.server.UiModeManagerService took to complete: 0ms
05-08 12:58:28.570   473   501 D SystemServiceManager: onSwitchUser-10 com.android.server.locksettings.LockSettingsService$Lifecycle took to complete: 0ms
05-08 12:58:28.570   473   501 D SystemServiceManager: onSwitchUser-10 com.android.server.testharness.TestHarnessModeService took to complete: 0ms
05-08 12:58:28.570   473   501 D SystemServiceManager: onSwitchUser-10 com.android.server.DeviceIdleController took to complete: 0ms
05-08 12:58:28.570   473   501 D SystemServiceManager: onSwitchUser-10 com.android.server.devicepolicy.DevicePolicyManagerService$Lifecycle took to complete: 0ms
05-08 12:58:28.570   473   501 D SystemServiceManager: onSwitchUser-10 com.android.server.textservices.TextServicesManagerService$Lifecycle took to complete: 0ms
05-08 12:58:28.570   473   501 D SystemServiceManager: onSwitchUser-10 com.android.server.textclassifier.TextClassificationManagerService$Lifecycle took to complete: 0ms
05-08 12:58:28.570   473   501 D SystemServiceManager: onSwitchUser-10 com.android.server.NetworkScoreService$Lifecycle took to complete: 0ms
05-08 12:58:28.571   473   501 D WifiService: Handle user switch 10
05-08 12:58:28.571   473   501 D SystemServiceManager: onSwitchUser-10 com.android.server.wifi.WifiService took to complete: 1ms
05-08 12:58:28.571   473   501 D SystemServiceManager: onSwitchUser-10 com.android.server.wifi.scanner.WifiScanningService took to complete: 0ms
05-08 12:58:28.571   473   501 D SystemServiceManager: onSwitchUser-10 com.android.server.wifi.p2p.WifiP2pService took to complete: 0ms
05-08 12:58:28.571   473   501 D SystemServiceManager: onSwitchUser-10 com.android.server.ethernet.EthernetService took to complete: 0ms
05-08 12:58:28.571   473   501 D SystemServiceManager: onSwitchUser-10 com.android.server.notification.NotificationManagerService took to complete: 0ms
05-08 12:58:28.571   473   501 D SystemServiceManager: onSwitchUser-10 com.android.server.storage.DeviceStorageMonitorService took to complete: 0ms
05-08 12:58:28.571   473   501 D SystemServiceManager: onSwitchUser-10 com.android.server.timedetector.TimeDetectorService$Lifecycle took to complete: 0ms
05-08 12:58:28.571   473   501 D SystemServiceManager: onSwitchUser-10 com.android.server.search.SearchManagerService$Lifecycle took to complete: 0ms
05-08 12:58:28.571   473   501 D SystemServiceManager: onSwitchUser-10 com.android.server.wallpaper.WallpaperManagerService$Lifecycle took to complete: 0ms
05-08 12:58:28.571   473   501 D SystemServiceManager: onSwitchUser-10 com.android.server.audio.AudioService$Lifecycle took to complete: 0ms
05-08 12:58:28.571   473   501 D SystemServiceManager: onSwitchUser-10 com.android.server.DockObserver took to complete: 0ms
05-08 12:58:28.571   473   501 D SystemServiceManager: onSwitchUser-10 com.android.server.adb.AdbService$Lifecycle took to complete: 0ms
05-08 12:58:28.573   473   501 I [GTL] UsbService: @login: @printer: getHPUsbDevice
05-08 12:58:28.573   473   501 D SystemServiceManager: onSwitchUser-10 com.android.server.usb.UsbService$Lifecycle took to complete: 2ms
05-08 12:58:28.573   473   501 D SystemServiceManager: onSwitchUser-10 com.android.server.twilight.TwilightService took to complete: 0ms
05-08 12:58:28.573   473   501 D SystemServiceManager: onSwitchUser-10 com.android.server.display.color.ColorDisplayService took to complete: 0ms
05-08 12:58:28.573   473   501 D SystemServiceManager: onSwitchUser-10 com.android.server.job.JobSchedulerService took to complete: 0ms
05-08 12:58:28.573   473   501 D SystemServiceManager: onSwitchUser-10 com.android.server.soundtrigger.SoundTriggerService took to complete: 0ms
05-08 12:58:28.573   473   495 D ColorDisplayService: tearDown: currentUser=0
05-08 12:58:28.573   473   501 D SystemServiceManager: onSwitchUser-10 com.android.server.trust.TrustManagerService took to complete: 0ms
05-08 12:58:28.573   473   501 D SystemServiceManager: onSwitchUser-10 com.android.server.role.RoleManagerService took to complete: 0ms
05-08 12:58:28.574   473   501 D SystemServiceManager: onSwitchUser-10 com.android.server.voiceinteraction.VoiceInteractionManagerService took to complete: 1ms
05-08 12:58:28.574   473   501 D SystemServiceManager: onSwitchUser-10 com.android.server.GestureLauncherService took to complete: 0ms
05-08 12:58:28.574   473   501 D SystemServiceManager: onSwitchUser-10 com.android.server.SensorNotificationService took to complete: 0ms
05-08 12:58:28.574   473   501 D SystemServiceManager: onSwitchUser-10 com.android.server.ContextHubSystemService took to complete: 0ms
05-08 12:58:28.574   473   495 D ColorDisplayService: setUp: currentUser=10
05-08 12:58:28.574   473   501 D SystemServiceManager: onSwitchUser-10 com.android.server.emergency.EmergencyAffordanceService took to complete: 0ms
05-08 12:58:28.574   473   501 D SystemServiceManager: onSwitchUser-10 com.android.server.dreams.DreamManagerService took to complete: 0ms
05-08 12:58:28.574   473   501 D SystemServiceManager: onSwitchUser-10 com.android.server.print.PrintManagerService took to complete: 0ms
05-08 12:58:28.574   473   501 D SystemServiceManager: onSwitchUser-10 com.android.server.companion.CompanionDeviceManagerService took to complete: 0ms
05-08 12:58:28.574   473   501 D SystemServiceManager: onSwitchUser-10 com.android.server.restrictions.RestrictionsManagerService took to complete: 0ms
05-08 12:58:28.574   473   501 D SystemServiceManager: onSwitchUser-10 com.android.server.media.MediaSessionService took to complete: 0ms
05-08 12:58:28.574   473   501 D SystemServiceManager: onSwitchUser-10 com.android.server.pm.ShortcutService$Lifecycle took to complete: 0ms
05-08 12:58:28.574   473   501 D SystemServiceManager: onSwitchUser-10 com.android.server.pm.LauncherAppsService took to complete: 0ms
05-08 12:58:28.574   473   492 D VoiceInteractionManagerService: switchImplementation(10) took to complete: 0ms
05-08 12:58:28.575   473   501 D SystemServiceManager: onSwitchUser-10 com.android.server.pm.CrossProfileAppsService took to complete: 0ms
05-08 12:58:28.575   473   501 D SystemServiceManager: onSwitchUser-10 com.android.server.media.projection.MediaProjectionManagerService took to complete: 1ms
05-08 12:58:28.575   473   501 D SystemServiceManager: onSwitchUser-10 com.android.server.slice.SliceManagerService$Lifecycle took to complete: 0ms
05-08 12:58:28.575   473   501 D SystemServiceManager: onSwitchUser-10 com.android.server.camera.CameraServiceProxy took to complete: 0ms
05-08 12:58:28.576   473   501 D SystemServiceManager: onSwitchUser-10 com.android.server.stats.StatsCompanionService$Lifecycle took to complete: 0ms
05-08 12:58:28.576   473   501 D SystemServiceManager: onSwitchUser-10 com.android.server.incident.IncidentCompanionService took to complete: 0ms
05-08 12:58:28.576   473   501 D SystemServiceManager: onSwitchUser-10 com.android.server.MmsServiceBroker took to complete: 0ms
05-08 12:58:28.576   473   501 D AutofillManagerService: Hiding UI when user switched
05-08 12:58:28.576   473   501 D SystemServiceManager: onSwitchUser-10 com.android.server.autofill.AutofillManagerService took to complete: 0ms
05-08 12:58:28.576   473   501 D SystemServiceManager: onSwitchUser-10 com.android.server.clipboard.ClipboardService took to complete: 0ms
05-08 12:58:28.576   473   501 D SystemServiceManager: onSwitchUser-10 com.android.server.appbinding.AppBindingService$Lifecycle took to complete: 0ms
05-08 12:58:28.577   473   501 D SystemServiceManager: onSwitchUser-10 com.android.server.policy.PermissionPolicyService took to complete: 0ms
05-08 12:58:28.577   473   501 D SystemServiceManager: ssm.switchUser-10 took to complete: 355ms
05-08 12:58:28.578   473   494 I DropBoxManagerService: add tag=system_server_strictmode isTagEnabled=true flags=0x2
05-08 12:58:28.582   473   501 D ActivityManager: Dispatch onUserSwitching oldUser #0 newUser #10
05-08 12:58:28.587   473   501 I WallpaperManagerService: No static wallpaper imagery; defaults will be shown
05-08 12:58:28.590   473   501 V WallpaperManagerService: bindWallpaperComponentLocked: componentName=ComponentInfo{com.android.systemui/com.android.systemui.ImageWallpaper}
05-08 12:58:28.590   473   494 I DropBoxManagerService: add tag=system_server_strictmode isTagEnabled=true flags=0x2
05-08 12:58:28.592   473   568 D WifiConfigStore: Writing to stores completed in 20 ms.
05-08 12:58:28.592   473   568 I WifiConfigManager: Waiting for user unlock to load from store
05-08 12:58:28.597   604   604 D ImageWallpaper: wallpaper visibility changes to: false
05-08 12:58:28.607   473   495 I InputManager: Disabling motion classifier because user switched: feature enabled, long press timeout = 500
05-08 12:58:28.607   473   495 I InputClassifier: Disabling motion classifier
05-08 12:58:28.615   275   275 D Zygote  : Forked child process 1689
05-08 12:58:28.619  1689  1689 I Zygote  : seccomp disabled by setenforce 0
05-08 12:58:28.636   604   604 W AlarmManager: Unrecognized alarm listener com.android.systemui.keyguard.-$$Lambda$KeyguardSliceProvider$IhzByd8TsqFuOrSyuGurVskyPLo@9426bdc
05-08 12:58:28.645   473   494 I chatty  : uid=1000(system) android.io identical 17 lines
05-08 12:58:28.648   473   494 I DropBoxManagerService: add tag=system_server_strictmode isTagEnabled=true flags=0x2
05-08 12:58:28.650   473   502 W ActivityManager: Slow operation: 56ms so far, now at startProcess: done updating battery stats
05-08 12:58:28.650   473   502 W ActivityManager: Slow operation: 57ms so far, now at startProcess: building log message
05-08 12:58:28.650   473   502 I ActivityManager: Start proc 1689:com.android.systemui/u10a46 for service {com.android.systemui/com.android.systemui.ImageWallpaper}
05-08 12:58:28.650   473   502 W ActivityManager: Slow operation: 57ms so far, now at startProcess: starting to update pids map
05-08 12:58:28.650   473   502 W ActivityManager: Slow operation: 57ms so far, now at startProcess: done updating pids map
05-08 12:58:28.661   473  1606 D PackageManager: Instant App installer not found with android.intent.action.INSTALL_INSTANT_APP_PACKAGE
05-08 12:58:28.661   473  1606 D PackageManager: Clear ephemeral installer activity
05-08 12:58:28.665   473   501 D ActivityManager: Finishing user boot 10
05-08 12:58:28.665   473   501 I ActivityManager: User 10 state changed from BOOTING to RUNNING_LOCKED
05-08 12:58:28.668   604   821 D NetworkController.WifiSignalController: Change in state from: connected=true,enabled=true,level=3,inetCondition=1,iconGroup=IconGroup(Wi-Fi Icons),activityIn=true,activityOut=true,activityDormant=false,rssi=-58,lastModified=05-08 12:58:25,ssid="Telmate",isTransient=false,statusLabel=null
05-08 12:58:28.668   604   821 D NetworkController.WifiSignalController: 	to: connected=true,enabled=true,level=2,inetCondition=1,iconGroup=IconGroup(Wi-Fi Icons),activityIn=true,activityOut=true,activityDormant=false,rssi=-67,lastModified=05-08 12:58:25,ssid="Telmate",isTransient=false,statusLabel=null
05-08 12:58:28.669  1013  1013 D SystemCodeRoutingManager: Routing table unchanged, not updating
05-08 12:58:28.670   473   501 D StorageManagerService: unlockUserKey: 10
05-08 12:58:28.670   179   257 D vold    : fscrypt_unlock_user_key 10 serial=10 token_present=0
05-08 12:58:28.671  1013  1013 D RegisteredNfcFServicesCache: User switched, rebuild internal cache
05-08 12:58:28.672   179   257 D vold    : Skipping non-key .
05-08 12:58:28.672   179   257 D vold    : Skipping non-key ..
05-08 12:58:28.673   179   257 D vold    : Trying user CE key /data/misc/vold/user_keys/ce/10/current
05-08 12:58:28.688   473   473 W WindowManager: removeWindowToken: Attempted to remove non-existing token: android.os.Binder@516883e
05-08 12:58:28.689   174   174 I hwservicemanager: getTransport: Cannot find entry android.hardware.keymaster@4.0::IKeymasterDevice/default in either framework or device manifest.
05-08 12:58:28.706   179   257 I vold    : List of Keymaster HALs found:
05-08 12:58:28.707   179   257 I vold    : Keymaster HAL #1: SoftwareWrappedKeymaster2Device from Google SecurityLevel: TRUSTED_ENVIRONMENT HAL: android.hardware.keymaster@3.0::IKeymasterDevice/default
05-08 12:58:28.708   179   257 I vold    : Using SoftwareWrappedKeymaster2Device from Google for encryption.  Security level: TRUSTED_ENVIRONMENT, HAL: android.hardware.keymaster@3.0::IKeymasterDevice/default
05-08 12:58:28.712   473   473 D AccessibilityManagerService: Ignoring non-encryption-aware service ComponentInfo{com.google.android.marvin.talkback/com.google.android.accessibility.accessibilitymenu.AccessibilityMenuService}
05-08 12:58:28.719   179   257 D RefBase : RefBase: Explicit destruction, weak count = 0 (in 0x75bca37170)
05-08 12:58:28.719   179   257 W RefBase : CallStack::getCurrentInternal not linked, returning null
05-08 12:58:28.719   179   257 W RefBase : CallStack::logStackInternal not linked
05-08 12:58:28.719   179   257 D vold    : Successfully retrieved key
05-08 12:58:28.724  1689  1689 V SystemUIService: SystemUIApplication constructed.
