05-08 12:52:36.003   473   473 D SystemServiceManager: onStartUser-0 com.android.server.RecoverySystemService took to complete: 0ms
05-08 12:52:36.003   473   473 D SystemServiceManager: onStartUser-0 com.android.server.lights.LightsService took to complete: 0ms
05-08 12:52:36.003   473   473 D SystemServiceManager: onStartUser-0 com.android.server.display.DisplayManagerService took to complete: 0ms
05-08 12:52:36.003   473   473 D SystemServiceManager: onStartUser-0 com.android.server.pm.UserManagerService$LifeCycle took to complete: 0ms
05-08 12:52:36.004   473   473 D SystemServiceManager: onStartUser-0 com.android.server.om.OverlayManagerService took to complete: 0ms
05-08 12:52:36.004   473   473 D SystemServiceManager: onStartUser-0 com.android.server.SensorPrivacyService took to complete: 0ms
05-08 12:52:36.004   473   473 D SystemServiceManager: onStartUser-0 com.android.server.BatteryService took to complete: 0ms
05-08 12:52:36.004   473   473 D SystemServiceManager: onStartUser-0 com.android.server.usage.UsageStatsService took to complete: 0ms
05-08 12:52:36.004   473   473 D SystemServiceManager: onStartUser-0 com.android.server.webkit.WebViewUpdateService took to complete: 0ms
05-08 12:52:36.004   473   473 D SystemServiceManager: onStartUser-0 com.android.server.CachedDeviceStateService took to complete: 0ms
05-08 12:52:36.004   473   473 D SystemServiceManager: onStartUser-0 com.android.server.BinderCallsStatsService$LifeCycle took to complete: 0ms
05-08 12:52:36.004   473   473 D SystemServiceManager: onStartUser-0 com.android.server.LooperStatsService$Lifecycle took to complete: 0ms
05-08 12:52:36.004   473   473 D SystemServiceManager: onStartUser-0 com.android.server.rollback.RollbackManagerService took to complete: 0ms
05-08 12:52:36.004   473   473 D SystemServiceManager: onStartUser-0 com.android.server.os.BugreportManagerService took to complete: 0ms
05-08 12:52:36.004   473   473 D SystemServiceManager: onStartUser-0 com.android.server.gpu.GpuService took to complete: 0ms
05-08 12:52:36.004   473   473 D SystemServiceManager: onStartUser-0 com.android.server.security.KeyChainSystemService took to complete: 0ms
05-08 12:52:36.004   473   473 D SystemServiceManager: onStartUser-0 com.android.server.telecom.TelecomLoaderService took to complete: 0ms
05-08 12:52:36.004   473   473 D SystemServiceManager: onStartUser-0 com.android.server.accounts.AccountManagerService$Lifecycle took to complete: 0ms
05-08 12:52:36.004   473   473 D SystemServiceManager: onStartUser-0 com.android.server.content.ContentService$Lifecycle took to complete: 0ms
05-08 12:52:36.004   473   473 D SystemServiceManager: onStartUser-0 com.android.server.DropBoxManagerService took to complete: 0ms
05-08 12:52:36.004   473   473 D SystemServiceManager: onStartUser-0 com.android.server.AlarmManagerService took to complete: 0ms
05-08 12:52:36.004   473   473 D SystemServiceManager: onStartUser-0 com.android.server.BluetoothService took to complete: 0ms
05-08 12:52:36.004   473   473 D SystemServiceManager: onStartUser-0 com.android.server.connectivity.IpConnectivityMetrics took to complete: 0ms
05-08 12:52:36.004   473   473 D SystemServiceManager: onStartUser-0 com.android.server.net.watchlist.NetworkWatchlistService$Lifecycle took to complete: 0ms
05-08 12:52:36.004   473   473 D SystemServiceManager: onStartUser-0 com.android.server.PinnerService took to complete: 0ms
05-08 12:52:36.004   473   473 D SystemServiceManager: onStartUser-0 com.android.server.inputmethod.InputMethodManagerService$Lifecycle took to complete: 0ms
05-08 12:52:36.004   473   473 D SystemServiceManager: onStartUser-0 com.android.server.accessibility.AccessibilityManagerService$Lifecycle took to complete: 0ms
05-08 12:52:36.004   473   473 D SystemServiceManager: onStartUser-0 com.android.server.StorageManagerService$Lifecycle took to complete: 0ms
05-08 12:52:36.005   473   473 D SystemServiceManager: onStartUser-0 com.android.server.usage.StorageStatsService$Lifecycle took to complete: 0ms
05-08 12:52:36.005   473   473 D SystemServiceManager: onStartUser-0 com.android.server.UiModeManagerService took to complete: 0ms
05-08 12:52:36.005   473   473 D SystemServiceManager: onStartUser-0 com.android.server.locksettings.LockSettingsService$Lifecycle took to complete: 0ms
05-08 12:52:36.005   473   473 D SystemServiceManager: onStartUser-0 com.android.server.testharness.TestHarnessModeService took to complete: 0ms
05-08 12:52:36.005   473   473 D SystemServiceManager: onStartUser-0 com.android.server.DeviceIdleController took to complete: 0ms
05-08 12:52:36.005   473   473 D SystemServiceManager: onStartUser-0 com.android.server.devicepolicy.DevicePolicyManagerService$Lifecycle took to complete: 0ms
05-08 12:52:36.006   473   473 D SystemServiceManager: onStartUser-0 com.android.server.textservices.TextServicesManagerService$Lifecycle took to complete: 0ms
05-08 12:52:36.006   473   473 D SystemServiceManager: onStartUser-0 com.android.server.textclassifier.TextClassificationManagerService$Lifecycle took to complete: 1ms
05-08 12:52:36.006   473   473 D SystemServiceManager: onStartUser-0 com.android.server.NetworkScoreService$Lifecycle took to complete: 0ms
05-08 12:52:36.006   473   473 D SystemServiceManager: onStartUser-0 com.android.server.wifi.WifiService took to complete: 0ms
05-08 12:52:36.006   473   473 D SystemServiceManager: onStartUser-0 com.android.server.wifi.scanner.WifiScanningService took to complete: 0ms
05-08 12:52:36.006   473   473 D SystemServiceManager: onStartUser-0 com.android.server.wifi.p2p.WifiP2pService took to complete: 0ms
05-08 12:52:36.006   473   473 D SystemServiceManager: onStartUser-0 com.android.server.ethernet.EthernetService took to complete: 0ms
05-08 12:52:36.006   473   473 D SystemServiceManager: onStartUser-0 com.android.server.notification.NotificationManagerService took to complete: 0ms
05-08 12:52:36.006   473   473 D SystemServiceManager: onStartUser-0 com.android.server.storage.DeviceStorageMonitorService took to complete: 0ms
05-08 12:52:36.006   473   473 D SystemServiceManager: onStartUser-0 com.android.server.timedetector.TimeDetectorService$Lifecycle took to complete: 0ms
05-08 12:52:36.006   473   473 D SystemServiceManager: onStartUser-0 com.android.server.search.SearchManagerService$Lifecycle took to complete: 0ms
05-08 12:52:36.006   473   473 D SystemServiceManager: onStartUser-0 com.android.server.wallpaper.WallpaperManagerService$Lifecycle took to complete: 0ms
05-08 12:52:36.006   473   473 D SystemServiceManager: onStartUser-0 com.android.server.audio.AudioService$Lifecycle took to complete: 0ms
05-08 12:52:36.006   473   473 D SystemServiceManager: onStartUser-0 com.android.server.DockObserver took to complete: 0ms
05-08 12:52:36.006   473   473 D SystemServiceManager: onStartUser-0 com.android.server.adb.AdbService$Lifecycle took to complete: 0ms
05-08 12:52:36.006   473   473 D SystemServiceManager: onStartUser-0 com.android.server.usb.UsbService$Lifecycle took to complete: 0ms
05-08 12:52:36.006   473   473 D SystemServiceManager: onStartUser-0 com.android.server.twilight.TwilightService took to complete: 0ms
05-08 12:52:36.006   473   473 D SystemServiceManager: onStartUser-0 com.android.server.display.color.ColorDisplayService took to complete: 0ms
05-08 12:52:36.007   473   491 W StorageManagerService: No primary storage defined yet; hacking together a stub
05-08 12:52:36.007   473   473 D SystemServiceManager: onStartUser-0 com.android.server.job.JobSchedulerService took to complete: 1ms
05-08 12:52:36.007   473   500 D CountryDetector: Using custom country detector class: com.android.server.location.ComprehensiveCountryDetector
05-08 12:52:36.007   473   473 D SystemServiceManager: onStartUser-0 com.android.server.soundtrigger.SoundTriggerService took to complete: 0ms
05-08 12:52:36.007   473   473 D SystemServiceManager: onStartUser-0 com.android.server.trust.TrustManagerService took to complete: 0ms
05-08 12:52:36.016   473   473 D SystemServiceManager: onStartUser-0 com.android.server.role.RoleManagerService took to complete: 9ms
05-08 12:52:36.016   473   473 D VoiceInteractionManagerService: initForUser(0) took to complete: 0ms
05-08 12:52:36.017   473   473 D SystemServiceManager: onStartUser-0 com.android.server.voiceinteraction.VoiceInteractionManagerService took to complete: 0ms
05-08 12:52:36.017   473   473 D SystemServiceManager: onStartUser-0 com.android.server.GestureLauncherService took to complete: 0ms
05-08 12:52:36.017   473   473 D SystemServiceManager: onStartUser-0 com.android.server.SensorNotificationService took to complete: 0ms
05-08 12:52:36.017   473   473 D SystemServiceManager: onStartUser-0 com.android.server.ContextHubSystemService took to complete: 0ms
05-08 12:52:36.017   473   473 D SystemServiceManager: onStartUser-0 com.android.server.emergency.EmergencyAffordanceService took to complete: 0ms
05-08 12:52:36.017   473   473 D SystemServiceManager: onStartUser-0 com.android.server.dreams.DreamManagerService took to complete: 0ms
05-08 12:52:36.017   473   473 D SystemServiceManager: onStartUser-0 com.android.server.print.PrintManagerService took to complete: 0ms
05-08 12:52:36.017   473   473 D SystemServiceManager: onStartUser-0 com.android.server.companion.CompanionDeviceManagerService took to complete: 0ms
05-08 12:52:36.017   473   473 D SystemServiceManager: onStartUser-0 com.android.server.restrictions.RestrictionsManagerService took to complete: 0ms
05-08 12:52:36.017   473   473 D SystemServiceManager: onStartUser-0 com.android.server.media.MediaSessionService took to complete: 0ms
05-08 12:52:36.017   473   473 D SystemServiceManager: onStartUser-0 com.android.server.pm.ShortcutService$Lifecycle took to complete: 0ms
05-08 12:52:36.017   473   473 D SystemServiceManager: onStartUser-0 com.android.server.pm.LauncherAppsService took to complete: 0ms
05-08 12:52:36.017   473   473 D SystemServiceManager: onStartUser-0 com.android.server.pm.CrossProfileAppsService took to complete: 0ms
05-08 12:52:36.017   473   473 D SystemServiceManager: onStartUser-0 com.android.server.media.projection.MediaProjectionManagerService took to complete: 0ms
05-08 12:52:36.017   473   473 D SystemServiceManager: onStartUser-0 com.android.server.slice.SliceManagerService$Lifecycle took to complete: 0ms
05-08 12:52:36.018   473   473 D SystemServiceManager: onStartUser-0 com.android.server.camera.CameraServiceProxy took to complete: 1ms
05-08 12:52:36.019   473   473 D SystemServiceManager: onStartUser-0 com.android.server.stats.StatsCompanionService$Lifecycle took to complete: 0ms
05-08 12:52:36.019   473   473 D SystemServiceManager: onStartUser-0 com.android.server.incident.IncidentCompanionService took to complete: 0ms
05-08 12:52:36.019   473   473 D SystemServiceManager: onStartUser-0 com.android.server.MmsServiceBroker took to complete: 0ms
05-08 12:52:36.019   473   473 D SystemServiceManager: onStartUser-0 com.android.server.autofill.AutofillManagerService took to complete: 0ms
05-08 12:52:36.019   473   473 D SystemServiceManager: onStartUser-0 com.android.server.clipboard.ClipboardService took to complete: 0ms
05-08 12:52:36.019   473   473 W AppBindingService: [Default SMS app] u0 Target package not found
05-08 12:52:36.019   473   473 D SystemServiceManager: onStartUser-0 com.android.server.appbinding.AppBindingService$Lifecycle took to complete: 0ms
05-08 12:52:36.019   473   473 D SystemServiceManager: onStartUser-0 com.android.server.policy.PermissionPolicyService took to complete: 0ms
05-08 12:52:36.019   473   473 D SystemServiceManager: ssm.startUser-0 took to complete: 16ms
05-08 12:52:36.023   473   473 I ActivityTaskManager: START u0 {act=android.intent.action.MAIN cat=[android.intent.category.HOME] flg=0x10000100 cmp=com.android.settings/.FallbackHome} from uid 0
05-08 12:52:36.352   297   297 E android.hardware.wifi@1.0-service: found device pid:vid :02d0:4356: Permission denied
05-08 12:52:36.353   297   297 E android.hardware.wifi@1.0-service: check_wifi_chip_type_string : AP6356S: Permission denied
05-08 12:52:36.450   473   473 I ActivityTaskManager: Loaded persisted task ids for user 0
05-08 12:52:36.626   473   473 D SystemServerTiming: ActivityManagerStartApps took to complete: 624ms
05-08 12:52:36.626   473   473 D SystemServerTiming: PhaseActivityManagerReady took to complete: 1165ms
05-08 12:52:36.627   473   623 I ActivityManager: Process WebViewLoader-armeabi-v7a (pid 647) has died: psvc PER 
05-08 12:52:36.629   473   473 D SystemServerInitThreadPool: Shutdown successful
05-08 12:52:36.629   473   473 D SystemServerTiming: StartServices took to complete: 5288ms
05-08 12:52:36.630   473   740 I ActivityManager: Process WebViewLoader-arm64-v8a (pid 663) has died: psvc PER 
05-08 12:52:36.657   473   502 I ActivityManager: Start proc 756:com.android.settings/1000 for activity {com.android.settings/com.android.settings.FallbackHome}
05-08 12:52:36.671   473   473 W Looper  : Slow delivery took 3059ms main h=android.app.ActivityThread$H c=null m=156
05-08 12:52:36.680   473   473 D ConditionProviders.SCP: onConnected
05-08 12:52:36.682   473   473 D ConditionProviders: Subscribing to condition://android/event?userId=-10000&calendar=&reply=1 with ComponentInfo{android/com.android.server.notification.EventConditionProvider}
05-08 12:52:36.682   473   473 D ConditionProviders: Subscribing to condition://android/schedule?days=1.2.3.4.5.6.7&start=22.0&end=7.0&exitAtAlarm=true with ComponentInfo{android/com.android.server.notification.ScheduleConditionProvider}
05-08 12:52:36.686   473   473 V SettingsProvider: Notifying for 0: content://settings/secure/location_mode
05-08 12:52:36.687   473   473 V SettingsProvider: Notifying for 0: content://settings/global/location_global_kill_switch
05-08 12:52:36.698   473   491 I ActivityTaskManager: Config changes=100 {1.15 ?mcc?mnc [en_US] ldltr sw516dp w516dp h754dp 248dpi lrg port night finger -keyb/v/h -nav/h winConfig={ mBounds=Rect(0, 0 - 800, 1280) mAppBounds=Rect(0, 0 - 800, 1206) mWindowingMode=fullscreen mDisplayWindowingMode=fullscreen mActivityType=undefined mAlwaysOnTop=undefined mRotation=ROTATION_0} s.10}
05-08 12:52:36.701   473   491 I ActivityTaskManager: Override config changes=100 {1.15 ?mcc?mnc [en_US] ldltr sw516dp w516dp h754dp 248dpi lrg port night finger -keyb/v/h -nav/h winConfig={ mBounds=Rect(0, 0 - 800, 1280) mAppBounds=Rect(0, 0 - 800, 1206) mWindowingMode=fullscreen mDisplayWindowingMode=fullscreen mActivityType=undefined mAlwaysOnTop=undefined mRotation=ROTATION_0} s.10} for displayId=0
05-08 12:52:36.722   473   473 D PackageWatchdog: Getting all observed packages pending health checks
05-08 12:52:36.723   473   473 I PackageWatchdog: Syncing health check requests for packages: {}
05-08 12:52:36.723   473   473 I ExplicitHealthCheckController: Service not ready to get health check supported packages. Binding...
05-08 12:52:36.727   473   473 I ExplicitHealthCheckController: Explicit health check service is bound
05-08 12:52:36.728   473   473 V SettingsProvider: Notifying for 0: content://settings/global/boot_count
05-08 12:52:36.749   473   502 I ActivityManager: Start proc 779:android.ext.services/u0a36 for service {android.ext.services/android.ext.services.watchdog.ExplicitHealthCheckServiceImpl}
05-08 12:52:36.819   473   473 D WiredAccessoryManager: state.contains(CDP=) return
05-08 12:52:36.820   473   473 I chatty  : uid=1000 system_server identical 3 lines
05-08 12:52:36.820   473   473 D WiredAccessoryManager: state.contains(CDP=) return
05-08 12:52:36.858   604   604 D SystemUIBootTiming: DependencyInjection took to complete: 36ms
05-08 12:52:36.867   604   604 D SystemUIBootTiming: StartServicescom.android.systemui.util.NotificationChannels took to complete: 3ms
05-08 12:52:36.868   604   604 D SystemUIBootTiming: StartServicescom.android.systemui.statusbar.CommandQueue$CommandQueueStart took to complete: 1ms
05-08 12:52:36.931   303   309 D ShelldCmdListener: {} busybox ifconfig eth0 down
05-08 12:52:36.931   303   309 D ShelldCmdListener: execute: busybox ifconfig eth0 down
05-08 12:52:37.000   604   604 D SystemUIBootTiming: StartServicescom.android.systemui.keyguard.KeyguardViewMediator took to complete: 132ms
05-08 12:52:37.075   303   309 D ShelldCmdListener: {} busybox ifconfig eth1 down
05-08 12:52:37.075   303   309 D ShelldCmdListener: execute: busybox ifconfig eth1 down
05-08 12:52:37.135   604   604 D SystemUIBootTiming: StartServicescom.android.systemui.recents.Recents took to complete: 135ms
05-08 12:52:37.189   473   502 I ActivityManager: Start proc 838:com.android.inputmethod.latin/u0a65 for service {com.android.inputmethod.latin/com.android.inputmethod.latin.LatinIME}
05-08 12:52:37.250   473   473 W Looper  : Slow dispatch took 427ms main h=com.gtl.services.ADMService$MsgHandler c=null m=1000
05-08 12:52:37.288   473   473 W ActivityManager: Skipping broadcast of Intent { act=com.telmate.commons.ACTION_KILL_APP_COMMAND flg=0x10 }: user 10 and its parent (if any) are stopped
05-08 12:52:37.387   604   604 D SystemUIBootTiming: StartServicescom.android.systemui.volume.VolumeUI took to complete: 251ms
05-08 12:52:37.423   303   309 D ShelldCmdListener: {} ioctl /dev/fm580x 1074022402 1
05-08 12:52:37.423   303   309 D ShelldCmdListener: execute: ioctl /dev/fm580x 1074022402 1
05-08 12:52:37.441   604   604 D SystemUIBootTiming: StartServicescom.android.systemui.stackdivider.Divider took to complete: 54ms
05-08 12:52:37.523   473   820 D ConnectivityService: requestNetwork for uid/pid:10046/604 NetworkRequest [ TRACK_DEFAULT id=12, [ Capabilities: INTERNET&NOT_RESTRICTED&TRUSTED Uid: 10046] ]
05-08 12:52:37.545   303   309 D ShelldCmdListener: {} mkdir /data/user_de/0/com.google.android.tts/app_voices_greco_v16/
05-08 12:52:37.545   303   309 D ShelldCmdListener: execute: mkdir /data/user_de/0/com.google.android.tts/app_voices_greco_v16/
05-08 12:52:37.572   297   297 E android.hardware.wifi@1.0-service: check_wifi_chip_type_string : AP6356S: Permission denied
05-08 12:52:37.586   297   297 I android.hardware.wifi@1.0-service: Adding interface handle for wlan0
05-08 12:52:37.587   297   297 W android.hardware.wifi@1.0-service: No active wlan interfaces in use! Using default
05-08 12:52:37.587   297   297 E android.hardware.wifi@1.0-service: Failed to register radio mode change callback
05-08 12:52:37.587   297   297 W android.hardware.wifi@1.0-service: No active wlan interfaces in use! Using default
05-08 12:52:37.588   297   297 I android.hardware.wifi@1.0-service: Configured chip in mode 0
05-08 12:52:37.588   297   297 W android.hardware.wifi@1.0-service: No active wlan interfaces in use! Using default
05-08 12:52:37.591   297   297 E android.hardware.wifi@1.0-service: Failed to set DFS flag; DFS channels may be unavailable.
05-08 12:52:37.617   335   335 I wificond: create scanner for interface with index: 6
05-08 12:52:37.617   335   335 I wificond: subscribe scan result for interface with index: 6
05-08 12:52:37.621   335   335 E wificond: No Offload Service available
05-08 12:52:37.622   335   335 I wificond: Offload HAL not supported 
05-08 12:52:37.627   473   820 I StatusBarManagerService: registerStatusBar bar=com.android.internal.statusbar.IStatusBar$Stub$Proxy@3140e06
05-08 12:52:37.629   838   902 E ActivityThread: Failed to find provider info for user_dictionary
05-08 12:52:37.691   303   309 D ShelldCmdListener: {} chown u0_a39:u0_a39 /data/user_de/0/com.google.android.tts/app_voices_greco_v16/
05-08 12:52:37.691   303   309 D ShelldCmdListener: execute: chown u0_a39:u0_a39 /data/user_de/0/com.google.android.tts/app_voices_greco_v16/
05-08 12:52:37.839   303   309 D ShelldCmdListener: {} ln -s /system/ttsVoices/fr-ca /data/user_de/0/com.google.android.tts/app_voices_greco_v16/fr-ca
05-08 12:52:37.839   303   309 D ShelldCmdListener: execute: ln -s /system/ttsVoices/fr-ca /data/user_de/0/com.google.android.tts/app_voices_greco_v16/fr-ca
05-08 12:52:37.957   604   604 D SystemUIBootTiming: StartServicescom.android.systemui.SystemBars took to complete: 515ms
05-08 12:52:37.966   604   604 D SystemUIBootTiming: StartServicescom.android.systemui.usb.StorageNotification took to complete: 9ms
05-08 12:52:37.972   303   309 D ShelldCmdListener: {} ln -s /system/ttsVoices/es-us /data/user_de/0/com.google.android.tts/app_voices_greco_v16/es-us
05-08 12:52:37.972   303   309 D ShelldCmdListener: execute: ln -s /system/ttsVoices/es-us /data/user_de/0/com.google.android.tts/app_voices_greco_v16/es-us
05-08 12:52:37.985   604   604 D SystemUIBootTiming: StartServicescom.android.systemui.power.PowerUI took to complete: 19ms
05-08 12:52:37.987   604   604 D SystemUIBootTiming: StartServicescom.android.systemui.media.RingtonePlayer took to complete: 2ms
05-08 12:52:37.989   604   604 D SystemUIBootTiming: StartServicescom.android.systemui.keyboard.KeyboardUI took to complete: 2ms
05-08 12:52:37.990   604   604 D SystemUIBootTiming: StartServicescom.android.systemui.pip.PipUI took to complete: 0ms
05-08 12:52:37.992   604   604 D SystemUIBootTiming: StartServicescom.android.systemui.shortcut.ShortcutKeyDispatcher took to complete: 2ms
05-08 12:52:37.992   604   604 D SystemUIBootTiming: StartServicescom.android.systemui.VendorServices took to complete: 0ms
05-08 12:52:37.994   604   604 D SystemUIBootTiming: StartServicescom.android.systemui.util.leak.GarbageMonitor$Service took to complete: 2ms
05-08 12:52:37.996   604   604 D SystemUIBootTiming: StartServicescom.android.systemui.LatencyTester took to complete: 2ms
05-08 12:52:37.998   604   604 D SystemUIBootTiming: StartServicescom.android.systemui.globalactions.GlobalActionsComponent took to complete: 2ms
05-08 12:52:38.000   604   604 D SystemUIBootTiming: StartServicescom.android.systemui.ScreenDecorations took to complete: 2ms
05-08 12:52:38.002   604   604 D SystemUIBootTiming: StartServicescom.android.systemui.biometrics.BiometricDialogImpl took to complete: 1ms
05-08 12:52:38.003   604   604 D SystemUIBootTiming: StartServicescom.android.systemui.SliceBroadcastRelayHandler took to complete: 1ms
05-08 12:52:38.004   604   604 D SystemUIBootTiming: StartServicescom.android.systemui.SizeCompatModeActivityController took to complete: 0ms
05-08 12:52:38.007   604   604 D SystemUIBootTiming: StartServicescom.android.systemui.statusbar.notification.InstantAppNotifier took to complete: 3ms
05-08 12:52:38.011   604   604 D SystemUIBootTiming: StartServicescom.android.systemui.theme.ThemeOverlayController took to complete: 4ms
05-08 12:52:38.027   604   604 D SystemUIBootTiming: StartServices took to complete: 1163ms
05-08 12:52:38.105   473   473 W Looper  : Slow dispatch took 855ms main h=com.gtl.services.ADMService$MsgHandler c=null m=1001
05-08 12:52:38.115   473   473 V SettingsProvider: Notifying for 0: content://settings/global/telmate_foreground_app
05-08 12:52:38.117   473   473 E TrustManagerService: EXTRA_USER_HANDLE missing or invalid, value=0
05-08 12:52:38.120   473   501 I DropBoxManagerService: add tag=system_server_wtf isTagEnabled=true flags=0x2
05-08 12:52:38.243   473   473 D AccessibilityManagerService: Ignoring non-encryption-aware service ComponentInfo{com.google.android.marvin.talkback/com.google.android.accessibility.accessibilitymenu.AccessibilityMenuService}
05-08 12:52:38.248   473   473 W Looper  : Slow dispatch took 123ms main h=android.app.ActivityThread$H c=android.app.-$$Lambda$LoadedApk$ReceiverDispatcher$Args$_BumDX2UKsnxLVrE6UJsJZkotuA@8df579 m=0
05-08 12:52:38.250   473   473 V NotificationAssistants: enabling notification assistant for 0: ComponentInfo{android.ext.services/android.ext.services.notification.Assistant}
05-08 12:52:38.250   473   473 V NotificationAssistants: binding: Intent { act=android.service.notification.NotificationAssistantService cmp=android.ext.services/.notification.Assistant (has extras) }
05-08 12:52:38.266   473   502 I ActivityManager: Start proc 923:com.gtl.accessibility/u0a35 for service {com.gtl.accessibility/com.gtl.accessibility.GtlAccessibilityService}
05-08 12:52:38.338   473   473 D ConditionProviders.SCP: onSubscribe condition://android/schedule?days=1.2.3.4.5.6.7&start=22.0&end=7.0&exitAtAlarm=true
05-08 12:52:38.339   473   473 D ConditionProviders.SCP: setRegistered true
05-08 12:52:38.355   473   578 E ActivityThread: Failed to find provider info for com.android.calendar
05-08 12:52:38.356   473   473 D ConditionProviders.SCP: evaluateSubscriptionLocked cal=ScheduleCalendar[mDays={1, 2, 3, 4, 5, 6, 7}, mSchedule=ScheduleInfo{days=[1, 2, 3, 4, 5, 6, 7], startHour=22, startMinute=0, endHour=7, endMinute=0, exitAtAlarm=true, nextAlarm=Wed Dec 31 19:00:00 EST 1969 (0)}], now=Mon May 08 12:52:38 EDT 2023 (1683564758339), nextUserAlarmTime=Wed Dec 31 19:00:00 EST 1969 (0)
05-08 12:52:38.357   473   473 D ConditionProviders.SCP: notifyCondition condition://android/schedule?days=1.2.3.4.5.6.7&start=22.0&end=7.0&exitAtAlarm=true STATE_FALSE reason=!meetsSchedule
05-08 12:52:38.359   473   473 D ConditionProviders.SCP: Scheduling evaluate for Mon May 08 22:00:00 EDT 2023 (1683597600000), in +9h7m21s661ms, now=Mon May 08 12:52:38 EDT 2023 (1683564758339)
05-08 12:52:38.361   473   578 E ActivityThread: Failed to find provider info for com.android.calendar
05-08 12:52:38.416   473   473 I ExplicitHealthCheckController: Explicit health check service is connected ComponentInfo{android.ext.services/android.ext.services.watchdog.ExplicitHealthCheckServiceImpl}
05-08 12:52:38.421   473   473 I ExplicitHealthCheckController: Service initialized, syncing requests
05-08 12:52:38.442   473   473 I ActivityTaskManager: user 0 is still locked. Cannot load recents
05-08 12:52:38.446   473   473 V SettingsProvider: Notifying for 0: content://settings/global/telmate_foreground_app
05-08 12:52:38.453   473   473 D AutofillManagerService: Restriction did not change for user 0
05-08 12:52:38.459   297   297 E android.hardware.wifi@1.0-service: check_wifi_chip_type_string : AP6356S: Permission denied
05-08 12:52:38.466   473   473 V NotificationAssistants: 0 notification assistant service connected: ComponentInfo{android.ext.services/android.ext.services.notification.Assistant}
05-08 12:52:38.470   473   473 D PackageWatchdog: Getting all observed packages pending health checks
05-08 12:52:38.470   473   473 I PackageWatchdog: Syncing health check requests for packages: {}
05-08 12:52:38.471   473   473 D ExplicitHealthCheckController: Getting health check supported packages
05-08 12:52:38.475   473   473 W Looper  : Drained
05-08 12:52:38.476   473   820 I ExplicitHealthCheckController: Explicit health check supported packages []
05-08 12:52:38.476   473   820 D PackageWatchdog: Received supported packages []
05-08 12:52:38.477   473   820 D ExplicitHealthCheckController: Getting health check requested packages
05-08 12:52:38.479   473   820 I ExplicitHealthCheckController: Explicit health check requested packages []
05-08 12:52:38.480   473   820 I ExplicitHealthCheckController: No more health check requests, unbinding...
05-08 12:52:38.482   473   820 I ExplicitHealthCheckController: Explicit health check service is unbound
05-08 12:52:38.522   473   494 I DropBoxManagerService: add tag=system_app_strictmode isTagEnabled=true flags=0x2
05-08 12:52:38.527   473   494 I DropBoxManagerService: add tag=system_app_strictmode isTagEnabled=true flags=0x2
05-08 12:52:38.594   473   473 D AccessibilityManagerService: Ignoring non-encryption-aware service ComponentInfo{com.google.android.marvin.talkback/com.google.android.accessibility.accessibilitymenu.AccessibilityMenuService}
05-08 12:52:38.625   473   569 E WifiP2pService: Unable to change interface settings: java.lang.IllegalStateException: android.os.ServiceSpecificException: [No such device] : ioctl() failed (code 19)
05-08 12:52:38.626   473   569 E WifiP2pService: sendP2pConnectionChangedBroadcast(): WifiChannel is null
05-08 12:52:39.289   473   495 I WindowManager: ******* TELLING SURFACE FLINGER WE ARE BOOTED!
05-08 12:52:39.298   473   495 I ActivityManager: About to commit checkpoint
05-08 12:52:39.300   473   495 I SystemServiceManager: Starting phase 1000
05-08 12:52:39.305   473   509 V DisplayPowerController: Brightness [60] reason changing to: 'manual', previous reason: 'override'.
05-08 12:52:39.307   473   561 D StorageManagerService: Thinking about init, mBootCompleted=true, mDaemonConnected=true
05-08 12:52:39.307   473   495 D TestHarnessModeService: Completing Test Harness Mode setup.
05-08 12:52:39.307   473   561 D StorageManagerService: Thinking about reset, mBootCompleted=true, mDaemonConnected=true
05-08 12:52:39.307   473   495 D TestHarnessModeService: Getting PersistentDataBlockManagerInternal from LocalServices
05-08 12:52:39.307   473   495 E TestHarnessModeService: Failed to start Test Harness Mode; no implementation of PersistentDataBlockManagerInternal was bound!
05-08 12:52:39.308   473   501 I ActivityManager: Force stopping com.android.providers.media appid=10043 user=-1: vold reset
05-08 12:52:39.311   473   623 V StorageManagerService: Found primary storage at VolumeInfo{emulated}:
05-08 12:52:39.311   473   623 V StorageManagerService:     type=EMULATED diskId=null partGuid= mountFlags=0 mountUserId=-10000 
05-08 12:52:39.311   473   623 V StorageManagerService:     state=UNMOUNTED 
05-08 12:52:39.311   473   623 V StorageManagerService:     fsType=null fsUuid=null fsLabel=null 
05-08 12:52:39.311   473   623 V StorageManagerService:     path=null internalPath=null 
05-08 12:52:39.316   179   196 D vold    : Waiting for FUSE to spin up...
05-08 12:52:39.321   473   495 D ActivityManager: Finishing user boot 0
05-08 12:52:39.323   473   495 I ActivityManager: User 0 state changed from BOOTING to RUNNING_LOCKED
05-08 12:52:39.326   473   495 D StorageManagerService: unlockUserKey: 0
05-08 12:52:39.328   179   257 D vold    : fscrypt_unlock_user_key 0 serial=0 token_present=0
05-08 12:52:39.344   179   257 D vold    : Skipping non-key .
05-08 12:52:39.344   179   257 D vold    : Skipping non-key ..
05-08 12:52:39.344   179   257 D vold    : Trying user CE key /data/misc/vold/user_keys/ce/0/current
05-08 12:52:39.356   976   976 W sdcard  : Device explicitly enabled sdcardfs
05-08 12:52:39.365   179   257 I vold    : List of Keymaster HALs found:
05-08 12:52:39.366   179   257 I vold    : Keymaster HAL #1: SoftwareWrappedKeymaster2Device from Google SecurityLevel: TRUSTED_ENVIRONMENT HAL: android.hardware.keymaster@3.0::IKeymasterDevice/default
05-08 12:52:39.367   179   257 I vold    : Using SoftwareWrappedKeymaster2Device from Google for encryption.  Security level: TRUSTED_ENVIRONMENT, HAL: android.hardware.keymaster@3.0::IKeymasterDevice/default
05-08 12:52:39.376   179   257 D vold    : Successfully retrieved key
05-08 12:52:39.392   179   257 D vold    : Added key 1067159824 (ext4:20e306ea7d80ce94) to keyring 934374887 in process 179
05-08 12:52:39.392   179   257 D vold    : Added key 846192065 (f2fs:20e306ea7d80ce94) to keyring 934374887 in process 179
05-08 12:52:39.392   179   257 D vold    : Added key 222142441 (fscrypt:20e306ea7d80ce94) to keyring 934374887 in process 179
05-08 12:52:39.393   179   257 D vold    : Installed ce key for user 0
05-08 12:52:39.393   473   495 D ActivityManager: UserController event: finishUserUnlocking(0)
05-08 12:52:39.393   473   495 D ActivityManager: Started unlocking user 0
05-08 12:52:39.394   473   495 D ActivityManager: Unlocking user 0 progress 0
05-08 12:52:39.394   473   495 D ActivityManager: Unlocking user 0 progress 5
05-08 12:52:39.409   473   495 D ColorDisplayService: setUp: currentUser=0
05-08 12:52:39.424   179   257 D vold    : fscrypt_prepare_user_storage for volume null, user 0, serial 0, flags 2
05-08 12:52:39.424   179   257 D vold    : Preparing: /data/system_ce/0
05-08 12:52:39.424   179   257 D vold    : Preparing: /data/misc_ce/0
05-08 12:52:39.425   179   257 D vold    : Preparing: /data/vendor_ce/0
05-08 12:52:39.426   473   571 D ConnectivityService: Got NetworkFactory Messenger for WifiNetworkFactory
05-08 12:52:39.426   473   571 D ConnectivityService: Got NetworkFactory Messenger for UntrustedWifiNetworkFactory
05-08 12:52:39.428   179   257 D vold    : Preparing: /data/media/0
05-08 12:52:39.430   179   257 D vold    : Preparing: /data/data
05-08 12:52:39.435   179   257 I vold    : Found policy 20e306ea7d80ce94 at /data/system_ce/0 which matches expected value
05-08 12:52:39.437   179   257 I vold    : Found policy 20e306ea7d80ce94 at /data/misc_ce/0 which matches expected value
05-08 12:52:39.437   179   257 I vold    : Found policy 20e306ea7d80ce94 at /data/vendor_ce/0 which matches expected value
05-08 12:52:39.438   179   257 I vold    : Found policy 20e306ea7d80ce94 at /data/media/0 which matches expected value
05-08 12:52:39.438   179   257 I vold    : Found policy 20e306ea7d80ce94 at /data/data which matches expected value
05-08 12:52:39.438   179   257 D vold    : Starting restorecon of /data/system_ce/0
05-08 12:52:39.454   473   502 I ActivityManager: Start proc 981:com.google.android.marvin.talkback/u0a41 for broadcast {com.google.android.marvin.talkback/com.google.android.accessibility.talkback.BootReceiver}
05-08 12:52:39.511   179   257 D vold    : Finished restorecon of /data/system_ce/0
05-08 12:52:39.512   179   257 D vold    : Starting restorecon of /data/vendor_ce/0
05-08 12:52:39.528   179   257 D vold    : Finished restorecon of /data/vendor_ce/0
05-08 12:52:39.528   179   257 D vold    : Starting restorecon of /data/misc_ce/0
05-08 12:52:39.573   179   257 D vold    : Finished restorecon of /data/misc_ce/0
05-08 12:52:39.574   179   257 D vold    : /system/bin/vold_prepare_subdirs
05-08 12:52:39.574   179   257 D vold    :     prepare
05-08 12:52:39.574   179   257 D vold    :     
05-08 12:52:39.574   179   257 D vold    :     0
05-08 12:52:39.574   179   257 D vold    :     2
05-08 12:52:39.611   473   492 V UserDataPreparer: Found /data/user/0 with serial number 0
05-08 12:52:39.611   473   492 V UserDataPreparer: Found /data/system_ce/0 with serial number 0
05-08 12:52:39.612   473   492 D UserDataPreparer: Setting property: sys.user.0.ce_available=true
05-08 12:52:39.613   473   492 V PackageManager: reconcileAppsData for null u0 0x2 migrateAppData=false
05-08 12:52:40.600   473   492 V PackageManager: reconcileAppsData finished 234 packages
05-08 12:52:40.600   473   492 I ActivityManager: User 0 state changed from RUNNING_LOCKED to RUNNING_UNLOCKING
05-08 12:52:40.600   473   492 D ActivityManager: Unlocking user 0 progress 20
05-08 12:52:40.601   473   492 W Looper  : Slow dispatch took 1180ms android.fg h=android.os.Handler c=com.android.server.am.-$$Lambda$UserController$stQk1028ON105v_u-VMykVjcxLk@f0c72 m=0
05-08 12:52:40.601   473   501 I SystemServiceManager: Calling onUnlockUser u0
05-08 12:52:40.601   473   501 D SystemServiceManager: onUnlockUser-0 com.android.server.pm.Installer took to complete: 0ms
05-08 12:52:40.601   473   492 W Looper  : Slow delivery took 1207ms android.fg h=android.os.Handler c=com.android.server.am.-$$Lambda$UserController$G0WJmqt4X_QG30fRlvXobn18mrE@ba8c540 m=0
05-08 12:52:40.601   473   501 D SystemServiceManager: onUnlockUser-0 com.android.server.os.DeviceIdentifiersPolicyService took to complete: 0ms
05-08 12:52:40.601   473   501 D SystemServiceManager: onUnlockUser-0 com.android.server.uri.UriGrantsManagerService$Lifecycle took to complete: 0ms
05-08 12:52:40.625   473   501 D SystemServiceManager: onUnlockUser-0 com.android.server.wm.ActivityTaskManagerService$Lifecycle took to complete: 24ms
05-08 12:52:40.625   473   501 D SystemServiceManager: onUnlockUser-0 com.android.server.am.ActivityManagerService$Lifecycle took to complete: 0ms
05-08 12:52:40.625   473   501 D SystemServiceManager: onUnlockUser-0 com.android.server.power.PowerManagerService took to complete: 0ms
05-08 12:52:40.625   473   501 D SystemServiceManager: onUnlockUser-0 com.android.server.power.ThermalManagerService took to complete: 0ms
05-08 12:52:40.625   473   501 D SystemServiceManager: onUnlockUser-0 com.android.server.RecoverySystemService took to complete: 0ms
05-08 12:52:40.625   473   501 D SystemServiceManager: onUnlockUser-0 com.android.server.lights.LightsService took to complete: 0ms
05-08 12:52:40.625   473   501 D SystemServiceManager: onUnlockUser-0 com.android.server.display.DisplayManagerService took to complete: 0ms
05-08 12:52:40.626   473   501 D SystemServiceManager: onUnlockUser-0 com.android.server.pm.UserManagerService$LifeCycle took to complete: 0ms
05-08 12:52:40.626   473   501 D SystemServiceManager: onUnlockUser-0 com.android.server.om.OverlayManagerService took to complete: 0ms
05-08 12:52:40.626   473   501 D SystemServiceManager: onUnlockUser-0 com.android.server.SensorPrivacyService took to complete: 0ms
05-08 12:52:40.626   473   501 D SystemServiceManager: onUnlockUser-0 com.android.server.BatteryService took to complete: 0ms
05-08 12:52:40.626   473   501 D SystemServiceManager: onUnlockUser-0 com.android.server.usage.UsageStatsService took to complete: 0ms
05-08 12:52:40.626   473   501 D SystemServiceManager: onUnlockUser-0 com.android.server.webkit.WebViewUpdateService took to complete: 0ms
05-08 12:52:40.626   473   501 D SystemServiceManager: onUnlockUser-0 com.android.server.CachedDeviceStateService took to complete: 0ms
05-08 12:52:40.626   473   501 D SystemServiceManager: onUnlockUser-0 com.android.server.BinderCallsStatsService$LifeCycle took to complete: 0ms
05-08 12:52:40.626   473   501 D SystemServiceManager: onUnlockUser-0 com.android.server.LooperStatsService$Lifecycle took to complete: 0ms
05-08 12:52:40.627   473   501 D SystemServiceManager: onUnlockUser-0 com.android.server.rollback.RollbackManagerService took to complete: 0ms
05-08 12:52:40.627   473   501 D SystemServiceManager: onUnlockUser-0 com.android.server.os.BugreportManagerService took to complete: 0ms
05-08 12:52:40.627   473   501 D SystemServiceManager: onUnlockUser-0 com.android.server.gpu.GpuService took to complete: 0ms
05-08 12:52:40.627   473   501 D SystemServiceManager: onUnlockUser-0 com.android.server.security.KeyChainSystemService took to complete: 0ms
05-08 12:52:40.627   473   501 D SystemServiceManager: onUnlockUser-0 com.android.server.telecom.TelecomLoaderService took to complete: 0ms
05-08 12:52:40.627   473   501 D SystemServiceManager: onUnlockUser-0 com.android.server.accounts.AccountManagerService$Lifecycle took to complete: 0ms
05-08 12:52:40.627   473   501 D SystemServiceManager: onUnlockUser-0 com.android.server.content.ContentService$Lifecycle took to complete: 0ms
05-08 12:52:40.627   473   501 D SystemServiceManager: onUnlockUser-0 com.android.server.DropBoxManagerService took to complete: 0ms
05-08 12:52:40.627   473   501 D SystemServiceManager: onUnlockUser-0 com.android.server.AlarmManagerService took to complete: 0ms
05-08 12:52:40.627   473   501 D BluetoothManagerService: User 0 unlocked
05-08 12:52:40.627   473   501 D SystemServiceManager: onUnlockUser-0 com.android.server.BluetoothService took to complete: 0ms
05-08 12:52:40.627   473   501 D SystemServiceManager: onUnlockUser-0 com.android.server.connectivity.IpConnectivityMetrics took to complete: 0ms
05-08 12:52:40.627   473   501 D SystemServiceManager: onUnlockUser-0 com.android.server.net.watchlist.NetworkWatchlistService$Lifecycle took to complete: 0ms
05-08 12:52:40.627   473   501 D SystemServiceManager: onUnlockUser-0 com.android.server.PinnerService took to complete: 0ms
05-08 12:52:40.628   473   501 D SystemServiceManager: onUnlockUser-0 com.android.server.inputmethod.InputMethodManagerService$Lifecycle took to complete: 0ms
05-08 12:52:40.628   473   501 D SystemServiceManager: onUnlockUser-0 com.android.server.accessibility.AccessibilityManagerService$Lifecycle took to complete: 0ms
05-08 12:52:40.628   473   501 D StorageManagerService: onUnlockUser 0
05-08 12:52:40.629   179   257 D vold    : Linking /storage/emulated/0 to /mnt/user/0/primary
05-08 12:52:40.629   473   494 D BluetoothManagerService: MESSAGE_USER_UNLOCKED
05-08 12:52:40.644   473   501 D SystemServiceManager: onUnlockUser-0 com.android.server.StorageManagerService$Lifecycle took to complete: 16ms
05-08 12:52:40.644   473   501 D SystemServiceManager: onUnlockUser-0 com.android.server.usage.StorageStatsService$Lifecycle took to complete: 0ms
05-08 12:52:40.644   473   501 D SystemServiceManager: onUnlockUser-0 com.android.server.UiModeManagerService took to complete: 0ms
05-08 12:52:40.645   473   501 D SystemServiceManager: onUnlockUser-0 com.android.server.locksettings.LockSettingsService$Lifecycle took to complete: 1ms
05-08 12:52:40.645   473   501 D SystemServiceManager: onUnlockUser-0 com.android.server.testharness.TestHarnessModeService took to complete: 0ms
05-08 12:52:40.646   473   501 D SystemServiceManager: onUnlockUser-0 com.android.server.DeviceIdleController took to complete: 0ms
05-08 12:52:40.646   473   501 D SystemServiceManager: onUnlockUser-0 com.android.server.devicepolicy.DevicePolicyManagerService$Lifecycle took to complete: 0ms
05-08 12:52:40.649   473   501 D SystemServiceManager: onUnlockUser-0 com.android.server.textservices.TextServicesManagerService$Lifecycle took to complete: 3ms
05-08 12:52:40.649   473   501 D SystemServiceManager: onUnlockUser-0 com.android.server.textclassifier.TextClassificationManagerService$Lifecycle took to complete: 0ms
05-08 12:52:40.649   473   501 D SystemServiceManager: onUnlockUser-0 com.android.server.NetworkScoreService$Lifecycle took to complete: 0ms
05-08 12:52:40.649   473   501 D SystemServiceManager: onUnlockUser-0 com.android.server.wifi.WifiService took to complete: 0ms
05-08 12:52:40.649   473   501 D SystemServiceManager: onUnlockUser-0 com.android.server.wifi.scanner.WifiScanningService took to complete: 0ms
05-08 12:52:40.649   473   501 D SystemServiceManager: onUnlockUser-0 com.android.server.wifi.p2p.WifiP2pService took to complete: 0ms
05-08 12:52:40.649   473   501 D SystemServiceManager: onUnlockUser-0 com.android.server.ethernet.EthernetService took to complete: 0ms
05-08 12:52:40.649   473   501 D SystemServiceManager: onUnlockUser-0 com.android.server.notification.NotificationManagerService took to complete: 0ms
05-08 12:52:40.649   473   501 D SystemServiceManager: onUnlockUser-0 com.android.server.storage.DeviceStorageMonitorService took to complete: 0ms
05-08 12:52:40.650   473   501 D SystemServiceManager: onUnlockUser-0 com.android.server.timedetector.TimeDetectorService$Lifecycle took to complete: 0ms
05-08 12:52:40.651   473   501 D SystemServiceManager: onUnlockUser-0 com.android.server.search.SearchManagerService$Lifecycle took to complete: 0ms
05-08 12:52:40.651   473   501 D SystemServiceManager: onUnlockUser-0 com.android.server.wallpaper.WallpaperManagerService$Lifecycle took to complete: 1ms
05-08 12:52:40.651   473   501 D SystemServiceManager: onUnlockUser-0 com.android.server.audio.AudioService$Lifecycle took to complete: 0ms
05-08 12:52:40.651   473   501 D SystemServiceManager: onUnlockUser-0 com.android.server.DockObserver took to complete: 0ms
05-08 12:52:40.651   473   501 D SystemServiceManager: onUnlockUser-0 com.android.server.adb.AdbService$Lifecycle took to complete: 0ms
05-08 12:52:40.651   473   501 D SystemServiceManager: onUnlockUser-0 com.android.server.usb.UsbService$Lifecycle took to complete: 0ms
05-08 12:52:40.651   473   501 D SystemServiceManager: onUnlockUser-0 com.android.server.twilight.TwilightService took to complete: 0ms
05-08 12:52:40.651   473   501 D SystemServiceManager: onUnlockUser-0 com.android.server.display.color.ColorDisplayService took to complete: 0ms
05-08 12:52:40.651   473   501 D SystemServiceManager: onUnlockUser-0 com.android.server.job.JobSchedulerService took to complete: 0ms
05-08 12:52:40.651   473   501 D SystemServiceManager: onUnlockUser-0 com.android.server.soundtrigger.SoundTriggerService took to complete: 0ms
05-08 12:52:40.651   473   501 D SystemServiceManager: onUnlockUser-0 com.android.server.trust.TrustManagerService took to complete: 0ms
05-08 12:52:40.651   473   501 D SystemServiceManager: onUnlockUser-0 com.android.server.role.RoleManagerService took to complete: 0ms
05-08 12:52:40.652   473   492 W Looper  : Drained
05-08 12:52:40.652   473   501 D VoiceInteractionManagerService: initForUser(0) took to complete: 1ms
05-08 12:52:40.654   473   501 D VoiceInteractionManagerService: switchImplementation(0) took to complete: 2ms
05-08 12:52:40.654   473   501 D SystemServiceManager: onUnlockUser-0 com.android.server.voiceinteraction.VoiceInteractionManagerService took to complete: 3ms
05-08 12:52:40.654   473   501 D SystemServiceManager: onUnlockUser-0 com.android.server.GestureLauncherService took to complete: 0ms
05-08 12:52:40.654   473   501 D SystemServiceManager: onUnlockUser-0 com.android.server.SensorNotificationService took to complete: 0ms
05-08 12:52:40.654   473   501 D SystemServiceManager: onUnlockUser-0 com.android.server.ContextHubSystemService took to complete: 0ms
05-08 12:52:40.654   473   501 D SystemServiceManager: onUnlockUser-0 com.android.server.emergency.EmergencyAffordanceService took to complete: 0ms
05-08 12:52:40.654   473   501 D SystemServiceManager: onUnlockUser-0 com.android.server.dreams.DreamManagerService took to complete: 0ms
05-08 12:52:40.655   473   501 D SystemServiceManager: onUnlockUser-0 com.android.server.print.PrintManagerService took to complete: 1ms
05-08 12:52:40.658   473   501 D SystemServiceManager: onUnlockUser-0 com.android.server.companion.CompanionDeviceManagerService took to complete: 1ms
05-08 12:52:40.658   473   501 D SystemServiceManager: onUnlockUser-0 com.android.server.restrictions.RestrictionsManagerService took to complete: 0ms
05-08 12:52:40.658   473   501 D SystemServiceManager: onUnlockUser-0 com.android.server.media.MediaSessionService took to complete: 0ms
05-08 12:52:40.659   473   501 D SystemServiceManager: onUnlockUser-0 com.android.server.pm.ShortcutService$Lifecycle took to complete: 1ms
05-08 12:52:40.660   473   501 D SystemServiceManager: onUnlockUser-0 com.android.server.pm.LauncherAppsService took to complete: 0ms
05-08 12:52:40.660   473   501 D SystemServiceManager: onUnlockUser-0 com.android.server.pm.CrossProfileAppsService took to complete: 0ms
05-08 12:52:40.660   473   501 D SystemServiceManager: onUnlockUser-0 com.android.server.media.projection.MediaProjectionManagerService took to complete: 0ms
05-08 12:52:40.660   473   501 D SystemServiceManager: onUnlockUser-0 com.android.server.slice.SliceManagerService$Lifecycle took to complete: 0ms
05-08 12:52:40.660   473   501 D SystemServiceManager: onUnlockUser-0 com.android.server.camera.CameraServiceProxy took to complete: 0ms
05-08 12:52:40.660   473   501 D SystemServiceManager: onUnlockUser-0 com.android.server.stats.StatsCompanionService$Lifecycle took to complete: 0ms
05-08 12:52:40.660   473   501 D SystemServiceManager: onUnlockUser-0 com.android.server.incident.IncidentCompanionService took to complete: 0ms
05-08 12:52:40.660   473   501 D SystemServiceManager: onUnlockUser-0 com.android.server.MmsServiceBroker took to complete: 0ms
05-08 12:52:40.660   473   493 D AutofillUI: destroySaveUiUiThread(): already destroyed
05-08 12:52:40.660   473   501 D AutofillManagerServiceImpl: Reset component for user 0:
05-08 12:52:40.660   473   501 D FieldClassificationStrategy: reset(): service is not bound. Do nothing.
05-08 12:52:40.661   473   501 D SystemServiceManager: onUnlockUser-0 com.android.server.autofill.AutofillManagerService took to complete: 0ms
05-08 12:52:40.661   473   501 D SystemServiceManager: onUnlockUser-0 com.android.server.clipboard.ClipboardService took to complete: 0ms
05-08 12:52:40.661   473   501 W AppBindingService: [Default SMS app] u0 Target package not found
05-08 12:52:40.661   473   501 D SystemServiceManager: onUnlockUser-0 com.android.server.appbinding.AppBindingService$Lifecycle took to complete: 0ms
05-08 12:52:40.661   473   501 D SystemServiceManager: onUnlockUser-0 com.android.server.policy.PermissionPolicyService took to complete: 0ms
05-08 12:52:40.661   473   501 D SystemServiceManager: ssm.unlockUser-0 took to complete: 60ms
05-08 12:52:40.661   473   501 D ActivityManager: UserController event: finishUserUnlocked(0)
05-08 12:52:40.662   473   501 I ActivityManager: User 0 state changed from RUNNING_UNLOCKING to RUNNING_UNLOCKED
05-08 12:52:40.662   473   492 I ActivityTaskManager: Loading recents for user 0 into memory.
05-08 12:52:40.662   473   501 D SystemServerTiming: SystemUserUnlock took to complete: 1269ms
05-08 12:52:40.695   473   501 D ActivityManager: UserController event: finishUserUnlockedCompleted(0)
05-08 12:52:40.695   473   501 I ActivityManager: Posting BOOT_COMPLETED user #0
05-08 12:52:40.697   473   502 I ActivityManager: Start proc 1013:com.android.nfc/1027 for added application com.android.nfc
05-08 12:52:40.702   473   494 I DropBoxManagerService: add tag=system_server_strictmode isTagEnabled=true flags=0x2
05-08 12:52:40.707   473   494 I chatty  : uid=1000(system) android.io identical 1 line
05-08 12:52:40.711   473   494 I DropBoxManagerService: add tag=system_server_strictmode isTagEnabled=true flags=0x2
05-08 12:52:40.714   473   473 V NotificationAssistants: disabling notification assistant for user 0: ComponentInfo{android.ext.services/android.ext.services.notification.Assistant}
05-08 12:52:40.715   473   473 D NotificationListeners: Removing active service ComponentInfo{android.ext.services/android.ext.services.notification.Assistant}
05-08 12:52:40.716   473   494 I DropBoxManagerService: add tag=system_server_strictmode isTagEnabled=true flags=0x2
