05-08 12:52:40.722   473   473 V NotificationAssistants: enabling notification assistant for 0: ComponentInfo{android.ext.services/android.ext.services.notification.Assistant}
05-08 12:52:40.724   473   494 I DropBoxManagerService: add tag=system_server_strictmode isTagEnabled=true flags=0x2
05-08 12:52:40.728   473   494 I DropBoxManagerService: add tag=system_server_strictmode isTagEnabled=true flags=0x2
05-08 12:52:40.730   473   473 V NotificationAssistants: binding: Intent { act=android.service.notification.NotificationAssistantService cmp=android.ext.services/.notification.Assistant (has extras) }
05-08 12:52:40.734   473   494 I DropBoxManagerService: add tag=system_server_strictmode isTagEnabled=true flags=0x2
05-08 12:52:40.741   473   494 I DropBoxManagerService: add tag=system_server_strictmode isTagEnabled=true flags=0x2
05-08 12:52:40.742   473   502 W ActivityManager: Slow operation: 64ms so far, now at startProcess: returned from zygote!
05-08 12:52:40.745   473   740 I ActivityTaskManager: START u0 {act=android.intent.action.MAIN cat=[android.intent.category.HOME] flg=0x10000100 cmp=com.telmate.odin/.LoginActivity} from uid 0
05-08 12:52:40.745   473   494 I DropBoxManagerService: add tag=system_server_strictmode isTagEnabled=true flags=0x2
05-08 12:52:40.756   473   494 I DropBoxManagerService: add tag=system_server_strictmode isTagEnabled=true flags=0x2
05-08 12:52:40.791   473   502 W ActivityManager: Slow operation: 114ms so far, now at startProcess: done updating battery stats
05-08 12:52:40.791   473   502 W ActivityManager: Slow operation: 114ms so far, now at startProcess: building log message
05-08 12:52:40.791   473   502 I ActivityManager: Start proc 1031:com.android.se/1068 for added application com.android.se
05-08 12:52:40.791   473   502 W ActivityManager: Slow operation: 114ms so far, now at startProcess: starting to update pids map
05-08 12:52:40.792   473   502 W ActivityManager: Slow operation: 114ms so far, now at startProcess: done updating pids map
05-08 12:52:40.838   473   502 I ActivityManager: Start proc 1059:com.android.keychain/1000 for service {com.android.keychain/com.android.keychain.KeyChainService}
05-08 12:52:40.866   473   473 V SettingsProvider: Notifying for 0: content://settings/global/telmate_foreground_app
05-08 12:52:40.870   473   473 V NotificationAssistants: 0 notification assistant service connected: ComponentInfo{android.ext.services/android.ext.services.notification.Assistant}
05-08 12:52:40.876   473   561 D StorageManagerService: Volume emulated broadcasting mounted to UserHandle{0}
05-08 12:52:40.897   473   502 W ActivityManager: Slow operation: 71ms so far, now at startProcess: returned from zygote!
05-08 12:52:40.900   473  1073 I DropBoxManagerService: add tag=SYSTEM_BOOT isTagEnabled=true flags=0x2
05-08 12:52:40.906   473   502 W ActivityManager: Slow operation: 79ms so far, now at startProcess: done updating battery stats
05-08 12:52:40.906   473   502 W ActivityManager: Slow operation: 80ms so far, now at startProcess: building log message
05-08 12:52:40.906   473   502 I ActivityManager: Start proc 1074:com.telmate.odin/1000 for activity {com.telmate.odin/com.telmate.odin.LoginActivity}
05-08 12:52:40.906   473   502 W ActivityManager: Slow operation: 80ms so far, now at startProcess: starting to update pids map
05-08 12:52:40.906   473   502 W ActivityManager: Slow operation: 80ms so far, now at startProcess: done updating pids map
05-08 12:52:40.907   473  1073 I BootReceiver: Copying audit failures to DropBox
05-08 12:52:40.910   473  1073 I BootReceiver: Checking for fsck errors
05-08 12:52:40.913   473  1073 I BootReceiver: fs_stat, partition:cache stat:0x3
05-08 12:52:40.940   473   602 I SyncManager: Loaded persisted syncs: 0 periodic syncs, 0 oneshot syncs, 12 total system server jobs, JobStats: FirstLoad: 4/2/0 LastSave: -1/-1/-1
05-08 12:52:40.971   473   502 W ActivityManager: Slow operation: 58ms so far, now at startProcess: done updating battery stats
05-08 12:52:40.971   473   502 W ActivityManager: Slow operation: 58ms so far, now at startProcess: building log message
05-08 12:52:40.971   473   502 I ActivityManager: Start proc 1102:com.android.dynsystem/1000 for broadcast {com.android.dynsystem/com.android.dynsystem.BootCompletedReceiver}
05-08 12:52:40.971   473   502 W ActivityManager: Slow operation: 58ms so far, now at startProcess: starting to update pids map
05-08 12:52:40.971   473   502 W ActivityManager: Slow operation: 58ms so far, now at startProcess: done updating pids map
05-08 12:52:41.015   473   502 W ActivityManager: Slow operation: 63ms so far, now at startProcess: returned from zygote!
05-08 12:52:41.015   473   502 W ActivityManager: Slow operation: 64ms so far, now at startProcess: done updating battery stats
05-08 12:52:41.017   473   502 W ActivityManager: Slow operation: 65ms so far, now at startProcess: building log message
05-08 12:52:41.017   473   502 I ActivityManager: Start proc 1122:android.process.media/u0a43 for content provider {com.android.providers.downloads/com.android.providers.downloads.DownloadProvider}
05-08 12:52:41.017   473   502 W ActivityManager: Slow operation: 66ms so far, now at startProcess: starting to update pids map
05-08 12:52:41.017   473   502 W ActivityManager: Slow operation: 66ms so far, now at startProcess: done updating pids map
05-08 12:52:41.124   473  1109 D DynamicSystemService: GsiService is not ready, wait for 64ms
05-08 12:52:41.195   473   755 W DynamicSystemService: gsiservice died; reconnecting
05-08 12:52:41.481   473   740 D PackageManager: Instant App installer not found with android.intent.action.INSTALL_INSTANT_APP_PACKAGE
05-08 12:52:41.481   473   740 D PackageManager: Clear ephemeral installer activity
05-08 12:52:41.569   473   502 I ActivityManager: Start proc 1179:com.android.onetimeinitializer/u0a63 for broadcast {com.android.onetimeinitializer/com.android.onetimeinitializer.OneTimeInitializerReceiver}
05-08 12:52:41.720   473   502 I ActivityManager: Start proc 1204:com.android.packageinstaller/u0a45 for broadcast {com.android.packageinstaller/com.android.packageinstaller.TemporaryFileManager}
05-08 12:52:41.880   473   502 I ActivityManager: Start proc 1225:com.android.permissioncontroller/u0a38 for broadcast {com.android.permissioncontroller/com.android.packageinstaller.permission.service.LocationAccessCheck$SetupPeriodicBackgroundLocationAccessCheck}
05-08 12:52:42.124   473   502 I ActivityManager: Start proc 1248:com.android.traceur/u0a61 for broadcast {com.android.traceur/com.android.traceur.Receiver}
05-08 12:52:42.273   473   740 I ActivityManager: Finished processing BOOT_COMPLETED for u0
05-08 12:52:42.902   335   335 W wificond: Scan is not started. Ignore abort request
05-08 12:52:43.079   473   568 D ConnectivityService: registerNetworkAgent NetworkAgentInfo{ ni{[type: WIFI[], state: CONNECTING/CONNECTING, reason: (unspecified), extra: (none), failover: false, available: true, roaming: false]}  network{100}  nethandle{432902426637}  lp{{LinkAddresses: [ ] DnsAddresses: [ ] Domains: null MTU: 0 Routes: [ ]}}  nc{[ Transports: WIFI Capabilities: NOT_METERED&INTERNET&NOT_RESTRICTED&NOT_VPN&NOT_ROAMING&FOREGROUND&NOT_CONGESTED&NOT_SUSPENDED LinkUpBandwidth>=1048576Kbps LinkDnBandwidth>=1048576Kbps Specifier: <WifiNetworkAgentSpecifier [WifiConfiguration=, SSID="Telmate", BSSID=00:11:74:ac:6a:10, mOriginalRequestorUid=-1, mOriginalRequestorPackageName=]> SSID: "Telmate"]}  Score{20}  everValidated{false}  lastValidated{false}  created{false} lingering{false} explicitlySelected{false} acceptUnvalidated{false} everCaptivePortalDetected{false} lastCaptivePortalDetected{false} captivePortalValidationPending{false} partialConnectivity{false} acceptPartialConnectivity{false} clat{mBaseIface: null, mIface: null, mState: IDLE} }
05-08 12:52:43.104   473   571 D ConnectivityService: NetworkAgentInfo [WIFI () - 100] EVENT_NETWORK_INFO_CHANGED, going from null to CONNECTING
05-08 12:52:43.142   473   571 D ConnectivityService: NetworkAgentInfo [WIFI () - 100] EVENT_NETWORK_INFO_CHANGED, going from CONNECTING to CONNECTING
05-08 12:52:43.148   473   571 D ConnectivityService: Adding iface wlan0 to network 100
05-08 12:52:43.151   473   571 E ConnectivityService: Exception adding interface: java.lang.IllegalStateException: android.os.ServiceSpecificException: Machine is not on the network (code 64)
05-08 12:52:43.281   473   571 E ConnectivityService: Exception in addRoute for non-gateway: java.lang.IllegalStateException: android.os.ServiceSpecificException: Machine is not on the network (code 64)
05-08 12:52:43.283   473   571 E ConnectivityService: Exception in addRoute for gateway: java.lang.IllegalStateException: android.os.ServiceSpecificException: Machine is not on the network (code 64)
05-08 12:52:43.310   473   571 D ConnectivityService: Setting DNS servers for network 100 to [/100.100.0.1]
05-08 12:52:43.312   473   571 D DnsManager: setDnsConfigurationForNetwork(100, [100.100.0.1], [], 1800, 25, 8, 64, 0, 0, , [])
05-08 12:52:43.316   473   571 E DnsManager: Error setting DNS configuration: android.os.ServiceSpecificException: Machine is not on the network (code 64)
05-08 12:52:43.324   473   506 E BatteryExternalStatsWorker: no controller energy info supplied for wifi
05-08 12:52:43.346   473   571 D ConnectivityService: NetworkAgentInfo [WIFI () - 100] EVENT_NETWORK_INFO_CHANGED, going from CONNECTING to CONNECTED
05-08 12:52:43.356   473   571 W DnsManager: updatePrivateDns(100, PrivateDnsConfig{true:/[]})
05-08 12:52:43.356   473   571 D ConnectivityService: Setting DNS servers for network 100 to [/100.100.0.1]
05-08 12:52:43.357   473   571 D DnsManager: setDnsConfigurationForNetwork(100, [100.100.0.1], [], 1800, 25, 8, 64, 0, 0, , [100.100.0.1])
05-08 12:52:43.361   473   571 D ConnectivityService: Adding iface wlan0 to network 100
05-08 12:52:43.371   473   571 D ConnectivityService: Setting DNS servers for network 100 to [/100.100.0.1]
05-08 12:52:43.372   473   571 D DnsManager: setDnsConfigurationForNetwork(100, [100.100.0.1], [], 1800, 25, 8, 64, 0, 0, , [100.100.0.1])
05-08 12:52:43.408   473   571 D ConnectivityService: Switching to new default network: NetworkAgentInfo{ ni{[type: WIFI[], state: CONNECTED/CONNECTED, reason: (unspecified), extra: (none), failover: false, available: true, roaming: false]}  network{100}  nethandle{432902426637}  lp{{InterfaceName: wlan0 LinkAddresses: [ fe80::2e45:824f:3904:ea11/64,100.100.9.173/16 ] DnsAddresses: [ /100.100.0.1 ] Domains: null MTU: 0 TcpBufferSizes: 524288,1048576,2097152,262144,524288,1048576 Routes: [ fe80::/64 -> :: wlan0,100.100.0.0/16 -> 0.0.0.0 wlan0,0.0.0.0/0 -> 100.100.0.1 wlan0 ]}}  nc{[ Transports: WIFI Capabilities: NOT_METERED&INTERNET&NOT_RESTRICTED&TRUSTED&NOT_VPN&NOT_ROAMING&FOREGROUND&NOT_CONGESTED&NOT_SUSPENDED LinkUpBandwidth>=1048576Kbps LinkDnBandwidth>=1048576Kbps Specifier: <WifiNetworkAgentSpecifier [WifiConfiguration=, SSID="Telmate", BSSID=00:11:74:ac:6a:10, mOriginalRequestorUid=-1, mOriginalRequestorPackageName=]> SignalStrength: -58 SSID: "Telmate"]}  Score{20}  everValidated{false}  lastValidated{false}  created{true} lingering{false} explicitlySelected{false} acceptUnvalidated{false} everCaptivePortalDetected{false} lastCaptivePortalDetected{false} captivePortalValidationPending{false} partialConnectivity{false} acceptPartialConnectivity{false} clat{mBaseIface: null, mIface: null, mState: IDLE} }
05-08 12:52:43.414   473   506 E BatteryExternalStatsWorker: no controller energy info supplied for wifi
05-08 12:52:43.444   473   571 D ConnectivityService: Sending CONNECTED broadcast for type 1 NetworkAgentInfo [WIFI () - 100] isDefaultNetwork=true
05-08 12:52:43.447   473   571 D ConnectivityService: NetworkAgentInfo [WIFI () - 100] validation passed
05-08 12:52:43.450   473   571 D ConnectivityService: Setting DNS servers for network 100 to [/100.100.0.1]
05-08 12:52:43.450   473   571 D DnsManager: setDnsConfigurationForNetwork(100, [100.100.0.1], [], 1800, 25, 8, 64, 0, 0, , [100.100.0.1])
05-08 12:52:43.519   473   494 I DropBoxManagerService: add tag=system_server_strictmode isTagEnabled=true flags=0x2
05-08 12:52:43.571   473   740 W OverlayManager: service 'idmap' died
05-08 12:52:43.584   473   494 I DropBoxManagerService: add tag=system_server_strictmode isTagEnabled=true flags=0x2
05-08 12:52:44.065   473   494 I DropBoxManagerService: add tag=system_server_strictmode isTagEnabled=true flags=0x2
05-08 12:52:44.527   473   473 V SettingsProvider: Notifying for 0: content://settings/global/telmate_facility_id
05-08 12:52:44.528   473   473 V SettingsProvider: Notifying for 0: content://settings/global/telmate_face_detection_enabled
05-08 12:52:44.529   473   473 V SettingsProvider: Notifying for 0: content://settings/global/telmate_enhanced_face_detection_enabled
05-08 12:52:44.531   473   473 V SettingsProvider: Notifying for 0: content://settings/global/telmate_facility_room_id
05-08 12:52:44.532   473   473 V SettingsProvider: Notifying for 0: content://settings/global/telmate_facility_room_name
05-08 12:52:44.584   473   494 I DropBoxManagerService: add tag=system_server_strictmode isTagEnabled=true flags=0x2
05-08 12:52:51.544   473   473 I RoleManagerService: Granting default permissions...
05-08 12:52:51.794   473   500 I RoleUserState: Wrote roles.xml successfully
05-08 12:53:04.409   473   631 I UsageStatsService: User[10] Rollover scheduled @ 2023-05-08 18:07:48(1683583668756)
05-08 12:53:04.686   473   631 W CacheQuotaStrategy: Remote exception occurred while trying to get cache quota
05-08 12:53:04.686   473   631 W CacheQuotaStrategy: android.os.TransactionTooLargeException: data parcel size 938500 bytes
05-08 12:53:04.686   473   631 W CacheQuotaStrategy: 	at android.os.BinderProxy.transactNative(Native Method)
05-08 12:53:04.686   473   631 W CacheQuotaStrategy: 	at android.os.BinderProxy.transact(BinderProxy.java:511)
05-08 12:53:04.686   473   631 W CacheQuotaStrategy: 	at android.app.usage.ICacheQuotaService$Stub$Proxy.computeCacheQuotaHints(ICacheQuotaService.java:126)
05-08 12:53:04.686   473   631 W CacheQuotaStrategy: 	at com.android.server.storage.CacheQuotaStrategy$1$1.run(CacheQuotaStrategy.java:140)
05-08 12:53:04.686   473   631 W CacheQuotaStrategy: 	at android.os.AsyncTask$SerialExecutor$1.run(AsyncTask.java:289)
05-08 12:53:04.686   473   631 W CacheQuotaStrategy: 	at java.util.concurrent.ThreadPoolExecutor.runWorker(ThreadPoolExecutor.java:1167)
05-08 12:53:04.686   473   631 W CacheQuotaStrategy: 	at java.util.concurrent.ThreadPoolExecutor$Worker.run(ThreadPoolExecutor.java:641)
05-08 12:53:04.686   473   631 W CacheQuotaStrategy: 	at java.lang.Thread.run(Thread.java:919)
05-08 12:53:04.727   473   509 V DisplayPowerController: Brightness [2] reason changing to: 'manual [ dim ]', previous reason: 'manual'.
05-08 12:53:11.068   473   509 I PowerManagerService: Going to sleep due to timeout (uid 1000)...
05-08 12:53:11.071   473   473 W UsageStatsService: Event reported without a package name, eventType:16
05-08 12:53:11.072   473   509 I PowerManagerService: Sleeping (uid 1000)...
05-08 12:53:11.229   473   509 V DisplayPowerController: Brightness [60] reason changing to: 'manual', previous reason: 'manual [ dim ]'.
05-08 12:53:11.662   473   509 I DisplayPowerController: Blocking screen off
05-08 12:53:11.664   473   509 I DisplayPowerController: Unblocked screen off after 2 ms
05-08 12:53:11.679   473   509 D ActivityTaskManager: Top Process State changed to PROCESS_STATE_TOP_SLEEPING
05-08 12:53:11.710   473   509 V DisplayPowerController: Brightness [0] reason changing to: 'screen_off', previous reason: 'manual'.
05-08 12:53:11.711   473   495 I DisplayManagerService: Display device changed state: "Built-in Screen", OFF
05-08 12:53:31.009   473   506 E BatteryExternalStatsWorker: no controller energy info supplied for wifi
05-08 12:55:07.777   473   506 I chatty  : uid=1000(system) batterystats-wo identical 6 lines
05-08 12:56:02.757   473   506 E BatteryExternalStatsWorker: no controller energy info supplied for wifi
05-08 12:56:02.827   473   571 D ConnectivityService: NetworkAgentInfo [WIFI () - 100] EVENT_NETWORK_INFO_CHANGED, going from CONNECTED to DISCONNECTED
05-08 12:56:02.828   473   571 D ConnectivityService: NetworkAgentInfo [WIFI () - 100] got DISCONNECTED, was satisfying 10
05-08 12:56:02.857   335   335 W wificond: Skip scan ssid for pno scan: Telmate
05-08 12:56:02.861   335   335 E wificond: NL80211_CMD_START_SCHED_SCAN failed: Operation not supported on transport endpoint
05-08 12:56:02.861   335   335 E wificond: Failed to start pno scan
05-08 12:56:02.863   473   506 E BatteryExternalStatsWorker: no controller energy info supplied for wifi
05-08 12:56:02.893   473   571 D ConnectivityService: Sending DISCONNECTED broadcast for type 1 NetworkAgentInfo [WIFI () - 100] isDefaultNetwork=true
05-08 12:56:02.909   473   506 E BatteryExternalStatsWorker: no controller energy info supplied for wifi
05-08 12:56:47.356   473   559 I PowerManagerService: Waking up from Asleep (uid=1000, reason=WAKE_REASON_POWER_BUTTON, details=android.policy:POWER)...
05-08 12:56:47.357   473   473 W UsageStatsService: Event reported without a package name, eventType:15
05-08 12:56:47.382   473   509 I DisplayPowerController: Blocking screen on until initial contents have been drawn.
05-08 12:56:47.384   473   509 D ActivityTaskManager: Top Process State changed to PROCESS_STATE_TOP
05-08 12:56:47.403   473   509 V DisplayPowerController: Brightness [60] reason changing to: 'manual', previous reason: 'screen_off'.
05-08 12:56:47.427   473   495 I DisplayManagerService: Display device changed state: "Built-in Screen", ON
05-08 12:56:48.403   473   493 W WindowManager: Keyguard drawn timeout. Setting mKeyguardDrawComplete
05-08 12:56:48.449   473   509 I DisplayPowerController: Unblocked screen on after 1068 ms
05-08 12:56:48.453   473   509 W PowerManagerService: Screen on took 1111 ms
05-08 12:56:50.923   335   335 W wificond: Scan is not started. Ignore abort request
05-08 12:56:51.093   473   568 D ConnectivityService: registerNetworkAgent NetworkAgentInfo{ ni{[type: WIFI[], state: CONNECTING/CONNECTING, reason: (unspecified), extra: (none), failover: false, available: true, roaming: false]}  network{101}  nethandle{437197393933}  lp{{InterfaceName: wlan0 LinkAddresses: [ ] DnsAddresses: [ ] Domains: null MTU: 0 Routes: [ ]}}  nc{[ Transports: WIFI Capabilities: NOT_METERED&INTERNET&NOT_RESTRICTED&TRUSTED&NOT_VPN&NOT_ROAMING&FOREGROUND&NOT_CONGESTED&NOT_SUSPENDED LinkUpBandwidth>=1048576Kbps LinkDnBandwidth>=1048576Kbps Specifier: <WifiNetworkAgentSpecifier [WifiConfiguration=, SSID="Telmate", BSSID=6e:d7:9a:4b:18:0b, mOriginalRequestorUid=-1, mOriginalRequestorPackageName=]> SSID: "Telmate"]}  Score{20}  everValidated{false}  lastValidated{false}  created{false} lingering{false} explicitlySelected{false} acceptUnvalidated{false} everCaptivePortalDetected{false} lastCaptivePortalDetected{false} captivePortalValidationPending{false} partialConnectivity{false} acceptPartialConnectivity{false} clat{mBaseIface: null, mIface: null, mState: IDLE} }
05-08 12:56:51.098   473   571 D ConnectivityService: NetworkAgentInfo [WIFI () - 101] EVENT_NETWORK_INFO_CHANGED, going from null to CONNECTING
05-08 12:56:51.136   473   571 D ConnectivityService: NetworkAgentInfo [WIFI () - 101] EVENT_NETWORK_INFO_CHANGED, going from CONNECTING to CONNECTING
05-08 12:56:51.307   473   571 E ConnectivityService: Exception in addRoute for non-gateway: java.lang.IllegalStateException: android.os.ServiceSpecificException: Machine is not on the network (code 64)
05-08 12:56:51.309   473   571 E ConnectivityService: Exception in addRoute for gateway: java.lang.IllegalStateException: android.os.ServiceSpecificException: Machine is not on the network (code 64)
05-08 12:56:51.343   473   571 D ConnectivityService: Setting DNS servers for network 101 to [/100.100.0.1]
05-08 12:56:51.344   473   571 D DnsManager: setDnsConfigurationForNetwork(101, [100.100.0.1], [], 1800, 25, 8, 64, 0, 0, , [])
05-08 12:56:51.346   473   571 E DnsManager: Error setting DNS configuration: android.os.ServiceSpecificException: Machine is not on the network (code 64)
05-08 12:56:51.348   473   506 E BatteryExternalStatsWorker: no controller energy info supplied for wifi
05-08 12:56:51.376   473   571 D ConnectivityService: NetworkAgentInfo [WIFI () - 101] EVENT_NETWORK_INFO_CHANGED, going from CONNECTING to CONNECTED
05-08 12:56:51.379   473   571 W DnsManager: updatePrivateDns(101, PrivateDnsConfig{true:/[]})
05-08 12:56:51.380   473   571 D ConnectivityService: Setting DNS servers for network 101 to [/100.100.0.1]
05-08 12:56:51.380   473   571 D DnsManager: setDnsConfigurationForNetwork(101, [100.100.0.1], [], 1800, 25, 8, 64, 0, 0, , [100.100.0.1])
05-08 12:56:51.383   473   571 D ConnectivityService: Adding iface wlan0 to network 101
05-08 12:56:51.392   473   571 D ConnectivityService: Setting DNS servers for network 101 to [/100.100.0.1]
05-08 12:56:51.393   473   571 D DnsManager: setDnsConfigurationForNetwork(101, [100.100.0.1], [], 1800, 25, 8, 64, 0, 0, , [100.100.0.1])
05-08 12:56:51.435   473   571 D ConnectivityService: Switching to new default network: NetworkAgentInfo{ ni{[type: WIFI[], state: CONNECTED/CONNECTED, reason: (unspecified), extra: (none), failover: false, available: true, roaming: false]}  network{101}  nethandle{437197393933}  lp{{InterfaceName: wlan0 LinkAddresses: [ fe80::2e45:824f:3904:ea11/64,100.100.9.173/16 ] DnsAddresses: [ /100.100.0.1 ] Domains: null MTU: 0 TcpBufferSizes: 524288,1048576,2097152,262144,524288,1048576 Routes: [ fe80::/64 -> :: wlan0,100.100.0.0/16 -> 0.0.0.0 wlan0,0.0.0.0/0 -> 100.100.0.1 wlan0 ]}}  nc{[ Transports: WIFI Capabilities: NOT_METERED&INTERNET&NOT_RESTRICTED&TRUSTED&NOT_VPN&NOT_ROAMING&FOREGROUND&NOT_CONGESTED&NOT_SUSPENDED LinkUpBandwidth>=1048576Kbps LinkDnBandwidth>=1048576Kbps Specifier: <WifiNetworkAgentSpecifier [WifiConfiguration=, SSID="Telmate", BSSID=6e:d7:9a:4b:18:0b, mOriginalRequestorUid=-1, mOriginalRequestorPackageName=]> SignalStrength: -71 SSID: "Telmate"]}  Score{19}  everValidated{false}  lastValidated{false}  created{true} lingering{false} explicitlySelected{false} acceptUnvalidated{false} everCaptivePortalDetected{false} lastCaptivePortalDetected{false} captivePortalValidationPending{false} partialConnectivity{false} acceptPartialConnectivity{false} clat{mBaseIface: null, mIface: null, mState: IDLE} }
05-08 12:56:51.443   473   506 E BatteryExternalStatsWorker: no controller energy info supplied for wifi
05-08 12:56:51.469   473   571 D ConnectivityService: Sending CONNECTED broadcast for type 1 NetworkAgentInfo [WIFI () - 101] isDefaultNetwork=true
05-08 12:56:51.476   473   571 D ConnectivityService: NetworkAgentInfo [WIFI () - 101] validation passed
05-08 12:56:51.480   473   571 D ConnectivityService: Setting DNS servers for network 101 to [/100.100.0.1]
05-08 12:56:51.482   473   571 D DnsManager: setDnsConfigurationForNetwork(101, [100.100.0.1], [], 1800, 25, 8, 64, 0, 0, , [100.100.0.1])
05-08 12:56:51.503   473   494 I DropBoxManagerService: add tag=system_server_strictmode isTagEnabled=true flags=0x2
05-08 12:56:53.156   473   490 I ActivityTaskManager: START u0 {cmp=com.telmate.odin/.FaceDetectionActivity} from uid 1000
05-08 12:56:58.669   473   473 V SettingsProvider: Notifying for 0: content://settings/global/telmate_face_detection_enabled
05-08 12:56:58.673   473   473 V SettingsProvider: Notifying for 0: content://settings/global/telmate_enhanced_face_detection_enabled
05-08 12:56:58.675   473   473 V SettingsProvider: Notifying for 0: content://settings/global/telmate_facility_id
05-08 12:56:58.679   473   473 V SettingsProvider: Notifying for 0: content://settings/global/telmate_facility_room_id
05-08 12:56:58.681   473   473 V SettingsProvider: Notifying for 0: content://settings/global/telmate_facility_room_name
05-08 12:56:58.700   303   309 D ShelldCmdListener: {} mkdir /data/user_de/10/com.google.android.tts/app_voices_greco_v16/
05-08 12:56:58.700   303   309 D ShelldCmdListener: execute: mkdir /data/user_de/10/com.google.android.tts/app_voices_greco_v16/
05-08 12:56:58.848   303   309 D ShelldCmdListener: {} chown u10_a39:u10_a39 /data/user_de/10/com.google.android.tts/app_voices_greco_v16/
05-08 12:56:58.848   303   309 D ShelldCmdListener: execute: chown u10_a39:u10_a39 /data/user_de/10/com.google.android.tts/app_voices_greco_v16/
05-08 12:56:59.005   303   309 D ShelldCmdListener: {} ln -s /system/ttsVoices/fr-ca /data/user_de/10/com.google.android.tts/app_voices_greco_v16/fr-ca
05-08 12:56:59.005   303   309 D ShelldCmdListener: execute: ln -s /system/ttsVoices/fr-ca /data/user_de/10/com.google.android.tts/app_voices_greco_v16/fr-ca
05-08 12:56:59.168   303   309 D ShelldCmdListener: {} ln -s /system/ttsVoices/es-us /data/user_de/10/com.google.android.tts/app_voices_greco_v16/es-us
05-08 12:56:59.168   303   309 D ShelldCmdListener: execute: ln -s /system/ttsVoices/es-us /data/user_de/10/com.google.android.tts/app_voices_greco_v16/es-us
05-08 12:56:59.318   473   473 W Looper  : Slow dispatch took 631ms main h=com.gtl.services.ADMService$MsgHandler c=null m=1003
05-08 12:56:59.319   473   473 W Looper  : Slow delivery took 624ms main h=android.app.ActivityThread$H c=android.app.-$$Lambda$LoadedApk$ReceiverDispatcher$Args$_BumDX2UKsnxLVrE6UJsJZkotuA@7986f9b m=0
05-08 12:56:59.346   473   623 I ActivityTaskManager: START u0 {cmp=com.telmate.odin/.PinActivity (has extras)} from uid 1000
05-08 12:56:59.358   473   494 I DropBoxManagerService: add tag=system_server_strictmode isTagEnabled=true flags=0x2
05-08 12:56:59.372   473   473 W Looper  : Drained
05-08 12:56:59.713  1074  1074 E ActivityThread: Activity com.telmate.odin.LoginActivity has leaked IntentReceiver com.telmate.odin.LoginActivity$2@19863c9 that was originally registered here. Are you missing a call to unregisterReceiver()?
05-08 12:56:59.713  1074  1074 E ActivityThread: android.app.IntentReceiverLeaked: Activity com.telmate.odin.LoginActivity has leaked IntentReceiver com.telmate.odin.LoginActivity$2@19863c9 that was originally registered here. Are you missing a call to unregisterReceiver()?
05-08 12:56:59.713  1074  1074 E ActivityThread: 	at android.app.LoadedApk$ReceiverDispatcher.<init>(LoadedApk.java:1588)
05-08 12:56:59.713  1074  1074 E ActivityThread: 	at android.app.LoadedApk.getReceiverDispatcher(LoadedApk.java:1368)
05-08 12:56:59.713  1074  1074 E ActivityThread: 	at android.app.ContextImpl.registerReceiverInternal(ContextImpl.java:1517)
05-08 12:56:59.713  1074  1074 E ActivityThread: 	at android.app.ContextImpl.registerReceiver(ContextImpl.java:1490)
05-08 12:56:59.713  1074  1074 E ActivityThread: 	at android.app.ContextImpl.registerReceiver(ContextImpl.java:1478)
05-08 12:56:59.713  1074  1074 E ActivityThread: 	at android.content.ContextWrapper.registerReceiver(ContextWrapper.java:627)
05-08 12:56:59.713  1074  1074 E ActivityThread: 	at com.telmate.odin.LoginActivity.onPostResume(LoginActivity.java:182)
05-08 12:56:59.713  1074  1074 E ActivityThread: 	at android.app.Activity.performResume(Activity.java:8015)
05-08 12:56:59.713  1074  1074 E ActivityThread: 	at android.app.ActivityThread.performResumeActivity(ActivityThread.java:4195)
05-08 12:56:59.713  1074  1074 E ActivityThread: 	at android.app.ActivityThread.handleResumeActivity(ActivityThread.java:4237)
05-08 12:56:59.713  1074  1074 E ActivityThread: 	at android.app.servertransaction.ResumeActivityItem.execute(ResumeActivityItem.java:52)
05-08 12:56:59.713  1074  1074 E ActivityThread: 	at android.app.servertransaction.TransactionExecutor.executeLifecycleState(TransactionExecutor.java:176)
05-08 12:56:59.713  1074  1074 E ActivityThread: 	at android.app.servertransaction.TransactionExecutor.execute(TransactionExecutor.java:97)
05-08 12:56:59.713  1074  1074 E ActivityThread: 	at android.app.ActivityThread$H.handleMessage(ActivityThread.java:2016)
05-08 12:56:59.713  1074  1074 E ActivityThread: 	at android.os.Handler.dispatchMessage(Handler.java:107)
05-08 12:56:59.713  1074  1074 E ActivityThread: 	at android.os.Looper.loop(Looper.java:214)
05-08 12:56:59.713  1074  1074 E ActivityThread: 	at android.app.ActivityThread.main(ActivityThread.java:7356)
05-08 12:56:59.713  1074  1074 E ActivityThread: 	at java.lang.reflect.Method.invoke(Native Method)
05-08 12:56:59.713  1074  1074 E ActivityThread: 	at com.android.internal.os.RuntimeInit$MethodAndArgsCaller.run(RuntimeInit.java:492)
05-08 12:56:59.713  1074  1074 E ActivityThread: 	at com.android.internal.os.ZygoteInit.main(ZygoteInit.java:930)
05-08 12:56:59.715  1074  1074 E ActivityThread: Activity com.telmate.odin.LoginActivity has leaked IntentReceiver com.telmate.odin.LoginActivity$2@21de24d that was originally registered here. Are you missing a call to unregisterReceiver()?
05-08 12:56:59.715  1074  1074 E ActivityThread: android.app.IntentReceiverLeaked: Activity com.telmate.odin.LoginActivity has leaked IntentReceiver com.telmate.odin.LoginActivity$2@21de24d that was originally registered here. Are you missing a call to unregisterReceiver()?
05-08 12:56:59.715  1074  1074 E ActivityThread: 	at android.app.LoadedApk$ReceiverDispatcher.<init>(LoadedApk.java:1588)
05-08 12:56:59.715  1074  1074 E ActivityThread: 	at android.app.LoadedApk.getReceiverDispatcher(LoadedApk.java:1368)
05-08 12:56:59.715  1074  1074 E ActivityThread: 	at android.app.ContextImpl.registerReceiverInternal(ContextImpl.java:1517)
05-08 12:56:59.715  1074  1074 E ActivityThread: 	at android.app.ContextImpl.registerReceiver(ContextImpl.java:1490)
05-08 12:56:59.715  1074  1074 E ActivityThread: 	at android.app.ContextImpl.registerReceiver(ContextImpl.java:1478)
05-08 12:56:59.715  1074  1074 E ActivityThread: 	at android.content.ContextWrapper.registerReceiver(ContextWrapper.java:627)
05-08 12:56:59.715  1074  1074 E ActivityThread: 	at com.telmate.odin.LoginActivity.onPostResume(LoginActivity.java:182)
05-08 12:56:59.715  1074  1074 E ActivityThread: 	at android.app.Activity.performResume(Activity.java:8015)
05-08 12:56:59.715  1074  1074 E ActivityThread: 	at android.app.ActivityThread.performResumeActivity(ActivityThread.java:4195)
05-08 12:56:59.715  1074  1074 E ActivityThread: 	at android.app.ActivityThread.handleResumeActivity(ActivityThread.java:4237)
05-08 12:56:59.715  1074  1074 E ActivityThread: 	at android.app.servertransaction.ResumeActivityItem.execute(ResumeActivityItem.java:52)
05-08 12:56:59.715  1074  1074 E ActivityThread: 	at android.app.servertransaction.TransactionExecutor.executeLifecycleState(TransactionExecutor.java:176)
05-08 12:56:59.715  1074  1074 E ActivityThread: 	at android.app.servertransaction.TransactionExecutor.execute(TransactionExecutor.java:97)
05-08 12:56:59.715  1074  1074 E ActivityThread: 	at android.app.ActivityThread$H.handleMessage(ActivityThread.java:2016)
05-08 12:56:59.715  1074  1074 E ActivityThread: 	at android.os.Handler.dispatchMessage(Handler.java:107)
05-08 12:56:59.715  1074  1074 E ActivityThread: 	at android.os.Looper.loop(Looper.java:214)
05-08 12:56:59.715  1074  1074 E ActivityThread: 	at android.app.ActivityThread.main(ActivityThread.java:7356)
05-08 12:56:59.715  1074  1074 E ActivityThread: 	at java.lang.reflect.Method.invoke(Native Method)
05-08 12:56:59.715  1074  1074 E ActivityThread: 	at com.android.internal.os.RuntimeInit$MethodAndArgsCaller.run(RuntimeInit.java:492)
05-08 12:56:59.715  1074  1074 E ActivityThread: 	at com.android.internal.os.ZygoteInit.main(ZygoteInit.java:930)
05-08 12:56:59.716  1074  1074 E ActivityThread: Activity com.telmate.odin.LoginActivity has leaked IntentReceiver com.telmate.odin.LoginActivity$2@8ffe9ab that was originally registered here. Are you missing a call to unregisterReceiver()?
05-08 12:56:59.716  1074  1074 E ActivityThread: android.app.IntentReceiverLeaked: Activity com.telmate.odin.LoginActivity has leaked IntentReceiver com.telmate.odin.LoginActivity$2@8ffe9ab that was originally registered here. Are you missing a call to unregisterReceiver()?
05-08 12:56:59.716  1074  1074 E ActivityThread: 	at android.app.LoadedApk$ReceiverDispatcher.<init>(LoadedApk.java:1588)
05-08 12:56:59.716  1074  1074 E ActivityThread: 	at android.app.LoadedApk.getReceiverDispatcher(LoadedApk.java:1368)
05-08 12:56:59.716  1074  1074 E ActivityThread: 	at android.app.ContextImpl.registerReceiverInternal(ContextImpl.java:1517)
05-08 12:56:59.716  1074  1074 E ActivityThread: 	at android.app.ContextImpl.registerReceiver(ContextImpl.java:1490)
05-08 12:56:59.716  1074  1074 E ActivityThread: 	at android.app.ContextImpl.registerReceiver(ContextImpl.java:1478)
05-08 12:56:59.716  1074  1074 E ActivityThread: 	at android.content.ContextWrapper.registerReceiver(ContextWrapper.java:627)
05-08 12:56:59.716  1074  1074 E ActivityThread: 	at com.telmate.odin.LoginActivity.onPostResume(LoginActivity.java:182)
05-08 12:56:59.716  1074  1074 E ActivityThread: 	at android.app.Activity.performResume(Activity.java:8015)
05-08 12:56:59.716  1074  1074 E ActivityThread: 	at android.app.ActivityThread.performResumeActivity(ActivityThread.java:4195)
05-08 12:56:59.716  1074  1074 E ActivityThread: 	at android.app.ActivityThread.handleResumeActivity(ActivityThread.java:4237)
05-08 12:56:59.716  1074  1074 E ActivityThread: 	at android.app.servertransaction.ResumeActivityItem.execute(ResumeActivityItem.java:52)
05-08 12:56:59.716  1074  1074 E ActivityThread: 	at android.app.servertransaction.TransactionExecutor.executeLifecycleState(TransactionExecutor.java:176)
05-08 12:56:59.716  1074  1074 E ActivityThread: 	at android.app.servertransaction.TransactionExecutor.execute(TransactionExecutor.java:97)
05-08 12:56:59.716  1074  1074 E ActivityThread: 	at android.app.ActivityThread$H.handleMessage(ActivityThread.java:2016)
05-08 12:56:59.716  1074  1074 E ActivityThread: 	at android.os.Handler.dispatchMessage(Handler.java:107)
05-08 12:56:59.716  1074  1074 E ActivityThread: 	at android.os.Looper.loop(Looper.java:214)
05-08 12:56:59.716  1074  1074 E ActivityThread: 	at android.app.ActivityThread.main(ActivityThread.java:7356)
05-08 12:56:59.716  1074  1074 E ActivityThread: 	at java.lang.reflect.Method.invoke(Native Method)
05-08 12:56:59.716  1074  1074 E ActivityThread: 	at com.android.internal.os.RuntimeInit$MethodAndArgsCaller.run(RuntimeInit.java:492)
05-08 12:56:59.716  1074  1074 E ActivityThread: 	at com.android.internal.os.ZygoteInit.main(ZygoteInit.java:930)
05-08 12:57:03.339   473   494 I DropBoxManagerService: add tag=system_server_strictmode isTagEnabled=true flags=0x2
05-08 12:57:03.345   473   494 I chatty  : uid=1000(system) android.io identical 2 lines
05-08 12:57:03.351   473   494 I DropBoxManagerService: add tag=system_server_strictmode isTagEnabled=true flags=0x2
05-08 12:57:07.866   473   740 I ActivityTaskManager: START u0 {cmp=com.telmate.odin/.AgreementActivity (has extras)} from uid 1000
05-08 12:57:10.320   473   623 I ActivityTaskManager: START u0 {cmp=com.telmate.odin/.ProfilesActivity (has extras)} from uid 1000
05-08 12:57:34.310   473   509 V DisplayPowerController: Brightness [2] reason changing to: 'manual [ dim ]', previous reason: 'manual'.
05-08 12:57:40.145   473   509 V DisplayPowerController: Brightness [60] reason changing to: 'manual', previous reason: 'manual [ dim ]'.
05-08 12:57:57.084   473   623 I ActivityTaskManager: START u0 {cmp=com.telmate.odin/.ProfileInfoActivity (has extras)} from uid 1000
05-08 12:58:21.063   473   509 V DisplayPowerController: Brightness [2] reason changing to: 'manual [ dim ]', previous reason: 'manual'.
05-08 12:58:22.568   473   509 V DisplayPowerController: Brightness [60] reason changing to: 'manual', previous reason: 'manual [ dim ]'.
05-08 12:58:25.554   473   857 D PackageManager: Instant App installer not found with android.intent.action.INSTALL_INSTANT_APP_PACKAGE
05-08 12:58:25.554   473   857 D PackageManager: Clear ephemeral installer activity
05-08 12:58:25.555   473   513 W ActivityManager: Skipping broadcast of Intent { act=android.intent.action.PACKAGE_CHANGED dat=package:net.gtl.music_v2 flg=0x4000010 (has extras) }: user 10 and its parent (if any) are stopped
--------- beginning of main
05-08 12:58:26.218   473   492 I EthernetTracker: interfaceLinkStateChanged, iface: tun0, up: false
05-08 12:58:26.243  1595  1595 I ip-up-vpn: type=1400 audit(0.0:168): avc: denied { read } for name="bin" dev="dm-1" ino=12 scontext=u:r:racoon:s0 tcontext=u:object_r:vendor_file:s0 tclass=dir permissive=1
05-08 12:58:26.258   473   492 I EthernetTracker: interfaceLinkStateChanged, iface: tun0, up: true
05-08 12:58:26.316   473  1478 D ConnectivityService: registerNetworkAgent NetworkAgentInfo{ ni{[type: VPN[], state: CONNECTING/CONNECTING, reason: (unspecified), extra: (none), failover: false, available: false, roaming: false]}  network{102}  nethandle{441492361229}  lp{{InterfaceName: tun0 LinkAddresses: [ 100.101.22.78/0 ] DnsAddresses: [ /100.100.0.5 ] Domains:  MTU: 0 Routes: [ 0.0.0.0/0 -> 0.0.0.0 tun0,100.100.0.5/32 throw,::/0 unreachable ]}}  nc{[ Transports: VPN Capabilities: INTERNET&NOT_RESTRICTED&TRUSTED&FOREGROUND&NOT_SUSPENDED Uids: <{0-99999, 1000000-1099999}> EstablishingAppUid: 1000]}  Score{101}  everValidated{false}  lastValidated{false}  created{false} lingering{false} explicitlySelected{false} acceptUnvalidated{false} everCaptivePortalDetected{false} lastCaptivePortalDetected{false} captivePortalValidationPending{false} partialConnectivity{false} acceptPartialConnectivity{false} clat{mBaseIface: null, mIface: null, mState: IDLE} }
05-08 12:58:26.321   473  1478 D [GTL] VPN: setting state=CONNECTED, reason=agentConnect
05-08 12:58:26.321   473  1478 I [GTL] VPN: @vpn broadcasting state, from updateState(): CONNECTED
05-08 12:58:26.321   473  1478 I [GTL] VPN: @vpn detailed state: CONNECTED
05-08 12:58:26.322   473   571 D ConnectivityService: NetworkAgentInfo [VPN () - 102] EVENT_NETWORK_INFO_CHANGED, going from null to CONNECTING
05-08 12:58:26.322   473  1478 I LegacyVpnRunner: Connected!
05-08 12:58:26.323   473   473 I [GTL] SESSION.HANDLER: @vpn state: CONNECTED
05-08 12:58:26.323   274   274 I netd    : networkCreateVpn(102, "true") <0.63ms>
05-08 12:58:26.323   473   473 I [GTL] SESSION.HANDLER: @session: @vpn: screen is interactive: true
05-08 12:58:26.324   274   274 I netd    : createNetworkCache(102) <0.45ms>
05-08 12:58:26.324   473   473 V [GTL] ADM.SERVICE: @adm: current user: 0
05-08 12:58:26.326   274   274 I netd    : networkAddUidRanges(102) <1.00ms>
05-08 12:58:26.327   473   571 D ConnectivityService: NetworkAgentInfo [VPN () - 102] EVENT_NETWORK_INFO_CHANGED, going from CONNECTING to CONNECTED
05-08 12:58:26.328   473   571 W DnsManager: updatePrivateDns(102, PrivateDnsConfig{true:/[]})
05-08 12:58:26.328   473   571 D ConnectivityService: Setting DNS servers for network 102 to [/100.100.0.5]
05-08 12:58:26.329   473   571 D DnsManager: setDnsConfigurationForNetwork(102, [100.100.0.5], [], 1800, 25, 8, 64, 0, 0, , [100.100.0.5])
05-08 12:58:26.330   274   274 I netd    : DnsResolverService::setResolverConfiguration(102, [100.100.0.5], [], 1800, 25, 8, 64, 0, 0, [100.100.0.5], []) -> (0) (0.8ms)
05-08 12:58:26.330   274   274 I netd    : setResolverConfiguration() <1.17ms>
05-08 12:58:26.331   473   473 W [GTL] SESSION.HANDLER: @session: @vpn: schedule session warning
05-08 12:58:26.331   473   473 I [GTL] SESSION.HANDLER: @accessibility pass: hide_rotation_lock_toggle_for_accessibility 0
05-08 12:58:26.332   473   571 D ConnectivityService: Adding iface tun0 to network 102
05-08 12:58:26.335   473   473 I [GTL] SESSION.HANDLER: @accessibility pass: [Ljava.lang.String;@7a9ccfe 0
05-08 12:58:26.336   274  1599 W DnsTlsSocket: SSL_connect error 5, errno=111
05-08 12:58:26.337   473   473 I [GTL] SESSION.HANDLER: @accessibility pass: [Ljava.lang.String;@d0abdf1 null
05-08 12:58:26.337   473   473 I [GTL] SESSION.HANDLER: @accessibility pass: [Ljava.lang.String;@cd87dd6 0
05-08 12:58:26.338   473   473 I [GTL] SESSION.HANDLER: @accessibility pass: [Ljava.lang.String;@808f857 1
05-08 12:58:26.338   473   473 I [GTL] SESSION.HANDLER: @accessibility pass: [Ljava.lang.String;@1c66f44 1000
05-08 12:58:26.339   473   473 I [GTL] SESSION.HANDLER: @accessibility pass: [Ljava.lang.String;@9fc482d 0
05-08 12:58:26.339  1074  1074 I [GTL] PROFILE.INFO.ACTIVITY: @odin: updating user icon...
05-08 12:58:26.339   473   473 I [GTL] SESSION.HANDLER: @accessibility pass: [Ljava.lang.String;@e36a162 0
05-08 12:58:26.340   274   274 I netd    : networkAddInterface(102, "tun0") <7.54ms>
05-08 12:58:26.342   473   473 I [GTL] SESSION.HANDLER: @accessibility pass: [Ljava.lang.String;@63ac2f3 null
05-08 12:58:26.342   473   473 I [GTL] SESSION.HANDLER: @accessibility pass: [Ljava.lang.String;@95d3bb0 null
05-08 12:58:26.342   274   274 I netd    : networkAddRoute(102, "tun0", "0.0.0.0/0", "") <1.27ms>
05-08 12:58:26.342   473   473 I [GTL] SESSION.HANDLER: @accessibility pass: [Ljava.lang.String;@f023a29 null
05-08 12:58:26.342   473   473 I [GTL] SESSION.HANDLER: @accessibility pass: [Ljava.lang.String;@66171ae null
05-08 12:58:26.343   473   473 I [GTL] SESSION.HANDLER: @accessibility pass: [Ljava.lang.String;@2b49b4f null
05-08 12:58:26.343   473   473 I [GTL] SESSION.HANDLER: @accessibility pass: [Ljava.lang.String;@c5262dc null
05-08 12:58:26.343   473   473 I [GTL] SESSION.HANDLER: @accessibility pass: [Ljava.lang.String;@b5b4fe5 null
05-08 12:58:26.343   473   473 I [GTL] SESSION.HANDLER: @accessibility pass: [Ljava.lang.String;@856faba null
05-08 12:58:26.343   473   473 I [GTL] SESSION.HANDLER: @accessibility pass: [Ljava.lang.String;@3499d6b null
05-08 12:58:26.343   473   473 I [GTL] SESSION.HANDLER: @accessibility pass: [Ljava.lang.String;@10d0c8 1
05-08 12:58:26.344   274   274 I netd    : networkAddRoute(102, "tun0", "100.100.0.5/32", "throw") <0.57ms>
05-08 12:58:26.344  1074  1074 I [GTL] PROFILE.INFO.ACTIVITY: @odin: set the user icon successfully: 75, 75
05-08 12:58:26.344   473   473 I [GTL] SESSION.HANDLER: @accessibility pass: [Ljava.lang.String;@9760561 248
05-08 12:58:26.344   473   473 I [GTL] SESSION.HANDLER: @accessibility pass: [Ljava.lang.String;@6ea0886 com.gtl.accessibility/com.gtl.accessibility.GtlAccessibilityService
05-08 12:58:26.345   274   638 I netd    : networkAddRoute(102, "tun0", "::/0", "unreachable") <0.51ms>
05-08 12:58:26.345   473   473 I [GTL] SESSION.HANDLER: @accessibility pass: [Ljava.lang.String;@de2a547 null
05-08 12:58:26.346   473   473 I [GTL] SESSION.HANDLER: @accessibility pass: [Ljava.lang.String;@3c63174 null
05-08 12:58:26.346   473   571 D ConnectivityService: Setting DNS servers for network 102 to [/100.100.0.5]
05-08 12:58:26.346   473   473 I [GTL] SESSION.HANDLER: @accessibility pass: [Ljava.lang.String;@22c969d null
05-08 12:58:26.346   473   571 D DnsManager: setDnsConfigurationForNetwork(102, [100.100.0.5], [], 1800, 25, 8, 64, 0, 0, , [100.100.0.5])
05-08 12:58:26.346   473   473 I [GTL] SESSION.HANDLER: @accessibility pass: [Ljava.lang.String;@9cef0e0 null
05-08 12:58:26.347   473   473 I [GTL] SESSION.HANDLER: @accessibility pass: [Ljava.lang.String;@7c0ff99 11
05-08 12:58:26.347   473   473 I [GTL] SESSION.HANDLER: @accessibility pass: [Ljava.lang.String;@463a25e 500
05-08 12:58:26.348   274   638 I netd    : DnsResolverService::setResolverConfiguration(102, [100.100.0.5], [], 1800, 25, 8, 64, 0, 0, [100.100.0.5], []) -> (0) (1ms)
05-08 12:58:26.348   274   638 I netd    : setResolverConfiguration() <1.40ms>
05-08 12:58:26.351   274  1600 W DnsTlsSocket: SSL_connect error 5, errno=111
05-08 12:58:26.357   473   473 D PackageManager: Instant App installer not found with android.intent.action.INSTALL_INSTANT_APP_PACKAGE
05-08 12:58:26.357   473   473 D PackageManager: Clear ephemeral installer activity
05-08 12:58:26.359   473   473 I ActivityManager: switching to user 10
05-08 12:58:26.360   473   473 I [GTL] ADM.SERVICE: @adm: reportStatus()
05-08 12:58:26.360   473   513 W ActivityManager: Skipping broadcast of Intent { act=android.intent.action.PACKAGE_CHANGED dat=package:com.telmate.loki flg=0x4000010 (has extras) }: user 10 and its parent (if any) are stopped
05-08 12:58:26.369   473   493 D ActivityManagerUserSwitchingDialog: show called
05-08 12:58:26.360   473   473 I [GTL] ADM.SERVICE: @adm: reportStatus()
05-08 12:58:26.370   473   493 E system_server: Invalid ID 0x00000000.
05-08 12:58:26.370   473   473 D PackageManager: Instant App installer not found with android.intent.action.INSTALL_INSTANT_APP_PACKAGE
05-08 12:58:26.370   473   473 D PackageManager: Clear ephemeral installer activity
05-08 12:58:26.371   473   473 I [GTL] SESSION.HANDLER: @session: @vpn: session started!
05-08 12:58:26.371   473   473 I [GTL] SESSION.HANDLER: @vpn: @login: @time: finish!
05-08 12:58:26.371   473   473 W [GTL] ADM.SERVICE: dismissWarningDialogs: pending ACTION_KILL_SESSION to be removed from queue!
05-08 12:58:26.372   473   473 I [GTL] SESSION.HANDLER: @mqtt: @session: time elapsed since session start: 48ms
05-08 12:58:26.372   473   513 I ActivityManager: Killing 1074:com.telmate.odin/1000 (adj 0): change com.telmate.odin
05-08 12:58:26.372   473   473 I [GTL] SESSION.HANDLER: @mqtt: @session: session to be killed in 39659s
05-08 12:58:26.372   473   473 I [GTL] SESSION.HANDLER: @mqtt: @session: warn popup to be shown in 10s for Vp Music Store profile
05-08 12:58:26.373   473   473 I [GTL] SESSION.HANDLER: @mqtt: @session: extra 2 min warn popup to be shown in 39539s for *the* free profile
05-08 12:58:26.374   274   638 I netd    : trafficSwapActiveStatsMap() <12.05ms>
05-08 12:58:26.375   473   513 I ActivityTaskManager: getPackageFerformanceMode--ComponentInfo{com.telmate.odin/com.telmate.odin.ProfileInfoActivity}----com.telmate.odin
05-08 12:58:26.379   274   638 I netd    : tetherGetStats() <2.74ms>
05-08 12:58:26.382   473   513 I ActivityTaskManager:   Force finishing activity ActivityRecord{404f8b8 u0 com.telmate.odin/.ProfilesActivity t6}
05-08 12:58:26.384   473   513 I ActivityTaskManager: getPackageFerformanceMode--ComponentInfo{com.telmate.odin/com.telmate.odin.ProfileInfoActivity}----com.telmate.odin
05-08 12:58:26.387   473   513 I ActivityTaskManager:   Force finishing activity ActivityRecord{4c1d6fb u0 com.telmate.odin/.ProfileInfoActivity t6}
05-08 12:58:26.390   473   513 I ActivityTaskManager: START u0 {act=android.intent.action.MAIN cat=[android.intent.category.HOME] flg=0x10000100 cmp=com.android.settings/.FallbackHome} from uid 0
05-08 12:58:26.414   473   513 I ActivityTaskManager: getPackageFerformanceMode--ComponentInfo{com.android.settings/com.android.settings.FallbackHome}----com.android.settings
05-08 12:58:26.418   756   756 W ActivityThread: handleWindowVisibility: no activity for token android.os.BinderProxy@b8d39b8
05-08 12:58:26.423   473   513 I [GTL] ADM.SERVICE: @adm: reportAuditAction()
05-08 12:58:26.423   473   513 I [GTL] ADM.SERVICE: @adm: @audit: 10: app/stop [com.telmate.odin,Login,10-29], token: 371959dd-19ae-4202-9614-2076aecfefbe
05-08 12:58:26.429   473   513 I [GTL] ADM.SERVICE: @adm: reportAuditAction()
05-08 12:58:26.429   473   513 I [GTL] ADM.SERVICE: @adm: @audit: 10: app/start [com.android.settings,Settings,10-29], token: 371959dd-19ae-4202-9614-2076aecfefbe
05-08 12:58:26.438   473   473 V SettingsProvider: Notifying for 10: content://settings/secure/enabled_accessibility_services
05-08 12:58:26.441   473   473 V [GTL] AUDIT.HANDLER: @audit: token: 371959dd-19ae-4202-9614-2076aecfefbe
05-08 12:58:26.445   473   921 I [GTL] AUDIT.HANDLER: @audit: skip reporting app/stop [com.telmate.odin,Login,10-29]
05-08 12:58:26.447   473   496 E system_server: Invalid ID 0x00000000.
05-08 12:58:26.449   473  1598 D NetworkMonitor/102: Network would not satisfy default request, resolving private DNS
05-08 12:58:26.451   473  1284 D [GTL] MQTT.CLIENT: @mqtt: publish: DeviceStatus | {"message_type":"DeviceStatus","event":"unlock","locked":false,"locked_down":false,"bat":73,"conn":"wifi","wifi":"-66","usr":"MIRACLE SCALES","users":1,"face_detection":true,"enhanced_fd":false,"build":"20221208.174858","rom_version":"248.0.0-release","token":"371959dd-19ae-4202-9614-2076aecfefbe","device_id":"CC4B73E43516","device":"inspire50b","product":"inspire50b_gtl_universal","timestamp":"2023-05-08T16:58:26+0000","facility_id":"17212","speakers":false,"tablet_leasing":true,"tablet_leased":true,"uuid":"83008e22-2c7a-4fc7-aedb-dddf09fa0389"} | QoS: 2
05-08 12:58:26.454   473   473 V SettingsProvider: Notifying for 0: content://settings/global/telmate_foreground_app
05-08 12:58:26.455   473   473 V [GTL] AUDIT.HANDLER: @audit: token: 371959dd-19ae-4202-9614-2076aecfefbe
05-08 12:58:26.457   473   571 D ConnectivityService: Sending CONNECTED broadcast for type 17 NetworkAgentInfo [VPN () - 102] isDefaultNetwork=false
05-08 12:58:26.458   473   703 D NetworkTimeUpdateService: New default network 102; checking time.
05-08 12:58:26.459   473   921 I [GTL] AUDIT.HANDLER: @audit: skip reporting app/start [com.android.settings,Settings,10-29]
05-08 12:58:26.461   473   558 W InputDispatcher: channel '3569663 com.telmate.odin/com.telmate.odin.ProfileInfoActivity (server)' ~ Consumer closed input channel or an error occurred.  events=0x9
05-08 12:58:26.462   473   558 E InputDispatcher: channel '3569663 com.telmate.odin/com.telmate.odin.ProfileInfoActivity (server)' ~ Channel is unrecoverably broken and will be disposed!
05-08 12:58:26.462   473   558 W InputDispatcher: channel 'b1cd601 com.telmate.odin/com.telmate.odin.ProfilesActivity (server)' ~ Consumer closed input channel or an error occurred.  events=0x9
