--------- beginning of system
05-08 12:52:18.668   179   179 I vold    : Vold 3.0 (the awakening) firing up
05-08 12:52:18.669   179   179 D vold    : Detected support for: ext4 f2fs vfat
05-08 12:52:18.674   179   179 D vold    : Found unmanaged dm device named product
05-08 12:52:18.674   179   179 D vold    : Found unmanaged dm device named vendor
05-08 12:52:18.674   179   179 D vold    : Found unmanaged dm device named system
05-08 12:52:18.674   179   179 D vold    : Found unmanaged dm device named odm
05-08 12:52:18.674   179   179 W vold    : Failed to LOOP_GET_STATUS64 /dev/block/loop12: No such device or address
05-08 12:52:18.674   179   179 W vold    : Failed to LOOP_GET_STATUS64 /dev/block/loop7: No such device or address
05-08 12:52:18.675   179   179 W vold    : Failed to LOOP_GET_STATUS64 /dev/block/loop2: No such device or address
05-08 12:52:18.675   179   179 W vold    : Failed to LOOP_GET_STATUS64 /dev/block/loop6: No such device or address
05-08 12:52:18.675   179   179 W vold    : Failed to LOOP_GET_STATUS64 /dev/block/loop3: No such device or address
05-08 12:52:18.675   179   179 W vold    : Failed to LOOP_GET_STATUS64 /dev/block/loop9: No such device or address
05-08 12:52:18.675   179   179 W vold    : Failed to LOOP_GET_STATUS64 /dev/block/loop1: No such device or address
05-08 12:52:18.675   179   179 W vold    : Failed to LOOP_GET_STATUS64 /dev/block/loop11: No such device or address
05-08 12:52:18.675   179   179 W vold    : Failed to LOOP_GET_STATUS64 /dev/block/loop15: No such device or address
05-08 12:52:18.675   179   179 W vold    : Failed to LOOP_GET_STATUS64 /dev/block/loop10: No such device or address
05-08 12:52:18.675   179   179 W vold    : Failed to LOOP_GET_STATUS64 /dev/block/loop0: No such device or address
05-08 12:52:18.675   179   179 W vold    : Failed to LOOP_GET_STATUS64 /dev/block/loop5: No such device or address
05-08 12:52:18.675   179   179 W vold    : Failed to LOOP_GET_STATUS64 /dev/block/loop4: No such device or address
05-08 12:52:18.675   179   179 W vold    : Failed to LOOP_GET_STATUS64 /dev/block/loop8: No such device or address
05-08 12:52:18.675   179   179 W vold    : Failed to LOOP_GET_STATUS64 /dev/block/loop14: No such device or address
05-08 12:52:18.676   179   179 W vold    : Failed to LOOP_GET_STATUS64 /dev/block/loop13: No such device or address
05-08 12:52:18.679   179   179 D vold    : VoldNativeService::start() completed OK
05-08 12:52:18.993   179   196 I Checkpoint: cp_prepareCheckpoint called
05-08 12:52:19.028   179   196 I vold    : fscrypt_initialize_systemwide_keys
05-08 12:52:19.029   179   196 D vold    : Key exists, using: /data/unencrypted/key
05-08 12:52:20.040   179   196 W ServiceManagement: Waited one second for android.hardware.keymaster@3.0::IKeymasterDevice/default
05-08 12:52:22.047   179   196 I chatty  : uid=0(root) Binder:179_3 identical 2 lines
05-08 12:52:23.050   179   196 W ServiceManagement: Waited one second for android.hardware.keymaster@3.0::IKeymasterDevice/default
05-08 12:52:24.014   179   196 I vold    : List of Keymaster HALs found:
05-08 12:52:24.014   179   196 I vold    : Keymaster HAL #1: SoftwareWrappedKeymaster2Device from Google SecurityLevel: TRUSTED_ENVIRONMENT HAL: android.hardware.keymaster@3.0::IKeymasterDevice/default
05-08 12:52:24.014   179   196 I vold    : Using SoftwareWrappedKeymaster2Device from Google for encryption.  Security level: TRUSTED_ENVIRONMENT, HAL: android.hardware.keymaster@3.0::IKeymasterDevice/default
05-08 12:52:24.023   179   196 D vold    : Added key 882143269 (ext4:e085aa238464e011) to keyring 934374887 in process 179
05-08 12:52:24.023   179   196 D vold    : Added key 62588772 (f2fs:e085aa238464e011) to keyring 934374887 in process 179
05-08 12:52:24.023   179   196 D vold    : Added key 425214211 (fscrypt:e085aa238464e011) to keyring 934374887 in process 179
05-08 12:52:24.026   179   196 I vold    : Wrote system DE key reference to:/data/unencrypted/ref
05-08 12:52:24.027   179   196 D vold    : Added key 51355091 (ext4:daaf161863defc0c) to keyring 934374887 in process 179
05-08 12:52:24.027   179   196 D vold    : Added key 446017923 (f2fs:daaf161863defc0c) to keyring 934374887 in process 179
05-08 12:52:24.027   179   196 D vold    : Added key 731230365 (fscrypt:daaf161863defc0c) to keyring 934374887 in process 179
05-08 12:52:24.028   179   196 I vold    : Wrote per boot key reference to:/data/unencrypted/per_boot_ref
05-08 12:52:24.358   179   196 D vold    : fscrypt_init_user0
05-08 12:52:24.358   179   196 D vold    : Preparing: /data/misc/vold/user_keys
05-08 12:52:24.359   179   196 D vold    : Preparing: /data/misc/vold/user_keys/ce
05-08 12:52:24.360   179   196 D vold    : Preparing: /data/misc/vold/user_keys/de
05-08 12:52:24.361   179   196 D vold    : Skipping non-de-key .
05-08 12:52:24.361   179   196 D vold    : Skipping non-de-key ..
05-08 12:52:24.369   179   196 I vold    : List of Keymaster HALs found:
05-08 12:52:24.369   179   196 I vold    : Keymaster HAL #1: SoftwareWrappedKeymaster2Device from Google SecurityLevel: TRUSTED_ENVIRONMENT HAL: android.hardware.keymaster@3.0::IKeymasterDevice/default
05-08 12:52:24.369   179   196 I vold    : Using SoftwareWrappedKeymaster2Device from Google for encryption.  Security level: TRUSTED_ENVIRONMENT, HAL: android.hardware.keymaster@3.0::IKeymasterDevice/default
05-08 12:52:24.373   179   196 D vold    : Added key 564388313 (ext4:dda5d36af1b00469) to keyring 934374887 in process 179
05-08 12:52:24.373   179   196 D vold    : Added key 9409362 (f2fs:dda5d36af1b00469) to keyring 934374887 in process 179
05-08 12:52:24.373   179   196 D vold    : Added key 378909657 (fscrypt:dda5d36af1b00469) to keyring 934374887 in process 179
05-08 12:52:24.373   179   196 D vold    : Installed de key for user 0
05-08 12:52:24.381   179   196 I vold    : List of Keymaster HALs found:
05-08 12:52:24.381   179   196 I vold    : Keymaster HAL #1: SoftwareWrappedKeymaster2Device from Google SecurityLevel: TRUSTED_ENVIRONMENT HAL: android.hardware.keymaster@3.0::IKeymasterDevice/default
05-08 12:52:24.381   179   196 I vold    : Using SoftwareWrappedKeymaster2Device from Google for encryption.  Security level: TRUSTED_ENVIRONMENT, HAL: android.hardware.keymaster@3.0::IKeymasterDevice/default
05-08 12:52:24.385   179   196 D vold    : Added key 407827745 (ext4:9bd217f835a7c839) to keyring 934374887 in process 179
05-08 12:52:24.385   179   196 D vold    : Added key 713715645 (f2fs:9bd217f835a7c839) to keyring 934374887 in process 179
05-08 12:52:24.385   179   196 D vold    : Added key 907568168 (fscrypt:9bd217f835a7c839) to keyring 934374887 in process 179
05-08 12:52:24.385   179   196 D vold    : Installed de key for user 10
05-08 12:52:24.385   179   196 D vold    : fscrypt_prepare_user_storage for volume null, user 0, serial 0, flags 1
05-08 12:52:24.385   179   196 D vold    : Preparing: /data/system/users/0
05-08 12:52:24.386   179   196 D vold    : Preparing: /data/misc/profiles/cur/0
05-08 12:52:24.387   179   196 D vold    : Preparing: /data/system_de/0
05-08 12:52:24.387   179   196 D vold    : Preparing: /data/misc_de/0
05-08 12:52:24.387   179   196 D vold    : Preparing: /data/vendor_de/0
05-08 12:52:24.388   179   196 D vold    : Preparing: /data/user_de/0
05-08 12:52:24.389   179   196 I vold    : Found policy dda5d36af1b00469 at /data/system_de/0 which matches expected value
05-08 12:52:24.389   179   196 I vold    : Found policy dda5d36af1b00469 at /data/misc_de/0 which matches expected value
05-08 12:52:24.389   179   196 I vold    : Found policy dda5d36af1b00469 at /data/vendor_de/0 which matches expected value
05-08 12:52:24.391   179   196 I vold    : Found policy dda5d36af1b00469 at /data/user_de/0 which matches expected value
05-08 12:52:24.391   179   196 D vold    : /system/bin/vold_prepare_subdirs
05-08 12:52:24.392   179   196 D vold    :     prepare
05-08 12:52:24.392   179   196 D vold    :     
05-08 12:52:24.392   179   196 D vold    :     0
05-08 12:52:24.392   179   196 D vold    :     1
05-08 12:52:25.076   303   303 I shelld  : shelld 1.0 firing up
05-08 12:52:25.312   326   326 I installd: installd firing up
05-08 12:52:25.465   337   337 D DrmService: ----------------running drmservice---------------
05-08 12:52:25.471   337   337 E DrmService: rknand_sys_storage open fail
05-08 12:52:25.471   337   337 D DrmService: Get HID data:
05-08 12:52:25.487   335   335 I wificond: wificond is starting up...
05-08 12:52:25.532   337   337 E DrmService: serianno =CC4B73E43516
05-08 12:52:25.532   337   337 E DrmService: ------------ set_iface ----------------
05-08 12:52:25.579   297   297 I android.hardware.wifi@1.0-service: Wifi Hal is booting up...
05-08 12:52:25.584   297   297 I ServiceManagement: Registered android.hardware.wifi@1.3::IWifi/default (start delay of 652ms)
05-08 12:52:26.669   337   337 E DrmService: [wlan0] interface is up
05-08 12:52:26.686   337   337 E DrmService: [wlan0] interface is down
05-08 12:52:26.686   337   337 E DrmService: ---------read /sys/class/net/wlan0/address =cc:4b:73:e4:35:16
05-08 12:52:26.686   337   337 E DrmService: ,len=18
05-08 12:52:26.686   337   337 E DrmService: --------------matches=6,get wifi mac address,cc4b73e43516
05-08 12:52:26.686   337   337 E DrmService: :4b73e43516
05-08 12:52:26.686   337   337 E DrmService: :73e43516
05-08 12:52:26.686   337   337 E DrmService: e43516
05-08 12:52:26.686   337   337 E DrmService: :3516
05-08 12:52:26.686   337   337 E DrmService: :16
05-08 12:52:26.686   337   337 E DrmService: 
05-08 12:52:26.686   337   337 E DrmService: ------------in calc_seed_by_mac,bit =c,result =99
05-08 12:52:26.686   337   337 E DrmService: ------------in calc_seed_by_mac,bit =c,result =1089
05-08 12:52:26.686   337   337 E DrmService: ------------in calc_seed_by_mac,bit =4,result =10942
05-08 12:52:26.686   337   337 E DrmService: ------------in calc_seed_by_mac,bit =b,result =109518
05-08 12:52:26.687   337   337 E DrmService: ------------in calc_seed_by_mac,bit =7,result =1095235
05-08 12:52:26.687   337   337 E DrmService: ------------in calc_seed_by_mac,bit =3,result =10952401
05-08 12:52:26.687   337   337 E DrmService: ------------in calc_seed_by_mac,bit =e,result =101
05-08 12:52:26.687   337   337 E DrmService: ------------in calc_seed_by_mac,bit =4,result =1062
05-08 12:52:26.687   337   337 E DrmService: ------------in calc_seed_by_mac,bit =3,result =10671
05-08 12:52:26.687   337   337 E DrmService: ------------in calc_seed_by_mac,bit =5,result =106763
05-08 12:52:26.688   337   337 E DrmService: ------------in calc_seed_by_mac,bit =1,result =1067679
05-08 12:52:26.688   337   337 E DrmService: ------------in calc_seed_by_mac,bit =6,result =10676844
05-08 12:52:26.688   337   337 E DrmService: store_serialno =CC4B73E43516,len = 12,cached =CC4B73E43516oäs6
05-08 12:52:26.688   337   337 E DrmService: store_serialno,skip write same serialno =CC4B73E43516
05-08 12:52:26.688   337   337 E DrmService: generate_device_serialno,len =12,result=CC4B73E43516
05-08 12:52:26.688   337   337 E DrmService: cmdline: storagemedia=emmc androidboot.storagemedia=emmc androidboot.mode=normal  androidboot.dtbo_idx=0 hwversion=43 lcdversion=2  androidboot.verifiedbootstate=orange androidboot.slot_suffix= console=ttyFIQ0 androidboot.baseband=N/A androidboot.wificountrycode=US androidboot.veritymode=enforcing androidboot.hardware=rk30board androidboot.console=ttyFIQ0 androidboot.verifiedbootstate=orange firmware_class.path=/vendor/etc/firmware init=/init rootwait ro loop.max_part=7 androidboot.selinux=permissive buildvariant=userdebug earlycon=uart8250,mmio32,0xff690000 swiotlb=1 kpti=0 androidboot.boot_devices=ff0f0000.dwmmc,ff400000.nandc
05-08 12:52:26.688   337   337 E DrmService: serialno: androidboot.serialno=CC4B73E4351
05-08 12:52:26.688   337   337 D DrmService: verify: save serialno: CC4B73E43516 (12)
05-08 12:52:26.688   337   337 D DrmService: save SN: CC4B73E43516 to IDB.
05-08 12:52:26.689   337   337 E DrmService: vendor write:
05-08 12:52:26.689   337   337 E DrmService: 42344343 34453337 36313533 0
05-08 12:52:26.689   337   337 E DrmService: 0 0 0 0
05-08 12:52:27.078   200   429 D BootAnimation: BootAnimationShownTiming start time: 11326ms
05-08 12:52:27.449   337   337 E DrmService: Unable to open path (/sys/class/android_usb/android0/iSerial),error is(No such file or directory)
05-08 12:52:27.449   337   337 E DrmService: try /config/usb_gadget/g1/strings/0x409/serialnumber
05-08 12:52:28.182   276   276 D Zygote32Timing: PostZygoteInitGC took to complete: 17ms
05-08 12:52:28.182   276   276 D Zygote32Timing: ZygoteInit took to complete: 17ms
05-08 12:52:28.222   275   275 D Zygote64Timing: BeginPreload took to complete: 61ms
05-08 12:52:29.899   275   275 D Zygote64Timing: PreloadClasses took to complete: 1677ms
05-08 12:52:29.912   275   275 D Zygote64Timing: CacheNonBootClasspathClassLoaders took to complete: 13ms
05-08 12:52:30.379   275   275 D Zygote64Timing: PreloadResources took to complete: 467ms
05-08 12:52:30.480   275   275 D Zygote64Timing: ZygotePreload took to complete: 2319ms
05-08 12:52:30.582   275   275 D Zygote64Timing: PostZygoteInitGC took to complete: 102ms
05-08 12:52:30.582   275   275 D Zygote64Timing: ZygoteInit took to complete: 2421ms
05-08 12:52:30.600   334   366 E storaged: getService package_native failed
05-08 12:52:30.603   334   366 I storaged: storaged: Start
05-08 12:52:30.912   473   473 I SystemServer: InitBeforeStartServices
05-08 12:52:30.917   473   473 I SystemServer: Entered the Android system server!
05-08 12:52:31.341   473   473 D SystemServerTiming: InitBeforeStartServices took to complete: 428ms
05-08 12:52:31.341   473   473 I SystemServer: StartServices
05-08 12:52:31.341   473   473 I SystemServer: StartWatchdog
05-08 12:52:31.367   473   473 D SystemServerTiming: StartWatchdog took to complete: 26ms
05-08 12:52:31.367   473   473 I SystemServer: Reading configuration...
05-08 12:52:31.368   473   473 I SystemServer: ReadingSystemConfig
05-08 12:52:31.371   473   473 D SystemServerTiming: ReadingSystemConfig took to complete: 3ms
05-08 12:52:31.371   473   473 I SystemServer: StartInstaller
05-08 12:52:31.372   473   473 I SystemServiceManager: Starting com.android.server.pm.Installer
05-08 12:52:31.373   473   499 D SystemServerInitThreadPool: Started executing ReadingSystemConfig
05-08 12:52:31.385   473   473 D SystemServerTiming: StartInstaller took to complete: 14ms
05-08 12:52:31.385   473   473 I SystemServer: DeviceIdentifiersPolicyService
05-08 12:52:31.385   473   473 I SystemServiceManager: Starting com.android.server.os.DeviceIdentifiersPolicyService
05-08 12:52:31.386   473   473 D SystemServerTiming: DeviceIdentifiersPolicyService took to complete: 1ms
05-08 12:52:31.387   473   473 I SystemServer: UriGrantsManagerService
05-08 12:52:31.387   473   473 I SystemServiceManager: Starting com.android.server.uri.UriGrantsManagerService$Lifecycle
05-08 12:52:31.400   473   473 D SystemServerTiming: UriGrantsManagerService took to complete: 13ms
05-08 12:52:31.400   473   473 I SystemServer: StartActivityManager
05-08 12:52:31.400   473   473 I SystemServiceManager: Starting com.android.server.wm.ActivityTaskManagerService$Lifecycle
05-08 12:52:31.419   473   473 I SystemServiceManager: Starting com.android.server.am.ActivityManagerService$Lifecycle
05-08 12:52:31.455   473   499 W SystemConfig: No directory /product/etc/sysconfig, skipping
05-08 12:52:31.455   473   473 I ActivityManager: Memory class: 192
05-08 12:52:31.459   473   499 W SystemConfig: No directory /product_services/etc/sysconfig, skipping
05-08 12:52:31.460   473   499 W SystemConfig: No directory /product_services/etc/permissions, skipping
05-08 12:52:31.461   473   499 D SystemServerInitThreadPool: Finished executing ReadingSystemConfig
05-08 12:52:31.506   473   473 D BatteryStatsImpl: Reading daily items from /data/system/batterystats-daily.xml
05-08 12:52:31.540   473   506 E BatteryExternalStatsWorker: no controller energy info supplied for telephony
05-08 12:52:31.546   473   506 I KernelCpuUidFreqTimeReader: mPerClusterTimesAvailable=false
05-08 12:52:31.554   473   506 W KernelMemoryBandwidthStats: No kernel memory bandwidth stats available
05-08 12:52:31.667   473   473 I IntentFirewall: Read new rules (A:0 B:0 S:0)
05-08 12:52:31.715   473   473 D AppOps  : AppOpsService published
05-08 12:52:31.725   473   473 D SystemServerTiming: StartActivityManager took to complete: 324ms
05-08 12:52:31.725   473   473 I SystemServer: StartPowerManager
05-08 12:52:31.725   473   473 I SystemServiceManager: Starting com.android.server.power.PowerManagerService
05-08 12:52:31.752   473   473 D SystemServerTiming: StartPowerManager took to complete: 27ms
05-08 12:52:31.752   473   473 I SystemServer: StartThermalManager
05-08 12:52:31.752   473   473 I SystemServiceManager: Starting com.android.server.power.ThermalManagerService
05-08 12:52:31.754   473   473 D SystemServerTiming: StartThermalManager took to complete: 2ms
05-08 12:52:31.754   473   473 I SystemServer: InitPowerManagement
05-08 12:52:31.757   473   473 D SystemServerTiming: InitPowerManagement took to complete: 3ms
05-08 12:52:31.757   473   473 I SystemServer: StartRecoverySystemService
05-08 12:52:31.758   473   473 I SystemServiceManager: Starting com.android.server.RecoverySystemService
05-08 12:52:31.759   473   473 D SystemServerTiming: StartRecoverySystemService took to complete: 2ms
05-08 12:52:31.761   473   473 W RescueParty: Noticed 1 events for UID 0 in last 16 sec
05-08 12:52:31.761   473   473 I SystemServer: StartLightsService
05-08 12:52:31.761   473   473 I SystemServiceManager: Starting com.android.server.lights.LightsService
05-08 12:52:31.769   473   473 D SystemServerTiming: StartLightsService took to complete: 8ms
05-08 12:52:31.769   473   473 I SystemServer: StartSidekickService
05-08 12:52:31.769   473   473 D SystemServerTiming: StartSidekickService took to complete: 0ms
05-08 12:52:31.769   473   473 I SystemServer: StartDisplayManager
05-08 12:52:31.770   473   473 I SystemServiceManager: Starting com.android.server.display.DisplayManagerService
05-08 12:52:31.778   473   473 D SystemServerTiming: StartDisplayManager took to complete: 9ms
05-08 12:52:31.778   473   473 I SystemServer: WaitForDisplay
05-08 12:52:31.778   473   473 I SystemServiceManager: Starting phase 100
05-08 12:52:31.793   473   495 I DisplayManagerService: Display device added: DisplayDeviceInfo{"Built-in Screen": uniqueId="local:0", 800 x 1280, modeId 1, defaultModeId 1, supportedModes [{id=1, width=800, height=1280, fps=60.000004}], colorMode 0, supportedColorModes [0], HdrCapabilities android.view.Display$HdrCapabilities@40f16308, density 213, 213.0 x 213.0 dpi, appVsyncOff 1000000, presDeadline 16666666, touch INTERNAL, rotation 0, type BUILT_IN, address {port=0}, state UNKNOWN, FLAG_DEFAULT_DISPLAY, FLAG_ROTATES_WITH_CONTENT, FLAG_SECURE, FLAG_SUPPORTS_PROTECTED_BUFFERS}
05-08 12:52:31.800   473   473 D SystemServerTiming: WaitForDisplay took to complete: 22ms
05-08 12:52:31.800   473   495 I DisplayManagerService: Display device changed state: "Built-in Screen", ON
05-08 12:52:31.801   473   473 I SystemServer: StartPackageManagerService
05-08 12:52:31.801   473   473 I Watchdog: Pausing HandlerChecker: main thread for reason: packagemanagermain. Pause count: 1
05-08 12:52:31.873   473   473 D SELinuxMMAC: Using policy file /system/etc/selinux/plat_mac_permissions.xml
05-08 12:52:31.877   473   473 D SELinuxMMAC: Using policy file /vendor/etc/selinux/vendor_mac_permissions.xml
05-08 12:52:32.456   473   473 D PackageManager: Keeping known cache 9579f87f84c4d5dd9cc8d8827a988e2ad3563ac6
05-08 12:52:32.491   473   473 W PackageManager: Failed to parse /system/framework/arm64: Missing base APK in /system/framework/arm64
05-08 12:52:32.491   473   473 W PackageManager: Failed to parse /system/framework/arm: Missing base APK in /system/framework/arm
05-08 12:52:32.493   473   473 W PackageManager: Failed to parse /system/framework/oat: Missing base APK in /system/framework/oat
05-08 12:52:32.627   473   473 W PackageManager: Skipping provider name androidx.lifecycle.process.lifecycle-process (in package com.android.settings): name already used by com.android.systemui
05-08 12:52:32.636   473   473 I PackageManager: Finished scanning system apps. Time: 182 ms, packageCount: 88 , timePerPackage: 2 , cached: 88
05-08 12:52:32.704   473   473 W PackageManager: Skipping provider name net.gtl.messaging.fileprovider (in package net.gtl.messaging): name already used by net.gtl.messaging
05-08 12:52:32.923   473   473 I PackageManager: Finished scanning non-system apps. Time: 288 ms, packageCount: 146 , timePerPackage: 1 , cached: 146
05-08 12:52:32.926   473   473 E PackageManager: There should probably be exactly one storage manager; found 0: matches=[]
05-08 12:52:32.928   473   473 E PackageManager: There should probably be exactly one setup wizard; found 0: matches=[]
05-08 12:52:32.930   473   473 E PackageManager: There should probably be exactly one documenter; found 0: matches=[]
05-08 12:52:32.947   473   473 I PackageManager: Time to scan packages: 0.494 seconds
05-08 12:52:32.954   473   473 I PackageManager: Un-granting permission android.permission.WRITE_SETTINGS from package net.gtl.voip.phone (protectionLevel=1218 flags=0x3008be44)
05-08 12:52:32.963   473   473 I PackageManager: Un-granting permission android.permission.INTERACT_ACROSS_USERS from package com.telmate.contacts (protectionLevel=50 flags=0x3808bc44)
05-08 12:52:32.963   473   473 I PackageManager: Un-granting permission android.permission.MANAGE_USERS from package com.telmate.contacts (protectionLevel=18 flags=0x3808bc44)
05-08 12:52:32.970   473   473 I PackageManager: Un-granting permission android.permission.INTERACT_ACROSS_USERS_FULL from package com.telmate.accountinfo (protectionLevel=258 flags=0x3808be44)
05-08 12:52:32.972   473   473 I PackageManager: Un-granting permission android.permission.CAPTURE_VIDEO_OUTPUT from package com.telmate.telmatevvwrapper (protectionLevel=2 flags=0x3848be44)
05-08 12:52:32.983   473   473 I PackageManager: Un-granting permission android.permission.WRITE_SETTINGS from package com.WahegurooNetwork.SundarGutka (protectionLevel=1218 flags=0x3808be44)
05-08 12:52:32.985   473   473 I PackageManager: Un-granting permission android.permission.WRITE_SETTINGS from package net.gtl.stingray.music (protectionLevel=1218 flags=0x3818be44)
05-08 12:52:32.991   473   473 I PackageManager: Un-granting permission android.permission.READ_LOGS from package com.midasplayer.apps.bubblewitch (protectionLevel=50 flags=0x3808be44)
05-08 12:52:32.993   473   473 V PackageManager: reconcileAppsData for null u0 0x1 migrateAppData=true
05-08 12:52:33.112   473   473 V PackageManager: reconcileAppsData finished 12 packages
05-08 12:52:33.113   473   539 D SystemServerInitThreadPool: Started executing prepareAppData
05-08 12:52:33.259   473   473 D PackageManager: Ephemeral resolver NOT found; no matching intent filters
05-08 12:52:33.260   473   473 D PackageManager: Instant App installer not found with android.intent.action.INSTALL_INSTANT_APP_PACKAGE
05-08 12:52:33.260   473   473 D PackageManager: Clear ephemeral installer activity
05-08 12:52:33.398   473   473 I Watchdog: Resuming HandlerChecker: main thread for reason: packagemanagermain. Pause count: 0
05-08 12:52:33.398   473   473 D SystemServerTiming: StartPackageManagerService took to complete: 1597ms
05-08 12:52:33.399   473   473 I SystemServer: StartOtaDexOptService
05-08 12:52:33.399   473   473 I Watchdog: Pausing HandlerChecker: main thread for reason: moveab. Pause count: 1
05-08 12:52:33.400   473   473 D OTADexopt: No upgrade, skipping A/B artifacts check.
05-08 12:52:33.401   473   473 I Watchdog: Resuming HandlerChecker: main thread for reason: moveab. Pause count: 0
05-08 12:52:33.401   473   473 D SystemServerTiming: StartOtaDexOptService took to complete: 2ms
05-08 12:52:33.401   473   473 I SystemServer: StartUserManagerService
05-08 12:52:33.401   473   473 I SystemServiceManager: Starting com.android.server.pm.UserManagerService$LifeCycle
05-08 12:52:33.402   473   473 D SystemServerTiming: StartUserManagerService took to complete: 1ms
05-08 12:52:33.402   473   473 I SystemServer: InitAttributerCache
05-08 12:52:33.402   473   473 D SystemServerTiming: InitAttributerCache took to complete: 0ms
05-08 12:52:33.402   473   473 I SystemServer: SetSystemProcess
05-08 12:52:33.418   473   473 D SystemServerTiming: SetSystemProcess took to complete: 15ms
05-08 12:52:33.418   473   473 I SystemServer: InitWatchdog
05-08 12:52:33.419   473   473 D SystemServerTiming: InitWatchdog took to complete: 1ms
05-08 12:52:33.420   473   473 I SystemServer: StartOverlayManagerService
05-08 12:52:33.572   473   473 D SystemServerTiming: StartOverlayManagerService took to complete: 152ms
05-08 12:52:33.572   473   473 I SystemServer: StartSensorPrivacyService
05-08 12:52:33.574   473   473 D SystemServerTiming: StartSensorPrivacyService took to complete: 2ms
05-08 12:52:33.575   473   473 I SystemServer: StartBatteryService
05-08 12:52:33.575   473   473 I SystemServiceManager: Starting com.android.server.BatteryService
05-08 12:52:33.575   473   541 D SystemServerInitThreadPool: Started executing StartSensorService
05-08 12:52:33.586   473   541 D SystemServerTimingAsync: StartSensorService took to complete: 11ms
05-08 12:52:33.586   473   541 D SystemServerInitThreadPool: Finished executing StartSensorService
05-08 12:52:33.592   473   506 E BatteryExternalStatsWorker: no controller energy info supplied for telephony
05-08 12:52:33.600   473   473 I HealthServiceWrapper: health: HealthServiceWrapper listening to instance default
05-08 12:52:33.600   473   473 I BatteryService: health: Waited 0ms and received the update.
05-08 12:52:33.602   473   473 D SystemServerTiming: StartBatteryService took to complete: 26ms
05-08 12:52:33.602   473   473 I SystemServer: StartUsageService
05-08 12:52:33.602   473   473 I SystemServiceManager: Starting com.android.server.usage.UsageStatsService
05-08 12:52:33.662   473   473 I UsageStatsService: User[0] Rollover scheduled @ 2023-05-08 18:06:47(1683583607497)
05-08 12:52:33.662   473   473 W SystemServiceManager: Service com.android.server.usage.UsageStatsService took 58 ms in onStart
05-08 12:52:33.662   473   473 D SystemServerTiming: StartUsageService took to complete: 60ms
05-08 12:52:33.663   473   473 I SystemServer: StartWebViewUpdateService
05-08 12:52:33.663   473   473 I SystemServiceManager: Starting com.android.server.webkit.WebViewUpdateService
05-08 12:52:33.672   473   473 D SystemServerTiming: StartWebViewUpdateService took to complete: 9ms
05-08 12:52:33.672   473   473 I SystemServer: StartCachedDeviceStateService
05-08 12:52:33.673   473   473 I SystemServiceManager: Starting com.android.server.CachedDeviceStateService
05-08 12:52:33.673   473   473 D SystemServerTiming: StartCachedDeviceStateService took to complete: 1ms
05-08 12:52:33.673   473   473 I SystemServer: StartBinderCallsStatsService
05-08 12:52:33.673   473   473 I SystemServiceManager: Starting com.android.server.BinderCallsStatsService$LifeCycle
05-08 12:52:33.674   473   473 D SystemServerTiming: StartBinderCallsStatsService took to complete: 1ms
05-08 12:52:33.674   473   473 I SystemServer: StartLooperStatsService
05-08 12:52:33.674   473   473 I SystemServiceManager: Starting com.android.server.LooperStatsService$Lifecycle
05-08 12:52:33.676   473   473 D SystemServerTiming: StartLooperStatsService took to complete: 1ms
05-08 12:52:33.676   473   473 I SystemServer: StartRollbackManagerService
05-08 12:52:33.676   473   473 I SystemServiceManager: Starting com.android.server.rollback.RollbackManagerService
05-08 12:52:33.689   473   473 D SystemServerTiming: StartRollbackManagerService took to complete: 13ms
05-08 12:52:33.689   473   473 I SystemServer: StartBugreportManagerService
05-08 12:52:33.690   473   473 I SystemServiceManager: Starting com.android.server.os.BugreportManagerService
05-08 12:52:33.691   473   473 D SystemServerTiming: StartBugreportManagerService took to complete: 2ms
05-08 12:52:33.691   473   473 I SystemServer: GpuService
05-08 12:52:33.691   473   473 I SystemServiceManager: Starting com.android.server.gpu.GpuService
05-08 12:52:33.691   473   473 D SystemServerTiming: GpuService took to complete: 0ms
05-08 12:52:33.692   473   473 W SystemServer: Trying to delete device_policies.xml file...
05-08 12:52:33.693   473   473 I SystemServer: StartKeyAttestationApplicationIdProviderService
05-08 12:52:33.693   473   550 D SystemServerInitThreadPool: Started executing SecondaryZygotePreload
05-08 12:52:33.693   473   550 I SystemServer: SecondaryZygotePreload
05-08 12:52:33.694   473   473 D SystemServerTiming: StartKeyAttestationApplicationIdProviderService took to complete: 1ms
05-08 12:52:33.694   473   473 I SystemServer: StartKeyChainSystemService
05-08 12:52:33.694   473   473 I SystemServiceManager: Starting com.android.server.security.KeyChainSystemService
05-08 12:52:33.695   473   473 D SystemServerTiming: StartKeyChainSystemService took to complete: 1ms
05-08 12:52:33.695   473   473 I SystemServer: StartSchedulingPolicyService
05-08 12:52:33.696   473   551 D SystemServerInitThreadPool: Started executing SchedulingPolicyService.<init>
05-08 12:52:33.697   473   473 D SystemServerTiming: StartSchedulingPolicyService took to complete: 2ms
05-08 12:52:33.697   473   473 I SystemServer: StartTelecomLoaderService
05-08 12:52:33.697   473   473 I SystemServiceManager: Starting com.android.server.telecom.TelecomLoaderService
05-08 12:52:33.699   473   473 D SystemServerTiming: StartTelecomLoaderService took to complete: 2ms
05-08 12:52:33.699   473   473 I SystemServer: StartTelephonyRegistry
05-08 12:52:33.701   473   473 D SystemServerTiming: StartTelephonyRegistry took to complete: 2ms
05-08 12:52:33.702   473   473 I SystemServer: StartEntropyMixer
05-08 12:52:33.705   473   551 D SystemServerInitThreadPool: Finished executing SchedulingPolicyService.<init>
05-08 12:52:33.710   473   473 I EntropyMixer: Added HW RNG output to entropy pool
05-08 12:52:33.710   473   473 I EntropyMixer: Writing entropy...
05-08 12:52:33.715   473   473 D SystemServerTiming: StartEntropyMixer took to complete: 12ms
05-08 12:52:33.715   473   473 I SystemServer: StartAccountManagerService
05-08 12:52:33.715   473   473 I SystemServiceManager: Starting com.android.server.accounts.AccountManagerService$Lifecycle
05-08 12:52:33.723   473   473 D SystemServerTiming: StartAccountManagerService took to complete: 8ms
05-08 12:52:33.724   473   473 I SystemServer: StartContentService
05-08 12:52:33.724   473   473 I SystemServiceManager: Starting com.android.server.content.ContentService$Lifecycle
05-08 12:52:33.732   473   473 D SystemServerTiming: StartContentService took to complete: 8ms
05-08 12:52:33.732   473   473 I SystemServer: InstallSystemProviders
05-08 12:52:33.804   473   473 I SettingsState: No settings state /data/system/users/0/settings_config.xml
05-08 12:52:33.806   276   276 D ZygoteInitTiming_lazy: BeginPreload took to complete: 50ms
05-08 12:52:33.809   473   473 I SettingsState: directory info for directory/file /data/system/users/0/settings_config.xml with stacktrace 
05-08 12:52:33.809   473   473 I SettingsState: java.lang.Exception
05-08 12:52:33.809   473   473 I SettingsState: 	at com.android.providers.settings.SettingsState.logSettingsDirectoryInformation(SettingsState.java:753)
05-08 12:52:33.809   473   473 I SettingsState: 	at com.android.providers.settings.SettingsState.readStateSyncLocked(SettingsState.java:852)
05-08 12:52:33.809   473   473 I SettingsState: 	at com.android.providers.settings.SettingsState.<init>(SettingsState.java:277)
05-08 12:52:33.809   473   473 I SettingsState: 	at com.android.providers.settings.SettingsProvider$SettingsRegistry.ensureSettingsStateLocked(SettingsProvider.java:2604)
05-08 12:52:33.809   473   473 I SettingsState: 	at com.android.providers.settings.SettingsProvider$SettingsRegistry.ensureSettingsForUserLocked(SettingsProvider.java:2569)
05-08 12:52:33.809   473   473 I SettingsState: 	at com.android.providers.settings.SettingsProvider$SettingsRegistry.peekSettingsStateLocked(SettingsProvider.java:2882)
05-08 12:52:33.809   473   473 I SettingsState: 	at com.android.providers.settings.SettingsProvider$SettingsRegistry.getSettingsNamesLocked(SettingsProvider.java:2524)
05-08 12:52:33.809   473   473 I SettingsState: 	at com.android.providers.settings.SettingsProvider$SettingsRegistry.syncSsaidTableOnStart(SettingsProvider.java:2506)
05-08 12:52:33.809   473   473 I SettingsState: 	at com.android.providers.settings.SettingsProvider$SettingsRegistry.<init>(SettingsProvider.java:2402)
05-08 12:52:33.809   473   473 I SettingsState: 	at com.android.providers.settings.SettingsProvider.onCreate(SettingsProvider.java:332)
05-08 12:52:33.809   473   473 I SettingsState: 	at android.content.ContentProvider.attachInfo(ContentProvider.java:2092)
05-08 12:52:33.809   473   473 I SettingsState: 	at android.content.ContentProvider.attachInfo(ContentProvider.java:2066)
05-08 12:52:33.809   473   473 I SettingsState: 	at android.app.ActivityThread.installProvider(ActivityThread.java:6983)
05-08 12:52:33.809   473   473 I SettingsState: 	at android.app.ActivityThread.installContentProviders(ActivityThread.java:6528)
05-08 12:52:33.809   473   473 I SettingsState: 	at android.app.ActivityThread.installSystemProviders(ActivityThread.java:7169)
05-08 12:52:33.809   473   473 I SettingsState: 	at com.android.server.am.ActivityManagerService.installSystemProviders(ActivityManagerService.java:7684)
05-08 12:52:33.809   473   473 I SettingsState: 	at com.android.server.SystemServer.startOtherServices(SystemServer.java:1000)
05-08 12:52:33.809   473   473 I SettingsState: 	at com.android.server.SystemServer.run(SystemServer.java:519)
05-08 12:52:33.809   473   473 I SettingsState: 	at com.android.server.SystemServer.main(SystemServer.java:356)
05-08 12:52:33.809   473   473 I SettingsState: 	at java.lang.reflect.Method.invoke(Native Method)
05-08 12:52:33.809   473   473 I SettingsState: 	at com.android.internal.os.RuntimeInit$MethodAndArgsCaller.run(RuntimeInit.java:492)
05-08 12:52:33.809   473   473 I SettingsState: 	at com.android.internal.os.ZygoteInit.main(ZygoteInit.java:908)
05-08 12:52:33.809   473   473 I SettingsState: ancestor directory /data/system/users/0 exists
05-08 12:52:33.810   473   473 I SettingsState: ancestor directory /data/system/users/0 permissions: r: true w: true x: true
05-08 12:52:33.810   473   473 I SettingsState: ancestor's parent directory /data/system/users permissions: r: true w: true x: true
05-08 12:52:33.830   473   473 I SettingsState: No settings state /data/system/users/0/settings_ssaid.xml
05-08 12:52:33.831   473   473 I SettingsState: directory info for directory/file /data/system/users/0/settings_ssaid.xml with stacktrace 
05-08 12:52:33.831   473   473 I SettingsState: java.lang.Exception
05-08 12:52:33.831   473   473 I SettingsState: 	at com.android.providers.settings.SettingsState.logSettingsDirectoryInformation(SettingsState.java:753)
05-08 12:52:33.831   473   473 I SettingsState: 	at com.android.providers.settings.SettingsState.readStateSyncLocked(SettingsState.java:852)
05-08 12:52:33.831   473   473 I SettingsState: 	at com.android.providers.settings.SettingsState.<init>(SettingsState.java:277)
05-08 12:52:33.831   473   473 I SettingsState: 	at com.android.providers.settings.SettingsProvider$SettingsRegistry.ensureSettingsStateLocked(SettingsProvider.java:2604)
05-08 12:52:33.831   473   473 I SettingsState: 	at com.android.providers.settings.SettingsProvider$SettingsRegistry.ensureSettingsForUserLocked(SettingsProvider.java:2592)
05-08 12:52:33.831   473   473 I SettingsState: 	at com.android.providers.settings.SettingsProvider$SettingsRegistry.peekSettingsStateLocked(SettingsProvider.java:2882)
05-08 12:52:33.831   473   473 I SettingsState: 	at com.android.providers.settings.SettingsProvider$SettingsRegistry.getSettingsNamesLocked(SettingsProvider.java:2524)
05-08 12:52:33.831   473   473 I SettingsState: 	at com.android.providers.settings.SettingsProvider$SettingsRegistry.syncSsaidTableOnStart(SettingsProvider.java:2506)
05-08 12:52:33.831   473   473 I SettingsState: 	at com.android.providers.settings.SettingsProvider$SettingsRegistry.<init>(SettingsProvider.java:2402)
05-08 12:52:33.831   473   473 I SettingsState: 	at com.android.providers.settings.SettingsProvider.onCreate(SettingsProvider.java:332)
05-08 12:52:33.831   473   473 I SettingsState: 	at android.content.ContentProvider.attachInfo(ContentProvider.java:2092)
05-08 12:52:33.831   473   473 I SettingsState: 	at android.content.ContentProvider.attachInfo(ContentProvider.java:2066)
05-08 12:52:33.831   473   473 I SettingsState: 	at android.app.ActivityThread.installProvider(ActivityThread.java:6983)
05-08 12:52:33.831   473   473 I SettingsState: 	at android.app.ActivityThread.installContentProviders(ActivityThread.java:6528)
05-08 12:52:33.831   473   473 I SettingsState: 	at android.app.ActivityThread.installSystemProviders(ActivityThread.java:7169)
05-08 12:52:33.831   473   473 I SettingsState: 	at com.android.server.am.ActivityManagerService.installSystemProviders(ActivityManagerService.java:7684)
05-08 12:52:33.831   473   473 I SettingsState: 	at com.android.server.SystemServer.startOtherServices(SystemServer.java:1000)
05-08 12:52:33.831   473   473 I SettingsState: 	at com.android.server.SystemServer.run(SystemServer.java:519)
05-08 12:52:33.831   473   473 I SettingsState: 	at com.android.server.SystemServer.main(SystemServer.java:356)
05-08 12:52:33.831   473   473 I SettingsState: 	at java.lang.reflect.Method.invoke(Native Method)
05-08 12:52:33.831   473   473 I SettingsState: 	at com.android.internal.os.RuntimeInit$MethodAndArgsCaller.run(RuntimeInit.java:492)
05-08 12:52:33.831   473   473 I SettingsState: 	at com.android.internal.os.ZygoteInit.main(ZygoteInit.java:908)
05-08 12:52:33.831   473   473 I SettingsState: ancestor directory /data/system/users/0 exists
05-08 12:52:33.831   473   473 I SettingsState: ancestor directory /data/system/users/0 permissions: r: true w: true x: true
05-08 12:52:33.832   473   473 I SettingsState: ancestor's parent directory /data/system/users permissions: r: true w: true x: true
05-08 12:52:33.891   473   473 D SystemServerTiming: InstallSystemProviders took to complete: 159ms
05-08 12:52:33.891   473   473 I SystemServer: StartDropBoxManager
05-08 12:52:33.891   473   473 I SystemServiceManager: Starting com.android.server.DropBoxManagerService
05-08 12:52:33.893   473   473 D SystemServerTiming: StartDropBoxManager took to complete: 1ms
05-08 12:52:33.893   473   473 I SystemServer: StartVibratorService
05-08 12:52:33.903   473   473 D SystemServerTiming: StartVibratorService took to complete: 10ms
05-08 12:52:33.903   473   473 I SystemServer: StartDynamicSystemService
05-08 12:52:33.906   473   473 D SystemServerTiming: StartDynamicSystemService took to complete: 3ms
05-08 12:52:33.906   473   473 I SystemServer: StartConsumerIrService
05-08 12:52:33.908   473   473 D SystemServerTiming: StartConsumerIrService took to complete: 2ms
05-08 12:52:33.908   473   473 I SystemServer: StartAlarmManagerService
05-08 12:52:33.922   473   473 D SystemServerTiming: StartAlarmManagerService took to complete: 14ms
05-08 12:52:33.922   473   473 I SystemServer: StartInputManagerService
05-08 12:52:33.923   473   473 I InputManager: Initializing input manager, mUseDevInputEventForAudioJack=false
05-08 12:52:33.931   473   473 D SystemServerTiming: StartInputManagerService took to complete: 9ms
05-08 12:52:33.931   473   473 I SystemServer: StartWindowManagerService
05-08 12:52:33.941   473   495 I WindowManager: No existing display settings, starting empty
05-08 12:52:33.960   473   473 D SystemServerTiming: StartWindowManagerService took to complete: 29ms
05-08 12:52:33.961   473   473 I SystemServer: SetWindowManagerService
05-08 12:52:33.973   473   494 I DropBoxManagerService: add tag=system_server_strictmode isTagEnabled=true flags=0x2
05-08 12:52:34.003   473   494 I chatty  : uid=1000(system) android.io identical 2 lines
05-08 12:52:34.008   473   494 I DropBoxManagerService: add tag=system_server_strictmode isTagEnabled=true flags=0x2
05-08 12:52:34.048   473   473 D SystemServerTiming: SetWindowManagerService took to complete: 87ms
05-08 12:52:34.048   473   473 I SystemServer: WindowManagerServiceOnInitReady
05-08 12:52:34.064   473   473 D SystemServerTiming: WindowManagerServiceOnInitReady took to complete: 15ms
05-08 12:52:34.064   473   473 I SystemServer: StartInputManager
05-08 12:52:34.065   473   557 D SystemServerInitThreadPool: Started executing StartHidlServices
05-08 12:52:34.066   473   473 I InputManager: Starting input manager
05-08 12:52:34.071   473   557 D SystemServerTimingAsync: StartHidlServices took to complete: 6ms
05-08 12:52:34.071   473   557 D SystemServerInitThreadPool: Finished executing StartHidlServices
05-08 12:52:34.072   473   473 D SystemServerTiming: StartInputManager took to complete: 7ms
05-08 12:52:34.072   473   473 I SystemServer: DisplayManagerWindowManagerAndInputReady
05-08 12:52:34.072   473   473 D SystemServerTiming: DisplayManagerWindowManagerAndInputReady took to complete: 0ms
05-08 12:52:34.072   473   473 I SystemServer: StartBluetoothService
05-08 12:52:34.072   473   473 I SystemServiceManager: Starting com.android.server.BluetoothService
05-08 12:52:34.077   473   473 D BluetoothManagerService: Loading stored name and address
05-08 12:52:34.077   473   473 D BluetoothManagerService: Stored bluetooth Name=null,Address=null
05-08 12:52:34.077   473   473 D BluetoothManagerService: Bluetooth persisted state: 0
05-08 12:52:34.078   473   473 D BluetoothManagerService: Detected SystemUiUid: 10046
05-08 12:52:34.078   473   473 D SystemServerTiming: StartBluetoothService took to complete: 6ms
05-08 12:52:34.079   473   473 I SystemServer: IpConnectivityMetrics
05-08 12:52:34.079   473   473 I SystemServiceManager: Starting com.android.server.connectivity.IpConnectivityMetrics
05-08 12:52:34.083   473   473 D SystemServerTiming: IpConnectivityMetrics took to complete: 5ms
05-08 12:52:34.084   473   473 I SystemServer: NetworkWatchlistService
05-08 12:52:34.084   473   473 I SystemServiceManager: Starting com.android.server.net.watchlist.NetworkWatchlistService$Lifecycle
05-08 12:52:34.095   473   473 I WatchlistSettings: Reload watchlist settings done
05-08 12:52:34.096   473   560 I WatchlistLoggingHandler: No need to aggregate record yet.
05-08 12:52:34.096   473   560 I WatchlistLoggingHandler: Milliseconds spent on tryAggregateRecords(): 0
05-08 12:52:34.096   473   473 D SystemServerTiming: NetworkWatchlistService took to complete: 13ms
05-08 12:52:34.096   473   473 I SystemServer: PinnerService
05-08 12:52:34.097   473   473 I SystemServiceManager: Starting com.android.server.PinnerService
05-08 12:52:34.100   473   473 D SystemServerTiming: PinnerService took to complete: 4ms
05-08 12:52:34.100   473   473 I SystemServer: SignedConfigService
05-08 12:52:34.101   473   473 D SystemServerTiming: SignedConfigService took to complete: 1ms
05-08 12:52:34.101   473   473 I SystemServer: StartInputMethodManagerLifecycle
05-08 12:52:34.101   473   473 I SystemServiceManager: Starting com.android.server.inputmethod.InputMethodManagerService$Lifecycle
05-08 12:52:34.117   473   473 D SystemServerTiming: StartInputMethodManagerLifecycle took to complete: 15ms
05-08 12:52:34.117   473   473 I SystemServer: StartAccessibilityManagerService
05-08 12:52:34.117   473   473 I SystemServiceManager: Starting com.android.server.accessibility.AccessibilityManagerService$Lifecycle
05-08 12:52:34.132   473   473 D SystemServerTiming: StartAccessibilityManagerService took to complete: 15ms
05-08 12:52:34.132   473   473 I SystemServer: MakeDisplayReady
05-08 12:52:34.158   473   473 I ActivityTaskManager: Config changes=20005df8 {1.0 ?mcc?mnc [en_US] ldltr sw516dp w516dp h763dp 248dpi lrg port ?uimode ?night -touch -keyb/v/h -nav/h winConfig={ mBounds=Rect(0, 0 - 800, 1280) mAppBounds=Rect(0, 0 - 800, 1216) mWindowingMode=fullscreen mDisplayWindowingMode=fullscreen mActivityType=undefined mAlwaysOnTop=undefined mRotation=ROTATION_0} s.2}
05-08 12:52:34.178   473   473 I ActivityTaskManager: Override config changes=60007dfc {1.0 ?mcc?mnc [en_US] ldltr sw516dp w516dp h763dp 248dpi lrg port ?uimode ?night -touch -keyb/v/h -nav/h winConfig={ mBounds=Rect(0, 0 - 800, 1280) mAppBounds=Rect(0, 0 - 800, 1216) mWindowingMode=fullscreen mDisplayWindowingMode=fullscreen mActivityType=undefined mAlwaysOnTop=undefined mRotation=ROTATION_0} s.2} for displayId=0
05-08 12:52:34.187   473   473 D SystemServerTiming: MakeDisplayReady took to complete: 55ms
05-08 12:52:34.187   473   473 I SystemServer: StartStorageManagerService
05-08 12:52:34.188   473   473 I SystemServiceManager: Starting com.android.server.StorageManagerService$Lifecycle
05-08 12:52:34.198   473   561 D StorageManagerService: Thinking about init, mBootCompleted=false, mDaemonConnected=true
05-08 12:52:34.198   473   561 D StorageManagerService: Thinking about reset, mBootCompleted=false, mDaemonConnected=true
05-08 12:52:34.200   473   473 D SystemServerTiming: StartStorageManagerService took to complete: 12ms
05-08 12:52:34.200   473   473 I SystemServer: StartStorageStatsService
05-08 12:52:34.200   473   473 I SystemServiceManager: Starting com.android.server.usage.StorageStatsService$Lifecycle
05-08 12:52:34.207   473   495 I ActivityTaskManager: Config changes=20000408 {1.0 ?mcc?mnc [en_US] ldltr sw516dp w516dp h754dp 248dpi lrg port ?uimode ?night finger -keyb/v/h -nav/h winConfig={ mBounds=Rect(0, 0 - 800, 1280) mAppBounds=Rect(0, 0 - 800, 1206) mWindowingMode=fullscreen mDisplayWindowingMode=fullscreen mActivityType=undefined mAlwaysOnTop=undefined mRotation=ROTATION_0} s.4}
05-08 12:52:34.209   473   473 D SystemServerTiming: StartStorageStatsService took to complete: 9ms
05-08 12:52:34.209   473   473 I SystemServer: StartUiModeManager
05-08 12:52:34.210   473   473 I SystemServiceManager: Starting com.android.server.UiModeManagerService
05-08 12:52:34.216   473   562 D SystemServerInitThreadPool: Started executing UiModeManager.onStart
05-08 12:52:34.218   473   473 D SystemServerTiming: StartUiModeManager took to complete: 9ms
05-08 12:52:34.219   473   473 I SystemServer: UpdatePackagesIfNeeded
05-08 12:52:34.219   473   473 I Watchdog: Pausing HandlerChecker: main thread for reason: dexopt. Pause count: 1
05-08 12:52:34.219   473   473 I Watchdog: Resuming HandlerChecker: main thread for reason: dexopt. Pause count: 0
05-08 12:52:34.219   473   473 D SystemServerTiming: UpdatePackagesIfNeeded took to complete: 0ms
05-08 12:52:34.219   473   473 I SystemServer: PerformFstrimIfNeeded
05-08 12:52:34.220   473   473 D SystemServerTiming: PerformFstrimIfNeeded took to complete: 1ms
05-08 12:52:34.220   473   473 I SystemServer: StartLockSettingsService
05-08 12:52:34.221   473   473 I SystemServiceManager: Starting com.android.server.locksettings.LockSettingsService$Lifecycle
05-08 12:52:34.231   473   495 I ActivityTaskManager: Override config changes=20000408 {1.0 ?mcc?mnc [en_US] ldltr sw516dp w516dp h754dp 248dpi lrg port ?uimode ?night finger -keyb/v/h -nav/h winConfig={ mBounds=Rect(0, 0 - 800, 1280) mAppBounds=Rect(0, 0 - 800, 1206) mWindowingMode=fullscreen mDisplayWindowingMode=fullscreen mActivityType=undefined mAlwaysOnTop=undefined mRotation=ROTATION_0} s.4} for displayId=0
05-08 12:52:34.237   473   562 I ActivityTaskManager: Config changes=200 {1.0 ?mcc?mnc [en_US] ldltr sw516dp w516dp h754dp 248dpi lrg port night finger -keyb/v/h -nav/h winConfig={ mBounds=Rect(0, 0 - 800, 1280) mAppBounds=Rect(0, 0 - 800, 1206) mWindowingMode=fullscreen mDisplayWindowingMode=fullscreen mActivityType=undefined mAlwaysOnTop=undefined mRotation=ROTATION_0} s.6}
05-08 12:52:34.261   473   562 I ActivityTaskManager: Override config changes=200 {1.0 ?mcc?mnc [en_US] ldltr sw516dp w516dp h754dp 248dpi lrg port night finger -keyb/v/h -nav/h winConfig={ mBounds=Rect(0, 0 - 800, 1280) mAppBounds=Rect(0, 0 - 800, 1206) mWindowingMode=fullscreen mDisplayWindowingMode=fullscreen mActivityType=undefined mAlwaysOnTop=undefined mRotation=ROTATION_0} s.6} for displayId=0
05-08 12:52:34.263   473   562 D SystemServerInitThreadPool: Finished executing UiModeManager.onStart
05-08 12:52:34.315   473   473 W SystemServiceManager: Service com.android.server.locksettings.LockSettingsService$Lifecycle took 94 ms in onStart
05-08 12:52:34.316   473   473 D SystemServerTiming: StartLockSettingsService took to complete: 96ms
05-08 12:52:34.316   473   473 I SystemServer: StartTestHarnessMode
05-08 12:52:34.316   473   473 I SystemServiceManager: Starting com.android.server.testharness.TestHarnessModeService
05-08 12:52:34.317   473   473 D SystemServerTiming: StartTestHarnessMode took to complete: 1ms
05-08 12:52:34.320   473   473 I OemLock : OemLock HAL not present on device
05-08 12:52:34.320   473   473 I SystemServer: StartDeviceIdleController
05-08 12:52:34.320   473   473 I SystemServiceManager: Starting com.android.server.DeviceIdleController
05-08 12:52:34.326   473   473 D SystemServerTiming: StartDeviceIdleController took to complete: 6ms
05-08 12:52:34.326   473   473 I SystemServer: StartDevicePolicyManager
05-08 12:52:34.326   473   473 I SystemServiceManager: Starting com.android.server.devicepolicy.DevicePolicyManagerService$Lifecycle
05-08 12:52:34.340   473   473 D SystemServerTiming: StartDevicePolicyManager took to complete: 14ms
